12-21 14:46:54.832  1020  1372 D KLog_Odometry_Delta_Theta: Imu Delta Theta: -3.954794218774538E-5 Wheel Delta Theta: 0.0
12-21 14:46:54.833  1020  1372 D KLog_Odometry_Delta_Theta: Checking IMU delta theta -3.954794218774538E-5 wheel delta theta 0.0
12-21 14:46:54.833  1020  1372 D KLog_Odometry_IMU_Unhealthy: IMUPhantom IMU delta theta -3.954794218774538E-5 wheel delta theta 0.0
12-21 14:46:54.833  1020  1372 D KLog_Odometry_IMU_Health: Fallback Raw IMU -3.954794218774538E-5 wheel 0.0
12-21 14:46:54.833  1020  1372 D KLog_Odometry_IMU_Position: x=-1367.53 (-53.84 in), y=-690.01 (-27.17 in), theta=-1.9795 (-113.4 deg) UnhealthyCounter 3385
12-21 14:46:54.834  1020  1372 D KLog_Odometry_Wheel_Position: x=-1404.48 (-55.29 in), y=-702.89 (-27.67 in), theta=-2.0218 (-115.8 deg) UnhealthyCounter 3385
12-21 14:46:54.834  1020  1372 D KLog_OdometryLogger_Line: 1766357214834,-2558,-17938,-34956,-190.5590239556,-1336.2970178715998,-2604.0583429992,-1.990782556496736,-1404.4807774347335,-702.8941832876169,-2.0218027017086615,0.0,-1367.531205627656,-690.0116913273247,-1.9794713935952803,0.0,3385
12-21 14:46:54.834  1020  1372 D KLog_OdometryLogger: Buffered line 10047
12-21 14:46:54.834  1020  1372 D KLog_ExecutorService_Run: Thread is running. OpMode.isActive: true
12-21 14:46:54.834  1020  1372 D KLog_ExecutorService_Run: OpModeIsActive. Running
12-21 14:46:54.837  1020  1372 D KLog_Odometry_Encoder: right encoder -34956
12-21 14:46:54.839  1020  1371 D KLog_AngVel_withinRange: Within RANGE - motor position 571.00, target ticks 570.62
12-21 14:46:54.840  1020  1371 D KLog_ActionLifecycle: [unnamed] STARTED
12-21 14:46:54.840  1020  1371 D KLog_AngVel: Robot: (-1367.5, -690.0) mm, Heading: -1.979 rad (-113.4 deg)
12-21 14:46:54.840  1020  1371 D KLog_AngVel: Target: (3357.0, 1350.0) mm
12-21 14:46:54.840  1020  1372 D KLog_Odometry_Encoder: left encoder -17938
12-21 14:46:54.840  1020  1371 D KLog_AngVel: Delta: (4724.5, 2040.0) mm, Distance: 5146.1 mm, Angle: 0.408 rad (23.4 deg)
12-21 14:46:54.841  1020  1371 D KLog_AngVel: Angle Error: 2.387 rad (136.8 deg) = angleToGoal(0.408) - robotHeading(-1.979)
12-21 14:46:54.841  1020  1371 D KLog_AngVel: ΔAngle: 0.0000 rad, ΔTime: 13.8 ms, Velocity: 0.000 rad/ms (0.000 rad/s)
12-21 14:46:54.841  1020  1371 D KLog_AngVel: Angular Velocity: 0.000 rad/ms, Angle Error: 2.387 rad (136.8 deg)
12-21 14:46:54.842  1020  1372 D KLog_Odometry_Encoder: back encoder -2558
12-21 14:46:54.844  1020  1371 D KLog_turret_angle_target: target point Point{x=3357.0, y=1350.0}
12-21 14:46:54.844  1020  1371 D KLog_turret_angle: total turret angle 2.387080281076592 total turret angle wrap 2.387080281076592
12-21 14:46:54.844  1020  1371 D KLog_TurretAutoAlignLimelight_Odometry_Calc: targetTicks 570.6154621433944
12-21 14:46:54.844  1020  1371 D KLog_TurretAutoAlignLimelight: Limelight angle0.0
12-21 14:46:54.850  1020  1372 D KLog_Odometry_IMU_Heading: Heading (rad): -1.990782556496736 (deg): -114.06343841552734
12-21 14:46:54.850  1020  1372 D KLog_Odometry_IMU_Prev_Heading: PrevHeading (rad): -1.990782556496736 (deg): -114.06343841552734
12-21 14:46:54.850  1020  1372 D KLog_Odometry_Delta_Theta: Raw IMU Current Heading-1.990782556496736 Prev IMU Heading -1.990782556496736
12-21 14:46:54.850  1020  1372 D KLog_Odometry_Delta_Theta: Imu Delta Theta: 0.0 Wheel Delta Theta: 0.0
12-21 14:46:54.850  1020  1372 D KLog_Odometry_Delta_Theta: Checking IMU delta theta 0.0 wheel delta theta 0.0
12-21 14:46:54.851  1020  1372 D KLog_Odometry_IMU_Health: Healthy Raw IMU 0.0 wheel 0.0
12-21 14:46:54.851  1020  1372 D KLog_Odometry_IMU_Position: x=-1367.53 (-53.84 in), y=-690.01 (-27.17 in), theta=-1.9795 (-113.4 deg) UnhealthyCounter 3385
12-21 14:46:54.851  1020  1372 D KLog_Odometry_Wheel_Position: x=-1404.48 (-55.29 in), y=-702.89 (-27.67 in), theta=-2.0218 (-115.8 deg) UnhealthyCounter 3385
12-21 14:46:54.852  1020  1372 D KLog_OdometryLogger_Line: 1766357214851,-2558,-17938,-34956,-190.5590239556,-1336.2970178715998,-2604.0583429992,-1.990782556496736,-1404.4807774347335,-702.8941832876169,-2.0218027017086615,0.0,-1367.531205627656,-690.0116913273247,-1.9794713935952803,0.0,3385
12-21 14:46:54.852  1020  1372 D KLog_OdometryLogger: Buffered line 10048
12-21 14:46:54.852  1020  1372 D KLog_ExecutorService_Run: Thread is running. OpMode.isActive: true
12-21 14:46:54.852  1020  1372 D KLog_ExecutorService_Run: OpModeIsActive. Running
12-21 14:46:54.854  1020  1372 D KLog_Odometry_Encoder: right encoder -34956
12-21 14:46:54.857  1020  1371 D KLog_AngVel_withinRange: Within RANGE - motor position 571.00, target ticks 570.62
12-21 14:46:54.857  1020  1371 D KLog_TeleOp_Turret: Turret Power0.0
12-21 14:46:54.858  1020  1371 D KLog_ActionLifecycle: [unnamed] STARTED
12-21 14:46:54.858  1020  1372 D KLog_Odometry_Encoder: left encoder -17938
12-21 14:46:54.863  1020  1372 D KLog_Odometry_Encoder: back encoder -2558
12-21 14:46:54.868  1020  1371 D KLog_ActionSet: [unnamed] Executing action: [ReleaseBraking]
12-21 14:46:54.868  1020  1371 D KLog_ActionLifecycle: [ReleaseBraking] STARTED
12-21 14:46:54.870  1020  1372 D KLog_Odometry_IMU_Heading: Heading (rad): -1.990782556496736 (deg): -114.06343841552734
12-21 14:46:54.870  1020  1372 D KLog_Odometry_IMU_Prev_Heading: PrevHeading (rad): -1.990782556496736 (deg): -114.06343841552734
12-21 14:46:54.871  1020  1372 D KLog_Odometry_Delta_Theta: Raw IMU Current Heading-1.990782556496736 Prev IMU Heading -1.990782556496736
12-21 14:46:54.871  1020  1372 D KLog_Odometry_Delta_Theta: Imu Delta Theta: 0.0 Wheel Delta Theta: 0.0
12-21 14:46:54.871  1020  1372 D KLog_Odometry_Delta_Theta: Checking IMU delta theta 0.0 wheel delta theta 0.0
12-21 14:46:54.871  1020  1372 D KLog_Odometry_IMU_Health: Healthy Raw IMU 0.0 wheel 0.0
12-21 14:46:54.871  1020  1372 D KLog_Odometry_IMU_Position: x=-1367.53 (-53.84 in), y=-690.01 (-27.17 in), theta=-1.9795 (-113.4 deg) UnhealthyCounter 3385
12-21 14:46:54.872  1020  1372 D KLog_Odometry_Wheel_Position: x=-1404.48 (-55.29 in), y=-702.89 (-27.67 in), theta=-2.0218 (-115.8 deg) UnhealthyCounter 3385
12-21 14:46:54.872  1020  1372 D KLog_OdometryLogger_Line: 1766357214872,-2558,-17938,-34956,-190.5590239556,-1336.2970178715998,-2604.0583429992,-1.990782556496736,-1404.4807774347335,-702.8941832876169,-2.0218027017086615,0.0,-1367.531205627656,-690.0116913273247,-1.9794713935952803,0.0,3385
12-21 14:46:54.872  1020  1372 D KLog_OdometryLogger: Buffered line 10049
12-21 14:46:54.873  1020  1372 D KLog_ExecutorService_Run: Thread is running. OpMode.isActive: true
12-21 14:46:54.873  1020  1372 D KLog_ExecutorService_Run: OpModeIsActive. Running
12-21 14:46:54.875  1020  1371 D KLog_ActionSet: [unnamed] Status: 1 total, 0 completed, 1 executed, 0 blocked
12-21 14:46:54.875  1020  1371 D Odometry: Position: x=-1367.53 (-53.84 in), y=-690.01 (-27.17 in), theta=-1.9795 (-113.4 deg)
12-21 14:46:54.876  1020  1371 D KLog_KGamePad_Toggle: Toggle X: false
12-21 14:46:54.876  1020  1371 D KLog_KGamePad_Toggle: Toggle Back: false
12-21 14:46:54.877  1020  1372 D KLog_Odometry_Encoder: right encoder -34956
12-21 14:46:54.884  1020  1372 D KLog_Odometry_Encoder: left encoder -17938
12-21 14:46:54.889  1020  1371 D KLog_ActionLifecycle: [unnamed] STARTED
12-21 14:46:54.889  1020  1371 D KLog_ActionLifecycle: [unnamed] STARTED
12-21 14:46:54.890  1020  1371 D KLog_AngVel: Robot: (-1367.5, -690.0) mm, Heading: -1.979 rad (-113.4 deg)
12-21 14:46:54.890  1020  1371 D KLog_AngVel: Target: (3357.0, 1350.0) mm
12-21 14:46:54.890  1020  1371 D KLog_AngVel: Delta: (4724.5, 2040.0) mm, Distance: 5146.1 mm, Angle: 0.408 rad (23.4 deg)
12-21 14:46:54.891  1020  1371 D KLog_AngVel: Angle Error: 2.387 rad (136.8 deg) = angleToGoal(0.408) - robotHeading(-1.979)
12-21 14:46:54.891  1020  1372 D KLog_Odometry_Encoder: back encoder -2558
12-21 14:46:54.891  1020  1371 D KLog_AngVel: ΔAngle: 0.0000 rad, ΔTime: 49.6 ms, Velocity: 0.000 rad/ms (0.000 rad/s)
12-21 14:46:54.891  1020  1371 D KLog_AngVel: Angular Velocity: 0.000 rad/ms, Angle Error: 2.387 rad (136.8 deg)
12-21 14:46:54.894  1020  1371 D KLog_turret_angle_target: target point Point{x=3357.0, y=1350.0}
12-21 14:46:54.894  1020  1371 D KLog_turret_angle: total turret angle 2.387080281076592 total turret angle wrap 2.387080281076592
12-21 14:46:54.894  1020  1371 D KLog_TurretAutoAlignLimelight_Odometry_Calc: targetTicks 570.6154621433944
12-21 14:46:54.894  1020  1371 D KLog_TurretAutoAlignLimelight: Limelight angle0.0
12-21 14:46:54.900  1020  1372 D KLog_Odometry_IMU_Heading: Heading (rad): -1.9907430085545483 (deg): -114.06117248535155
12-21 14:46:54.900  1020  1372 D KLog_Odometry_IMU_Prev_Heading: PrevHeading (rad): -1.990782556496736 (deg): -114.06343841552734
12-21 14:46:54.900  1020  1372 D KLog_Odometry_Delta_Theta: Raw IMU Current Heading-1.9907430085545483 Prev IMU Heading -1.990782556496736
12-21 14:46:54.900  1020  1372 D KLog_Odometry_Delta_Theta: Imu Delta Theta: 3.954794218774538E-5 Wheel Delta Theta: 0.0
12-21 14:46:54.900  1020  1372 D KLog_Odometry_Delta_Theta: Checking IMU delta theta 3.954794218774538E-5 wheel delta theta 0.0
12-21 14:46:54.900  1020  1372 D KLog_Odometry_IMU_Unhealthy: IMUPhantom IMU delta theta 3.954794218774538E-5 wheel delta theta 0.0
12-21 14:46:54.900  1020  1372 D KLog_Odometry_IMU_Health: Fallback Raw IMU 3.954794218774538E-5 wheel 0.0
12-21 14:46:54.901  1020  1372 D KLog_Odometry_IMU_Position: x=-1367.53 (-53.84 in), y=-690.01 (-27.17 in), theta=-1.9795 (-113.4 deg) UnhealthyCounter 3386
12-21 14:46:54.901  1020  1372 D KLog_Odometry_Wheel_Position: x=-1404.48 (-55.29 in), y=-702.89 (-27.67 in), theta=-2.0218 (-115.8 deg) UnhealthyCounter 3386
12-21 14:46:54.902  1020  1372 D KLog_OdometryLogger_Line: 1766357214901,-2558,-17938,-34956,-190.5590239556,-1336.2970178715998,-2604.0583429992,-1.9907430085545483,-1404.4807774347335,-702.8941832876169,-2.0218027017086615,0.0,-1367.531205627656,-690.0116913273247,-1.9794713935952803,0.0,3386
12-21 14:46:54.902  1020  1372 D KLog_OdometryLogger: Buffered line 10050
12-21 14:46:54.902  1020  1372 D KLog_ExecutorService_Run: Thread is running. OpMode.isActive: true
12-21 14:46:54.902  1020  1372 D KLog_ExecutorService_Run: OpModeIsActive. Running
12-21 14:46:54.906  1020  1372 D KLog_Odometry_Encoder: right encoder -34956
12-21 14:46:54.909  1020  1372 D KLog_Odometry_Encoder: left encoder -17938
12-21 14:46:54.912  1020  1371 D KLog_AngVel_withinRange: Within RANGE - motor position 571.00, target ticks 570.62
12-21 14:46:54.913  1020  1371 D KLog_ActionLifecycle: [unnamed] STARTED
12-21 14:46:54.913  1020  1371 D KLog_AngVel: Robot: (-1367.5, -690.0) mm, Heading: -1.979 rad (-113.4 deg)
12-21 14:46:54.913  1020  1371 D KLog_AngVel: Target: (3357.0, 1350.0) mm
12-21 14:46:54.913  1020  1371 D KLog_AngVel: Delta: (4724.5, 2040.0) mm, Distance: 5146.1 mm, Angle: 0.408 rad (23.4 deg)
12-21 14:46:54.914  1020  1372 D KLog_Odometry_Encoder: back encoder -2558
12-21 14:46:54.914  1020  1371 D KLog_AngVel: Angle Error: 2.387 rad (136.8 deg) = angleToGoal(0.408) - robotHeading(-1.979)
12-21 14:46:54.914  1020  1371 D KLog_AngVel: ΔAngle: 0.0000 rad, ΔTime: 22.9 ms, Velocity: 0.000 rad/ms (0.000 rad/s)
12-21 14:46:54.914  1020  1371 D KLog_AngVel: Angular Velocity: 0.000 rad/ms, Angle Error: 2.387 rad (136.8 deg)
12-21 14:46:54.919  1020  1371 D KLog_turret_angle_target: target point Point{x=3357.0, y=1350.0}
12-21 14:46:54.919  1020  1371 D KLog_turret_angle: total turret angle 2.387080281076592 total turret angle wrap 2.387080281076592
12-21 14:46:54.919  1020  1371 D KLog_TurretAutoAlignLimelight_Odometry_Calc: targetTicks 570.6154621433944
12-21 14:46:54.919  1020  1371 D KLog_TurretAutoAlignLimelight: Limelight angle0.0
12-21 14:46:54.922  1020  1372 D KLog_Odometry_IMU_Heading: Heading (rad): -1.990782556496736 (deg): -114.06343841552734
12-21 14:46:54.922  1020  1372 D KLog_Odometry_IMU_Prev_Heading: PrevHeading (rad): -1.9907430085545483 (deg): -114.06117248535155
12-21 14:46:54.922  1020  1372 D KLog_Odometry_Delta_Theta: Raw IMU Current Heading-1.990782556496736 Prev IMU Heading -1.9907430085545483
12-21 14:46:54.922  1020  1372 D KLog_Odometry_Delta_Theta: Imu Delta Theta: -3.954794218774538E-5 Wheel Delta Theta: 0.0
12-21 14:46:54.922  1020  1372 D KLog_Odometry_Delta_Theta: Checking IMU delta theta -3.954794218774538E-5 wheel delta theta 0.0
12-21 14:46:54.922  1020  1372 D KLog_Odometry_IMU_Unhealthy: IMUPhantom IMU delta theta -3.954794218774538E-5 wheel delta theta 0.0
12-21 14:46:54.923  1020  1372 D KLog_Odometry_IMU_Health: Fallback Raw IMU -3.954794218774538E-5 wheel 0.0
12-21 14:46:54.923  1020  1372 D KLog_Odometry_IMU_Position: x=-1367.53 (-53.84 in), y=-690.01 (-27.17 in), theta=-1.9795 (-113.4 deg) UnhealthyCounter 3387
12-21 14:46:54.924  1020  1372 D KLog_Odometry_Wheel_Position: x=-1404.48 (-55.29 in), y=-702.89 (-27.67 in), theta=-2.0218 (-115.8 deg) UnhealthyCounter 3387
12-21 14:46:54.924  1020  1372 D KLog_OdometryLogger_Line: 1766357214924,-2558,-17938,-34956,-190.5590239556,-1336.2970178715998,-2604.0583429992,-1.990782556496736,-1404.4807774347335,-702.8941832876169,-2.0218027017086615,0.0,-1367.531205627656,-690.0116913273247,-1.9794713935952803,0.0,3387
12-21 14:46:54.924  1020  1372 D KLog_OdometryLogger: Buffered line 10051
12-21 14:46:54.924  1020  1372 D KLog_ExecutorService_Run: Thread is running. OpMode.isActive: true
12-21 14:46:54.925  1020  1372 D KLog_ExecutorService_Run: OpModeIsActive. Running
12-21 14:46:54.928  1020  1372 D KLog_Odometry_Encoder: right encoder -34956
12-21 14:46:54.931  1020  1371 D KLog_AngVel_withinRange: Within RANGE - motor position 571.00, target ticks 570.62
12-21 14:46:54.931  1020  1371 D KLog_TeleOp_Turret: Turret Power0.0
12-21 14:46:54.932  1020  1372 D KLog_Odometry_Encoder: left encoder -17938
12-21 14:46:54.934  1020  1371 D KLog_ActionLifecycle: [unnamed] STARTED
12-21 14:46:54.934  1020  1371 D KLog_ActionSet: [unnamed] Executing action: [ReleaseBraking]
12-21 14:46:54.934  1020  1371 D KLog_ActionLifecycle: [ReleaseBraking] STARTED
12-21 14:46:54.935  1020  1372 D KLog_Odometry_Encoder: back encoder -2558
12-21 14:46:54.944  1020  1372 D KLog_Odometry_IMU_Heading: Heading (rad): -1.990782556496736 (deg): -114.06343841552734
12-21 14:46:54.944  1020  1372 D KLog_Odometry_IMU_Prev_Heading: PrevHeading (rad): -1.990782556496736 (deg): -114.06343841552734
12-21 14:46:54.944  1020  1372 D KLog_Odometry_Delta_Theta: Raw IMU Current Heading-1.990782556496736 Prev IMU Heading -1.990782556496736
12-21 14:46:54.944  1020  1372 D KLog_Odometry_Delta_Theta: Imu Delta Theta: 0.0 Wheel Delta Theta: 0.0
12-21 14:46:54.944  1020  1372 D KLog_Odometry_Delta_Theta: Checking IMU delta theta 0.0 wheel delta theta 0.0
12-21 14:46:54.944  1020  1372 D KLog_Odometry_IMU_Health: Healthy Raw IMU 0.0 wheel 0.0
12-21 14:46:54.945  1020  1372 D KLog_Odometry_IMU_Position: x=-1367.53 (-53.84 in), y=-690.01 (-27.17 in), theta=-1.9795 (-113.4 deg) UnhealthyCounter 3387
12-21 14:46:54.945  1020  1372 D KLog_Odometry_Wheel_Position: x=-1404.48 (-55.29 in), y=-702.89 (-27.67 in), theta=-2.0218 (-115.8 deg) UnhealthyCounter 3387
12-21 14:46:54.945  1020  1372 D KLog_OdometryLogger_Line: 1766357214945,-2558,-17938,-34956,-190.5590239556,-1336.2970178715998,-2604.0583429992,-1.990782556496736,-1404.4807774347335,-702.8941832876169,-2.0218027017086615,0.0,-1367.531205627656,-690.0116913273247,-1.9794713935952803,0.0,3387
12-21 14:46:54.945  1020  1372 D KLog_OdometryLogger: Buffered line 10052
12-21 14:46:54.947  1020  1372 D KLog_ExecutorService_Run: Thread is running. OpMode.isActive: true
12-21 14:46:54.947  1020  1372 D KLog_ExecutorService_Run: OpModeIsActive. Running
12-21 14:46:54.948  1020  1371 D KLog_ActionSet: [unnamed] Status: 1 total, 0 completed, 1 executed, 0 blocked
12-21 14:46:54.948  1020  1371 D Odometry: Position: x=-1367.53 (-53.84 in), y=-690.01 (-27.17 in), theta=-1.9795 (-113.4 deg)
12-21 14:46:54.949  1020  1371 D KLog_KGamePad_Toggle: Toggle X: false
12-21 14:46:54.949  1020  1371 D KLog_KGamePad_Toggle: Toggle Back: false
12-21 14:46:54.951  1020  1372 D KLog_Odometry_Encoder: right encoder -34956
12-21 14:46:54.953  1020  1372 D KLog_Odometry_Encoder: left encoder -17938
12-21 14:46:54.954  1020  1372 D KLog_Odometry_Encoder: back encoder -2558
12-21 14:46:54.963  1020  1371 D KLog_ActionLifecycle: [unnamed] STARTED
12-21 14:46:54.964  1020  1371 D KLog_ActionLifecycle: [unnamed] STARTED
12-21 14:46:54.964  1020  1371 D KLog_AngVel: Robot: (-1367.5, -690.0) mm, Heading: -1.979 rad (-113.4 deg)
12-21 14:46:54.964  1020  1371 D KLog_AngVel: Target: (3357.0, 1350.0) mm
12-21 14:46:54.965  1020  1371 D KLog_AngVel: Delta: (4724.5, 2040.0) mm, Distance: 5146.1 mm, Angle: 0.408 rad (23.4 deg)
12-21 14:46:54.965  1020  1371 D KLog_AngVel: Angle Error: 2.387 rad (136.8 deg) = angleToGoal(0.408) - robotHeading(-1.979)
12-21 14:46:54.965  1020  1371 D KLog_AngVel: ΔAngle: 0.0000 rad, ΔTime: 50.9 ms, Velocity: 0.000 rad/ms (0.000 rad/s)
12-21 14:46:54.965  1020  1371 D KLog_AngVel: Angular Velocity: 0.000 rad/ms, Angle Error: 2.387 rad (136.8 deg)
12-21 14:46:54.966  1020  1372 D KLog_Odometry_IMU_Heading: Heading (rad): -1.990782556496736 (deg): -114.06343841552734
12-21 14:46:54.966  1020  1372 D KLog_Odometry_IMU_Prev_Heading: PrevHeading (rad): -1.990782556496736 (deg): -114.06343841552734
12-21 14:46:54.966  1020  1372 D KLog_Odometry_Delta_Theta: Raw IMU Current Heading-1.990782556496736 Prev IMU Heading -1.990782556496736
12-21 14:46:54.966  1020  1372 D KLog_Odometry_Delta_Theta: Imu Delta Theta: 0.0 Wheel Delta Theta: 0.0
12-21 14:46:54.966  1020  1372 D KLog_Odometry_Delta_Theta: Checking IMU delta theta 0.0 wheel delta theta 0.0
12-21 14:46:54.966  1020  1372 D KLog_Odometry_IMU_Health: Healthy Raw IMU 0.0 wheel 0.0
12-21 14:46:54.967  1020  1372 D KLog_Odometry_IMU_Position: x=-1367.53 (-53.84 in), y=-690.01 (-27.17 in), theta=-1.9795 (-113.4 deg) UnhealthyCounter 3387
12-21 14:46:54.967  1020  1372 D KLog_Odometry_Wheel_Position: x=-1404.48 (-55.29 in), y=-702.89 (-27.67 in), theta=-2.0218 (-115.8 deg) UnhealthyCounter 3387
12-21 14:46:54.967  1020  1372 D KLog_OdometryLogger_Line: 1766357214967,-2558,-17938,-34956,-190.5590239556,-1336.2970178715998,-2604.0583429992,-1.990782556496736,-1404.4807774347335,-702.8941832876169,-2.0218027017086615,0.0,-1367.531205627656,-690.0116913273247,-1.9794713935952803,0.0,3387
12-21 14:46:54.967  1020  1372 D KLog_OdometryLogger: Buffered line 10053
12-21 14:46:54.968  1020  1372 D KLog_ExecutorService_Run: Thread is running. OpMode.isActive: true
12-21 14:46:54.968  1020  1372 D KLog_ExecutorService_Run: OpModeIsActive. Running
12-21 14:46:54.969  1020  1371 D KLog_turret_angle_target: target point Point{x=3357.0, y=1350.0}
12-21 14:46:54.970  1020  1371 D KLog_turret_angle: total turret angle 2.387080281076592 total turret angle wrap 2.387080281076592
12-21 14:46:54.970  1020  1371 D KLog_TurretAutoAlignLimelight_Odometry_Calc: targetTicks 570.6154621433944
12-21 14:46:54.970  1020  1371 D KLog_TurretAutoAlignLimelight: Limelight angle0.0
12-21 14:46:54.971  1020  1372 D KLog_Odometry_Encoder: right encoder -34956
12-21 14:46:54.975  1020  1372 D KLog_Odometry_Encoder: left encoder -17938
12-21 14:46:54.979  1020  1372 D KLog_Odometry_Encoder: back encoder -2558
12-21 14:46:54.982  1020  1371 D KLog_AngVel_withinRange: Within RANGE - motor position 571.00, target ticks 570.62
12-21 14:46:54.982  1020  1371 D KLog_ActionLifecycle: [unnamed] STARTED
12-21 14:46:54.983  1020  1371 D KLog_AngVel: Robot: (-1367.5, -690.0) mm, Heading: -1.979 rad (-113.4 deg)
12-21 14:46:54.983  1020  1371 D KLog_AngVel: Target: (3357.0, 1350.0) mm
12-21 14:46:54.983  1020  1371 D KLog_AngVel: Delta: (4724.5, 2040.0) mm, Distance: 5146.1 mm, Angle: 0.408 rad (23.4 deg)
12-21 14:46:54.983  1020  1371 D KLog_AngVel: Angle Error: 2.387 rad (136.8 deg) = angleToGoal(0.408) - robotHeading(-1.979)
12-21 14:46:54.984  1020  1371 D KLog_AngVel: ΔAngle: 0.0000 rad, ΔTime: 18.3 ms, Velocity: 0.000 rad/ms (0.000 rad/s)
12-21 14:46:54.984  1020  1371 D KLog_AngVel: Angular Velocity: 0.000 rad/ms, Angle Error: 2.387 rad (136.8 deg)
12-21 14:46:54.986  1020  1372 D KLog_Odometry_IMU_Heading: Heading (rad): -1.990782556496736 (deg): -114.06343841552734
12-21 14:46:54.986  1020  1372 D KLog_Odometry_IMU_Prev_Heading: PrevHeading (rad): -1.990782556496736 (deg): -114.06343841552734
12-21 14:46:54.986  1020  1372 D KLog_Odometry_Delta_Theta: Raw IMU Current Heading-1.990782556496736 Prev IMU Heading -1.990782556496736
12-21 14:46:54.986  1020  1372 D KLog_Odometry_Delta_Theta: Imu Delta Theta: 0.0 Wheel Delta Theta: 0.0
12-21 14:46:54.986  1020  1372 D KLog_Odometry_Delta_Theta: Checking IMU delta theta 0.0 wheel delta theta 0.0
12-21 14:46:54.986  1020  1372 D KLog_Odometry_IMU_Health: Healthy Raw IMU 0.0 wheel 0.0
12-21 14:46:54.987  1020  1372 D KLog_Odometry_IMU_Position: x=-1367.53 (-53.84 in), y=-690.01 (-27.17 in), theta=-1.9795 (-113.4 deg) UnhealthyCounter 3387
12-21 14:46:54.987  1020  1372 D KLog_Odometry_Wheel_Position: x=-1404.48 (-55.29 in), y=-702.89 (-27.67 in), theta=-2.0218 (-115.8 deg) UnhealthyCounter 3387
12-21 14:46:54.987  1020  1371 D KLog_turret_angle_target: target point Point{x=3357.0, y=1350.0}
12-21 14:46:54.988  1020  1371 D KLog_turret_angle: total turret angle 2.387080281076592 total turret angle wrap 2.387080281076592
12-21 14:46:54.988  1020  1372 D KLog_OdometryLogger_Line: 1766357214987,-2558,-17938,-34956,-190.5590239556,-1336.2970178715998,-2604.0583429992,-1.990782556496736,-1404.4807774347335,-702.8941832876169,-2.0218027017086615,0.0,-1367.531205627656,-690.0116913273247,-1.9794713935952803,0.0,3387
12-21 14:46:54.988  1020  1371 D KLog_TurretAutoAlignLimelight_Odometry_Calc: targetTicks 570.6154621433944
12-21 14:46:54.988  1020  1372 D KLog_OdometryLogger: Buffered line 10054
12-21 14:46:54.988  1020  1371 D KLog_TurretAutoAlignLimelight: Limelight angle0.0
12-21 14:46:54.988  1020  1372 D KLog_ExecutorService_Run: Thread is running. OpMode.isActive: true
12-21 14:46:54.988  1020  1372 D KLog_ExecutorService_Run: OpModeIsActive. Running
12-21 14:46:54.995  1020  1372 D KLog_Odometry_Encoder: right encoder -34956
12-21 14:46:55.000  1020  1372 D KLog_Odometry_Encoder: left encoder -17938
12-21 14:46:55.003  1020  1371 D KLog_AngVel_withinRange: Within RANGE - motor position 571.00, target ticks 570.62
12-21 14:46:55.003  1020  1371 D KLog_TeleOp_Turret: Turret Power0.0
12-21 14:46:55.003  1020  1371 D KLog_ActionLifecycle: [unnamed] STARTED
12-21 14:46:55.004  1020  1371 D KLog_ActionSet: [unnamed] Executing action: [ReleaseBraking]
12-21 14:46:55.004  1020  1371 D KLog_ActionLifecycle: [ReleaseBraking] STARTED
12-21 14:46:55.004  1020  1371 D KLog_ActionSet: [unnamed] Status: 1 total, 0 completed, 1 executed, 0 blocked
12-21 14:46:55.004  1020  1371 D Odometry: Position: x=-1367.53 (-53.84 in), y=-690.01 (-27.17 in), theta=-1.9795 (-113.4 deg)
12-21 14:46:55.005  1020  1371 D KLog_KGamePad_Toggle: Toggle X: false
12-21 14:46:55.005  1020  1371 D KLog_KGamePad_Toggle: Toggle Back: false
12-21 14:46:55.006  1020  1372 D KLog_Odometry_Encoder: back encoder -2558
12-21 14:46:55.013  1020  1371 D KLog_ActionLifecycle: [unnamed] STARTED
12-21 14:46:55.013  1020  1371 D KLog_ActionLifecycle: [unnamed] STARTED
12-21 14:46:55.014  1020  1371 D KLog_AngVel: Robot: (-1367.5, -690.0) mm, Heading: -1.979 rad (-113.4 deg)
12-21 14:46:55.014  1020  1371 D KLog_AngVel: Target: (3357.0, 1350.0) mm
12-21 14:46:55.014  1020  1371 D KLog_AngVel: Delta: (4724.5, 2040.0) mm, Distance: 5146.1 mm, Angle: 0.408 rad (23.4 deg)
12-21 14:46:55.014  1020  1371 D KLog_AngVel: Angle Error: 2.387 rad (136.8 deg) = angleToGoal(0.408) - robotHeading(-1.979)
12-21 14:46:55.015  1020  1371 D KLog_AngVel: ΔAngle: 0.0000 rad, ΔTime: 30.7 ms, Velocity: 0.000 rad/ms (0.000 rad/s)
12-21 14:46:55.015  1020  1371 D KLog_AngVel: Angular Velocity: 0.000 rad/ms, Angle Error: 2.387 rad (136.8 deg)
12-21 14:46:55.017  1020  1372 D KLog_Odometry_IMU_Heading: Heading (rad): -1.9907826896547904 (deg): -114.06344604492188
12-21 14:46:55.017  1020  1372 D KLog_Odometry_IMU_Prev_Heading: PrevHeading (rad): -1.990782556496736 (deg): -114.06343841552734
12-21 14:46:55.017  1020  1372 D KLog_Odometry_Delta_Theta: Raw IMU Current Heading-1.9907826896547904 Prev IMU Heading -1.990782556496736
12-21 14:46:55.017  1020  1372 D KLog_Odometry_Delta_Theta: Imu Delta Theta: -1.331580543606492E-7 Wheel Delta Theta: 0.0
12-21 14:46:55.017  1020  1372 D KLog_Odometry_Delta_Theta: Checking IMU delta theta -1.331580543606492E-7 wheel delta theta 0.0
12-21 14:46:55.018  1020  1372 D KLog_Odometry_IMU_Unhealthy: IMUPhantom IMU delta theta -1.331580543606492E-7 wheel delta theta 0.0
12-21 14:46:55.018  1020  1372 D KLog_Odometry_IMU_Health: Fallback Raw IMU -1.331580543606492E-7 wheel 0.0
12-21 14:46:55.018  1020  1372 D KLog_Odometry_IMU_Position: x=-1367.53 (-53.84 in), y=-690.01 (-27.17 in), theta=-1.9795 (-113.4 deg) UnhealthyCounter 3388
12-21 14:46:55.019  1020  1372 D KLog_Odometry_Wheel_Position: x=-1404.48 (-55.29 in), y=-702.89 (-27.67 in), theta=-2.0218 (-115.8 deg) UnhealthyCounter 3388
12-21 14:46:55.019  1020  1372 D KLog_OdometryLogger_Line: 1766357215019,-2558,-17938,-34956,-190.5590239556,-1336.2970178715998,-2604.0583429992,-1.9907826896547904,-1404.4807774347335,-702.8941832876169,-2.0218027017086615,0.0,-1367.531205627656,-690.0116913273247,-1.9794713935952803,0.0,3388
12-21 14:46:55.019  1020  1372 D KLog_OdometryLogger: Buffered line 10055
12-21 14:46:55.020  1020  1372 D KLog_ExecutorService_Run: Thread is running. OpMode.isActive: true
12-21 14:46:55.020  1020  1372 D KLog_ExecutorService_Run: OpModeIsActive. Running
12-21 14:46:55.024  1020  1371 D KLog_turret_angle_target: target point Point{x=3357.0, y=1350.0}
12-21 14:46:55.024  1020  1371 D KLog_turret_angle: total turret angle 2.387080281076592 total turret angle wrap 2.387080281076592
12-21 14:46:55.024  1020  1371 D KLog_TurretAutoAlignLimelight_Odometry_Calc: targetTicks 570.6154621433944
12-21 14:46:55.024  1020  1371 D KLog_TurretAutoAlignLimelight: Limelight angle0.0
12-21 14:46:55.029  1020  1372 D KLog_Odometry_Encoder: right encoder -34956
12-21 14:46:55.035  1020  1372 D KLog_Odometry_Encoder: left encoder -17938
12-21 14:46:55.042  1020  1372 D KLog_Odometry_Encoder: back encoder -2558
12-21 14:46:55.046  1020  1371 D KLog_AngVel_withinRange: Within RANGE - motor position 571.00, target ticks 570.62
12-21 14:46:55.047  1020  1371 D KLog_ActionLifecycle: [unnamed] STARTED
12-21 14:46:55.047  1020  1371 D KLog_AngVel: Robot: (-1367.5, -690.0) mm, Heading: -1.979 rad (-113.4 deg)
12-21 14:46:55.047  1020  1371 D KLog_AngVel: Target: (3357.0, 1350.0) mm
12-21 14:46:55.048  1020  1371 D KLog_AngVel: Delta: (4724.5, 2040.0) mm, Distance: 5146.1 mm, Angle: 0.408 rad (23.4 deg)
12-21 14:46:55.048  1020  1371 D KLog_AngVel: Angle Error: 2.387 rad (136.8 deg) = angleToGoal(0.408) - robotHeading(-1.979)
12-21 14:46:55.048  1020  1371 D KLog_AngVel: ΔAngle: 0.0000 rad, ΔTime: 33.3 ms, Velocity: 0.000 rad/ms (0.000 rad/s)
12-21 14:46:55.049  1020  1371 D KLog_AngVel: Angular Velocity: 0.000 rad/ms, Angle Error: 2.387 rad (136.8 deg)
12-21 14:46:55.051  1020  1372 D KLog_Odometry_IMU_Heading: Heading (rad): -1.990781224916191 (deg): -114.06336212158203
12-21 14:46:55.052  1020  1372 D KLog_Odometry_IMU_Prev_Heading: PrevHeading (rad): -1.9907826896547904 (deg): -114.06344604492188
12-21 14:46:55.052  1020  1372 D KLog_Odometry_Delta_Theta: Raw IMU Current Heading-1.990781224916191 Prev IMU Heading -1.9907826896547904
12-21 14:46:55.052  1020  1372 D KLog_Odometry_Delta_Theta: Imu Delta Theta: 1.4647385995214535E-6 Wheel Delta Theta: 0.0
12-21 14:46:55.053  1020  1372 D KLog_Odometry_Delta_Theta: Checking IMU delta theta 1.4647385995214535E-6 wheel delta theta 0.0
12-21 14:46:55.053  1020  1372 D KLog_Odometry_IMU_Unhealthy: IMUPhantom IMU delta theta 1.4647385995214535E-6 wheel delta theta 0.0
12-21 14:46:55.053  1020  1372 D KLog_Odometry_IMU_Health: Fallback Raw IMU 1.4647385995214535E-6 wheel 0.0
12-21 14:46:55.053  1020  1372 D KLog_Odometry_IMU_Position: x=-1367.53 (-53.84 in), y=-690.01 (-27.17 in), theta=-1.9795 (-113.4 deg) UnhealthyCounter 3389
12-21 14:46:55.053  1020  1372 D KLog_Odometry_Wheel_Position: x=-1404.48 (-55.29 in), y=-702.89 (-27.67 in), theta=-2.0218 (-115.8 deg) UnhealthyCounter 3389
12-21 14:46:55.054  1020  1372 D KLog_OdometryLogger_Line: 1766357215054,-2558,-17938,-34956,-190.5590239556,-1336.2970178715998,-2604.0583429992,-1.990781224916191,-1404.4807774347335,-702.8941832876169,-2.0218027017086615,0.0,-1367.531205627656,-690.0116913273247,-1.9794713935952803,0.0,3389
12-21 14:46:55.054  1020  1372 D KLog_OdometryLogger: Buffered line 10056
12-21 14:46:55.055  1020  1372 D KLog_ExecutorService_Run: Thread is running. OpMode.isActive: true
12-21 14:46:55.055  1020  1372 D KLog_ExecutorService_Run: OpModeIsActive. Running
12-21 14:46:55.056  1020  1371 D KLog_turret_angle_target: target point Point{x=3357.0, y=1350.0}
12-21 14:46:55.056  1020  1371 D KLog_turret_angle: total turret angle 2.387080281076592 total turret angle wrap 2.387080281076592
12-21 14:46:55.056  1020  1371 D KLog_TurretAutoAlignLimelight_Odometry_Calc: targetTicks 570.6154621433944
12-21 14:46:55.056  1020  1371 D KLog_TurretAutoAlignLimelight: Limelight angle0.0
12-21 14:46:55.058  1020  1372 D KLog_Odometry_Encoder: right encoder -34956
12-21 14:46:55.062  1020  1372 D KLog_Odometry_Encoder: left encoder -17938
12-21 14:46:55.066  1020  1372 D KLog_Odometry_Encoder: back encoder -2558
12-21 14:46:55.075  1020  1371 D KLog_AngVel_withinRange: Within RANGE - motor position 571.00, target ticks 570.62
12-21 14:46:55.075  1020  1371 D KLog_TeleOp_Turret: Turret Power0.0
12-21 14:46:55.075  1020  1371 D KLog_ActionLifecycle: [unnamed] STARTED
12-21 14:46:55.075  1020  1371 D KLog_ActionSet: [unnamed] Executing action: [ReleaseBraking]
12-21 14:46:55.075  1020  1371 D KLog_ActionLifecycle: [ReleaseBraking] STARTED
12-21 14:46:55.076  1020  1371 D KLog_ActionSet: [unnamed] Status: 1 total, 0 completed, 1 executed, 0 blocked
12-21 14:46:55.076  1020  1371 D Odometry: Position: x=-1367.53 (-53.84 in), y=-690.01 (-27.17 in), theta=-1.9795 (-113.4 deg)
12-21 14:46:55.077  1020  1372 D KLog_Odometry_IMU_Heading: Heading (rad): -1.990781224916191 (deg): -114.06336212158203
12-21 14:46:55.077  1020  1372 D KLog_Odometry_IMU_Prev_Heading: PrevHeading (rad): -1.990781224916191 (deg): -114.06336212158203
12-21 14:46:55.077  1020  1372 D KLog_Odometry_Delta_Theta: Raw IMU Current Heading-1.990781224916191 Prev IMU Heading -1.990781224916191
12-21 14:46:55.077  1020  1372 D KLog_Odometry_Delta_Theta: Imu Delta Theta: 0.0 Wheel Delta Theta: 0.0
12-21 14:46:55.077  1020  1372 D KLog_Odometry_Delta_Theta: Checking IMU delta theta 0.0 wheel delta theta 0.0
12-21 14:46:55.077  1020  1372 D KLog_Odometry_IMU_Health: Healthy Raw IMU 0.0 wheel 0.0
12-21 14:46:55.078  1020  1372 D KLog_Odometry_IMU_Position: x=-1367.53 (-53.84 in), y=-690.01 (-27.17 in), theta=-1.9795 (-113.4 deg) UnhealthyCounter 3389
12-21 14:46:55.078  1020  1371 D KLog_KGamePad_Toggle: Toggle X: false
12-21 14:46:55.078  1020  1371 D KLog_KGamePad_Toggle: Toggle Back: false
12-21 14:46:55.078  1020  1371 D KLog_ActionLifecycle: [unnamed] STARTED
12-21 14:46:55.078  1020  1372 D KLog_Odometry_Wheel_Position: x=-1404.48 (-55.29 in), y=-702.89 (-27.67 in), theta=-2.0218 (-115.8 deg) UnhealthyCounter 3389
12-21 14:46:55.078  1020  1372 D KLog_OdometryLogger_Line: 1766357215078,-2558,-17938,-34956,-190.5590239556,-1336.2970178715998,-2604.0583429992,-1.990781224916191,-1404.4807774347335,-702.8941832876169,-2.0218027017086615,0.0,-1367.531205627656,-690.0116913273247,-1.9794713935952803,0.0,3389
12-21 14:46:55.078  1020  1372 D KLog_OdometryLogger: Buffered line 10057
12-21 14:46:55.079  1020  1371 D KLog_ActionLifecycle: [unnamed] STARTED
12-21 14:46:55.079  1020  1371 D KLog_AngVel: Robot: (-1367.5, -690.0) mm, Heading: -1.979 rad (-113.4 deg)
12-21 14:46:55.079  1020  1372 D KLog_ExecutorService_Run: Thread is running. OpMode.isActive: true
12-21 14:46:55.079  1020  1372 D KLog_ExecutorService_Run: OpModeIsActive. Running
12-21 14:46:55.079  1020  1371 D KLog_AngVel: Target: (3357.0, 1350.0) mm
12-21 14:46:55.079  1020  1371 D KLog_AngVel: Delta: (4724.5, 2040.0) mm, Distance: 5146.1 mm, Angle: 0.408 rad (23.4 deg)
12-21 14:46:55.080  1020  1371 D KLog_AngVel: Angle Error: 2.387 rad (136.8 deg) = angleToGoal(0.408) - robotHeading(-1.979)
12-21 14:46:55.080  1020  1371 D KLog_AngVel: ΔAngle: 0.0000 rad, ΔTime: 31.3 ms, Velocity: 0.000 rad/ms (0.000 rad/s)
12-21 14:46:55.080  1020  1371 D KLog_AngVel: Angular Velocity: 0.000 rad/ms, Angle Error: 2.387 rad (136.8 deg)
12-21 14:46:55.081  1020  1372 D KLog_Odometry_Encoder: right encoder -34956
12-21 14:46:55.084  1020  1371 D KLog_turret_angle_target: target point Point{x=3357.0, y=1350.0}
12-21 14:46:55.084  1020  1371 D KLog_turret_angle: total turret angle 2.387080281076592 total turret angle wrap 2.387080281076592
12-21 14:46:55.084  1020  1371 D KLog_TurretAutoAlignLimelight_Odometry_Calc: targetTicks 570.6154621433944
12-21 14:46:55.084  1020  1371 D KLog_TurretAutoAlignLimelight: Limelight angle0.0
12-21 14:46:55.085  1020  1372 D KLog_Odometry_Encoder: left encoder -17938
12-21 14:46:55.091  1020  1372 D KLog_Odometry_Encoder: back encoder -2558
12-21 14:46:55.097  1020  1371 D KLog_AngVel_withinRange: Within RANGE - motor position 571.00, target ticks 570.62
12-21 14:46:55.098  1020  1371 D KLog_ActionLifecycle: [unnamed] STARTED
12-21 14:46:55.098  1020  1371 D KLog_AngVel: Robot: (-1367.5, -690.0) mm, Heading: -1.979 rad (-113.4 deg)
12-21 14:46:55.098  1020  1371 D KLog_AngVel: Target: (3357.0, 1350.0) mm
12-21 14:46:55.098  1020  1371 D KLog_AngVel: Delta: (4724.5, 2040.0) mm, Distance: 5146.1 mm, Angle: 0.408 rad (23.4 deg)
12-21 14:46:55.099  1020  1371 D KLog_AngVel: Angle Error: 2.387 rad (136.8 deg) = angleToGoal(0.408) - robotHeading(-1.979)
12-21 14:46:55.099  1020  1371 D KLog_AngVel: ΔAngle: 0.0000 rad, ΔTime: 18.8 ms, Velocity: 0.000 rad/ms (0.000 rad/s)
12-21 14:46:55.099  1020  1371 D KLog_AngVel: Angular Velocity: 0.000 rad/ms, Angle Error: 2.387 rad (136.8 deg)
12-21 14:46:55.101  1020  1372 D KLog_Odometry_IMU_Heading: Heading (rad): -1.9907826896547904 (deg): -114.06344604492188
12-21 14:46:55.101  1020  1372 D KLog_Odometry_IMU_Prev_Heading: PrevHeading (rad): -1.990781224916191 (deg): -114.06336212158203
12-21 14:46:55.101  1020  1372 D KLog_Odometry_Delta_Theta: Raw IMU Current Heading-1.9907826896547904 Prev IMU Heading -1.990781224916191
12-21 14:46:55.101  1020  1372 D KLog_Odometry_Delta_Theta: Imu Delta Theta: -1.4647385995214535E-6 Wheel Delta Theta: 0.0
12-21 14:46:55.101  1020  1372 D KLog_Odometry_Delta_Theta: Checking IMU delta theta -1.4647385995214535E-6 wheel delta theta 0.0
12-21 14:46:55.101  1020  1372 D KLog_Odometry_IMU_Unhealthy: IMUPhantom IMU delta theta -1.4647385995214535E-6 wheel delta theta 0.0
12-21 14:46:55.102  1020  1372 D KLog_Odometry_IMU_Health: Fallback Raw IMU -1.4647385995214535E-6 wheel 0.0
12-21 14:46:55.102  1020  1372 D KLog_Odometry_IMU_Position: x=-1367.53 (-53.84 in), y=-690.01 (-27.17 in), theta=-1.9795 (-113.4 deg) UnhealthyCounter 3390
12-21 14:46:55.102  1020  1371 D KLog_turret_angle_target: target point Point{x=3357.0, y=1350.0}
12-21 14:46:55.102  1020  1372 D KLog_Odometry_Wheel_Position: x=-1404.48 (-55.29 in), y=-702.89 (-27.67 in), theta=-2.0218 (-115.8 deg) UnhealthyCounter 3390
12-21 14:46:55.102  1020  1371 D KLog_turret_angle: total turret angle 2.387080281076592 total turret angle wrap 2.387080281076592
12-21 14:46:55.102  1020  1371 D KLog_TurretAutoAlignLimelight_Odometry_Calc: targetTicks 570.6154621433944
12-21 14:46:55.102  1020  1371 D KLog_TurretAutoAlignLimelight: Limelight angle0.0
12-21 14:46:55.102  1020  1372 D KLog_OdometryLogger_Line: 1766357215102,-2558,-17938,-34956,-190.5590239556,-1336.2970178715998,-2604.0583429992,-1.9907826896547904,-1404.4807774347335,-702.8941832876169,-2.0218027017086615,0.0,-1367.531205627656,-690.0116913273247,-1.9794713935952803,0.0,3390
12-21 14:46:55.103  1020  1372 D KLog_OdometryLogger: Buffered line 10058
12-21 14:46:55.103  1020  1372 D KLog_ExecutorService_Run: Thread is running. OpMode.isActive: true
12-21 14:46:55.103  1020  1372 D KLog_ExecutorService_Run: OpModeIsActive. Running
12-21 14:46:55.106  1020  1372 D KLog_Odometry_Encoder: right encoder -34956
12-21 14:46:55.111  1020  1372 D KLog_Odometry_Encoder: left encoder -17938
12-21 14:46:55.113  1020  1371 D KLog_AngVel_withinRange: Within RANGE - motor position 571.00, target ticks 570.62
12-21 14:46:55.113  1020  1371 D KLog_TeleOp_Turret: Turret Power0.0
12-21 14:46:55.114  1020  1371 D KLog_ActionLifecycle: [unnamed] STARTED
12-21 14:46:55.114  1020  1371 D KLog_ActionSet: [unnamed] Executing action: [ReleaseBraking]
12-21 14:46:55.114  1020  1371 D KLog_ActionLifecycle: [ReleaseBraking] STARTED
12-21 14:46:55.114  1020  1371 D KLog_ActionSet: [unnamed] Status: 1 total, 0 completed, 1 executed, 0 blocked
12-21 14:46:55.115  1020  1371 D Odometry: Position: x=-1367.53 (-53.84 in), y=-690.01 (-27.17 in), theta=-1.9795 (-113.4 deg)
12-21 14:46:55.115  1020  1371 D KLog_KGamePad_Toggle: Toggle X: false
12-21 14:46:55.115  1020  1371 D KLog_KGamePad_Toggle: Toggle Back: false
12-21 14:46:55.115  1020  1372 D KLog_Odometry_Encoder: back encoder -2558
12-21 14:46:55.116  1020  1371 D KLog_ActionLifecycle: [unnamed] STARTED
12-21 14:46:55.116  1020  1371 D KLog_ActionLifecycle: [unnamed] STARTED
12-21 14:46:55.116  1020  1371 D KLog_AngVel: Robot: (-1367.5, -690.0) mm, Heading: -1.979 rad (-113.4 deg)
12-21 14:46:55.117  1020  1371 D KLog_AngVel: Target: (3357.0, 1350.0) mm
12-21 14:46:55.117  1020  1371 D KLog_AngVel: Delta: (4724.5, 2040.0) mm, Distance: 5146.1 mm, Angle: 0.408 rad (23.4 deg)
12-21 14:46:55.117  1020  1371 D KLog_AngVel: Angle Error: 2.387 rad (136.8 deg) = angleToGoal(0.408) - robotHeading(-1.979)
12-21 14:46:55.118  1020  1371 D KLog_AngVel: ΔAngle: 0.0000 rad, ΔTime: 18.4 ms, Velocity: 0.000 rad/ms (0.000 rad/s)
12-21 14:46:55.118  1020  1371 D KLog_AngVel: Angular Velocity: 0.000 rad/ms, Angle Error: 2.387 rad (136.8 deg)
12-21 14:46:55.121  1020  1371 D KLog_turret_angle_target: target point Point{x=3357.0, y=1350.0}
12-21 14:46:55.121  1020  1371 D KLog_turret_angle: total turret angle 2.387080281076592 total turret angle wrap 2.387080281076592
12-21 14:46:55.121  1020  1371 D KLog_TurretAutoAlignLimelight_Odometry_Calc: targetTicks 570.6154621433944
12-21 14:46:55.121  1020  1371 D KLog_TurretAutoAlignLimelight: Limelight angle0.0
12-21 14:46:55.123  1020  1372 D KLog_Odometry_IMU_Heading: Heading (rad): -1.990781224916191 (deg): -114.06336212158203
12-21 14:46:55.123  1020  1372 D KLog_Odometry_IMU_Prev_Heading: PrevHeading (rad): -1.9907826896547904 (deg): -114.06344604492188
12-21 14:46:55.123  1020  1372 D KLog_Odometry_Delta_Theta: Raw IMU Current Heading-1.990781224916191 Prev IMU Heading -1.9907826896547904
12-21 14:46:55.124  1020  1372 D KLog_Odometry_Delta_Theta: Imu Delta Theta: 1.4647385995214535E-6 Wheel Delta Theta: 0.0
12-21 14:46:55.124  1020  1372 D KLog_Odometry_Delta_Theta: Checking IMU delta theta 1.4647385995214535E-6 wheel delta theta 0.0
12-21 14:46:55.124  1020  1372 D KLog_Odometry_IMU_Unhealthy: IMUPhantom IMU delta theta 1.4647385995214535E-6 wheel delta theta 0.0
12-21 14:46:55.124  1020  1372 D KLog_Odometry_IMU_Health: Fallback Raw IMU 1.4647385995214535E-6 wheel 0.0
12-21 14:46:55.124  1020  1372 D KLog_Odometry_IMU_Position: x=-1367.53 (-53.84 in), y=-690.01 (-27.17 in), theta=-1.9795 (-113.4 deg) UnhealthyCounter 3391
12-21 14:46:55.125  1020  1372 D KLog_Odometry_Wheel_Position: x=-1404.48 (-55.29 in), y=-702.89 (-27.67 in), theta=-2.0218 (-115.8 deg) UnhealthyCounter 3391
12-21 14:46:55.125  1020  1372 D KLog_OdometryLogger_Line: 1766357215125,-2558,-17938,-34956,-190.5590239556,-1336.2970178715998,-2604.0583429992,-1.990781224916191,-1404.4807774347335,-702.8941832876169,-2.0218027017086615,0.0,-1367.531205627656,-690.0116913273247,-1.9794713935952803,0.0,3391
12-21 14:46:55.125  1020  1372 D KLog_OdometryLogger: Buffered line 10059
12-21 14:46:55.125  1020  1372 D KLog_ExecutorService_Run: Thread is running. OpMode.isActive: true
12-21 14:46:55.125  1020  1372 D KLog_ExecutorService_Run: OpModeIsActive. Running
12-21 14:46:55.129  1020  1372 D KLog_Odometry_Encoder: right encoder -34956
12-21 14:46:55.131  1020  1371 D KLog_AngVel_withinRange: Within RANGE - motor position 571.00, target ticks 570.62
12-21 14:46:55.132  1020  1371 D KLog_ActionLifecycle: [unnamed] STARTED
12-21 14:46:55.133  1020  1371 D KLog_AngVel: Robot: (-1367.5, -690.0) mm, Heading: -1.979 rad (-113.4 deg)
12-21 14:46:55.133  1020  1371 D KLog_AngVel: Target: (3357.0, 1350.0) mm
12-21 14:46:55.133  1020  1372 D KLog_Odometry_Encoder: left encoder -17938
12-21 14:46:55.133  1020  1371 D KLog_AngVel: Delta: (4724.5, 2040.0) mm, Distance: 5146.1 mm, Angle: 0.408 rad (23.4 deg)
12-21 14:46:55.134  1020  1371 D KLog_AngVel: Angle Error: 2.387 rad (136.8 deg) = angleToGoal(0.408) - robotHeading(-1.979)
12-21 14:46:55.134  1020  1371 D KLog_AngVel: ΔAngle: 0.0000 rad, ΔTime: 15.9 ms, Velocity: 0.000 rad/ms (0.000 rad/s)
12-21 14:46:55.134  1020  1371 D KLog_AngVel: Angular Velocity: 0.000 rad/ms, Angle Error: 2.387 rad (136.8 deg)
12-21 14:46:55.135  1020  1372 D KLog_Odometry_Encoder: back encoder -2558
12-21 14:46:55.138  1020  1371 D KLog_turret_angle_target: target point Point{x=3357.0, y=1350.0}
12-21 14:46:55.138  1020  1371 D KLog_turret_angle: total turret angle 2.387080281076592 total turret angle wrap 2.387080281076592
12-21 14:46:55.138  1020  1371 D KLog_TurretAutoAlignLimelight_Odometry_Calc: targetTicks 570.6154621433944
12-21 14:46:55.138  1020  1371 D KLog_TurretAutoAlignLimelight: Limelight angle0.0
12-21 14:46:55.144  1020  1372 D KLog_Odometry_IMU_Heading: Heading (rad): -1.9907826896547904 (deg): -114.06344604492188
12-21 14:46:55.144  1020  1372 D KLog_Odometry_IMU_Prev_Heading: PrevHeading (rad): -1.990781224916191 (deg): -114.06336212158203
12-21 14:46:55.144  1020  1372 D KLog_Odometry_Delta_Theta: Raw IMU Current Heading-1.9907826896547904 Prev IMU Heading -1.990781224916191
12-21 14:46:55.144  1020  1372 D KLog_Odometry_Delta_Theta: Imu Delta Theta: -1.4647385995214535E-6 Wheel Delta Theta: 0.0
12-21 14:46:55.144  1020  1372 D KLog_Odometry_Delta_Theta: Checking IMU delta theta -1.4647385995214535E-6 wheel delta theta 0.0
12-21 14:46:55.144  1020  1372 D KLog_Odometry_IMU_Unhealthy: IMUPhantom IMU delta theta -1.4647385995214535E-6 wheel delta theta 0.0
12-21 14:46:55.145  1020  1372 D KLog_Odometry_IMU_Health: Fallback Raw IMU -1.4647385995214535E-6 wheel 0.0
12-21 14:46:55.145  1020  1372 D KLog_Odometry_IMU_Position: x=-1367.53 (-53.84 in), y=-690.01 (-27.17 in), theta=-1.9795 (-113.4 deg) UnhealthyCounter 3392
12-21 14:46:55.145  1020  1372 D KLog_Odometry_Wheel_Position: x=-1404.48 (-55.29 in), y=-702.89 (-27.67 in), theta=-2.0218 (-115.8 deg) UnhealthyCounter 3392
12-21 14:46:55.146  1020  1372 D KLog_OdometryLogger_Line: 1766357215145,-2558,-17938,-34956,-190.5590239556,-1336.2970178715998,-2604.0583429992,-1.9907826896547904,-1404.4807774347335,-702.8941832876169,-2.0218027017086615,0.0,-1367.531205627656,-690.0116913273247,-1.9794713935952803,0.0,3392
12-21 14:46:55.146  1020  1372 D KLog_OdometryLogger: Buffered line 10060
12-21 14:46:55.146  1020  1372 D KLog_ExecutorService_Run: Thread is running. OpMode.isActive: true
12-21 14:46:55.146  1020  1372 D KLog_ExecutorService_Run: OpModeIsActive. Running
12-21 14:46:55.148  1020  1371 D KLog_AngVel_withinRange: Within RANGE - motor position 571.00, target ticks 570.62
12-21 14:46:55.148  1020  1371 D KLog_TeleOp_Turret: Turret Power0.0
12-21 14:46:55.148  1020  1371 D KLog_ActionLifecycle: [unnamed] STARTED
12-21 14:46:55.148  1020  1371 D KLog_ActionSet: [unnamed] Executing action: [ReleaseBraking]
12-21 14:46:55.149  1020  1371 D KLog_ActionLifecycle: [ReleaseBraking] STARTED
12-21 14:46:55.149  1020  1371 D KLog_ActionSet: [unnamed] Status: 1 total, 0 completed, 1 executed, 0 blocked
12-21 14:46:55.149  1020  1371 D Odometry: Position: x=-1367.53 (-53.84 in), y=-690.01 (-27.17 in), theta=-1.9795 (-113.4 deg)
12-21 14:46:55.149  1020  1371 D KLog_KGamePad_Toggle: Toggle X: false
12-21 14:46:55.149  1020  1371 D KLog_KGamePad_Toggle: Toggle Back: false
12-21 14:46:55.155  1020  1372 D KLog_Odometry_Encoder: right encoder -34956
12-21 14:46:55.157  1020  1372 D KLog_Odometry_Encoder: left encoder -17938
12-21 14:46:55.158  1020  1372 D KLog_Odometry_Encoder: back encoder -2558
12-21 14:46:55.159  1020  1371 D KLog_ActionLifecycle: [unnamed] STARTED
12-21 14:46:55.160  1020  1371 D KLog_ActionLifecycle: [unnamed] STARTED
12-21 14:46:55.160  1020  1371 D KLog_AngVel: Robot: (-1367.5, -690.0) mm, Heading: -1.979 rad (-113.4 deg)
12-21 14:46:55.160  1020  1371 D KLog_AngVel: Target: (3357.0, 1350.0) mm
12-21 14:46:55.160  1020  1371 D KLog_AngVel: Delta: (4724.5, 2040.0) mm, Distance: 5146.1 mm, Angle: 0.408 rad (23.4 deg)
12-21 14:46:55.160  1020  1371 D KLog_AngVel: Angle Error: 2.387 rad (136.8 deg) = angleToGoal(0.408) - robotHeading(-1.979)
12-21 14:46:55.160  1020  1371 D KLog_AngVel: ΔAngle: 0.0000 rad, ΔTime: 26.5 ms, Velocity: 0.000 rad/ms (0.000 rad/s)
12-21 14:46:55.161  1020  1371 D KLog_AngVel: Angular Velocity: 0.000 rad/ms, Angle Error: 2.387 rad (136.8 deg)
12-21 14:46:55.163  1020  1371 D KLog_turret_angle_target: target point Point{x=3357.0, y=1350.0}
12-21 14:46:55.163  1020  1371 D KLog_turret_angle: total turret angle 2.387080281076592 total turret angle wrap 2.387080281076592
12-21 14:46:55.163  1020  1371 D KLog_TurretAutoAlignLimelight_Odometry_Calc: targetTicks 570.6154621433944
12-21 14:46:55.163  1020  1371 D KLog_TurretAutoAlignLimelight: Limelight angle0.0
12-21 14:46:55.165  1020  1372 D KLog_Odometry_IMU_Heading: Heading (rad): -1.990781224916191 (deg): -114.06336212158203
12-21 14:46:55.165  1020  1372 D KLog_Odometry_IMU_Prev_Heading: PrevHeading (rad): -1.9907826896547904 (deg): -114.06344604492188
12-21 14:46:55.166  1020  1372 D KLog_Odometry_Delta_Theta: Raw IMU Current Heading-1.990781224916191 Prev IMU Heading -1.9907826896547904
12-21 14:46:55.166  1020  1372 D KLog_Odometry_Delta_Theta: Imu Delta Theta: 1.4647385995214535E-6 Wheel Delta Theta: 0.0
12-21 14:46:55.166  1020  1372 D KLog_Odometry_Delta_Theta: Checking IMU delta theta 1.4647385995214535E-6 wheel delta theta 0.0
12-21 14:46:55.166  1020  1372 D KLog_Odometry_IMU_Unhealthy: IMUPhantom IMU delta theta 1.4647385995214535E-6 wheel delta theta 0.0
12-21 14:46:55.166  1020  1372 D KLog_Odometry_IMU_Health: Fallback Raw IMU 1.4647385995214535E-6 wheel 0.0
12-21 14:46:55.166  1020  1372 D KLog_Odometry_IMU_Position: x=-1367.53 (-53.84 in), y=-690.01 (-27.17 in), theta=-1.9795 (-113.4 deg) UnhealthyCounter 3393
12-21 14:46:55.167  1020  1372 D KLog_Odometry_Wheel_Position: x=-1404.48 (-55.29 in), y=-702.89 (-27.67 in), theta=-2.0218 (-115.8 deg) UnhealthyCounter 3393
12-21 14:46:55.167  1020  1372 D KLog_OdometryLogger_Line: 1766357215167,-2558,-17938,-34956,-190.5590239556,-1336.2970178715998,-2604.0583429992,-1.990781224916191,-1404.4807774347335,-702.8941832876169,-2.0218027017086615,0.0,-1367.531205627656,-690.0116913273247,-1.9794713935952803,0.0,3393
12-21 14:46:55.167  1020  1372 D KLog_OdometryLogger: Buffered line 10061
12-21 14:46:55.167  1020  1372 D KLog_ExecutorService_Run: Thread is running. OpMode.isActive: true
12-21 14:46:55.167  1020  1372 D KLog_ExecutorService_Run: OpModeIsActive. Running
12-21 14:46:55.171  1020  1372 D KLog_Odometry_Encoder: right encoder -34956
12-21 14:46:55.173  1020  1371 D KLog_AngVel_withinRange: Within RANGE - motor position 571.00, target ticks 570.62
12-21 14:46:55.173  1020  1371 D KLog_ActionLifecycle: [unnamed] STARTED
12-21 14:46:55.174  1020  1371 D KLog_AngVel: Robot: (-1367.5, -690.0) mm, Heading: -1.979 rad (-113.4 deg)
12-21 14:46:55.174  1020  1371 D KLog_AngVel: Target: (3357.0, 1350.0) mm
12-21 14:46:55.174  1020  1371 D KLog_AngVel: Delta: (4724.5, 2040.0) mm, Distance: 5146.1 mm, Angle: 0.408 rad (23.4 deg)
12-21 14:46:55.175  1020  1371 D KLog_AngVel: Angle Error: 2.387 rad (136.8 deg) = angleToGoal(0.408) - robotHeading(-1.979)
12-21 14:46:55.175  1020  1372 D KLog_Odometry_Encoder: left encoder -17938
12-21 14:46:55.175  1020  1371 D KLog_AngVel: ΔAngle: 0.0000 rad, ΔTime: 14.1 ms, Velocity: 0.000 rad/ms (0.000 rad/s)
12-21 14:46:55.175  1020  1371 D KLog_AngVel: Angular Velocity: 0.000 rad/ms, Angle Error: 2.387 rad (136.8 deg)
12-21 14:46:55.176  1020  1372 D KLog_Odometry_Encoder: back encoder -2558
12-21 14:46:55.179  1020  1371 D KLog_turret_angle_target: target point Point{x=3357.0, y=1350.0}
12-21 14:46:55.179  1020  1371 D KLog_turret_angle: total turret angle 2.387080281076592 total turret angle wrap 2.387080281076592
12-21 14:46:55.179  1020  1371 D KLog_TurretAutoAlignLimelight_Odometry_Calc: targetTicks 570.6154621433944
12-21 14:46:55.179  1020  1371 D KLog_TurretAutoAlignLimelight: Limelight angle0.0
12-21 14:46:55.185  1020  1372 D KLog_Odometry_IMU_Heading: Heading (rad): -1.990781224916191 (deg): -114.06336212158203
12-21 14:46:55.185  1020  1372 D KLog_Odometry_IMU_Prev_Heading: PrevHeading (rad): -1.990781224916191 (deg): -114.06336212158203
12-21 14:46:55.185  1020  1372 D KLog_Odometry_Delta_Theta: Raw IMU Current Heading-1.990781224916191 Prev IMU Heading -1.990781224916191
12-21 14:46:55.185  1020  1372 D KLog_Odometry_Delta_Theta: Imu Delta Theta: 0.0 Wheel Delta Theta: 0.0
12-21 14:46:55.185  1020  1372 D KLog_Odometry_Delta_Theta: Checking IMU delta theta 0.0 wheel delta theta 0.0
