12-21 14:46:53.138  1020  1371 D KLog_ActionLifecycle: [unnamed] STARTED
12-21 14:46:53.138  1020  1371 D KLog_ActionSet: [unnamed] Executing action: [ReleaseBraking]
12-21 14:46:53.138  1020  1371 D KLog_ActionLifecycle: [ReleaseBraking] STARTED
12-21 14:46:53.139  1020  1372 D KLog_Odometry_Encoder: left encoder -17938
12-21 14:46:53.139  1020  1371 D KLog_ActionSet: [unnamed] Status: 1 total, 0 completed, 1 executed, 0 blocked
12-21 14:46:53.139  1020  1371 D Odometry: Position: x=-1367.60 (-53.84 in), y=-689.98 (-27.16 in), theta=-1.9795 (-113.4 deg)
12-21 14:46:53.139  1020  1371 D KLog_KGamePad_Toggle: Toggle X: false
12-21 14:46:53.139  1020  1371 D KLog_KGamePad_Toggle: Toggle Back: false
12-21 14:46:53.140  1020  1372 D KLog_Odometry_Encoder: back encoder -2559
12-21 14:46:53.140  1020  1371 D KLog_ActionLifecycle: [unnamed] STARTED
12-21 14:46:53.140  1020  1371 D KLog_ActionLifecycle: [unnamed] STARTED
12-21 14:46:53.141  1020  1371 D KLog_AngVel: Robot: (-1367.6, -690.0) mm, Heading: -1.979 rad (-113.4 deg)
12-21 14:46:53.141  1020  1371 D KLog_AngVel: Target: (3357.0, 1350.0) mm
12-21 14:46:53.141  1020  1371 D KLog_AngVel: Delta: (4724.6, 2040.0) mm, Distance: 5146.2 mm, Angle: 0.408 rad (23.4 deg)
12-21 14:46:53.142  1020  1371 D KLog_AngVel: Angle Error: 2.387 rad (136.8 deg) = angleToGoal(0.408) - robotHeading(-1.979)
12-21 14:46:53.142  1020  1371 D KLog_AngVel: ΔAngle: 0.0000 rad, ΔTime: 19.1 ms, Velocity: 0.000 rad/ms (0.000 rad/s)
12-21 14:46:53.142  1020  1371 D KLog_AngVel: Angular Velocity: 0.000 rad/ms, Angle Error: 2.387 rad (136.8 deg)
12-21 14:46:53.145  1020  1371 D KLog_turret_angle_target: target point Point{x=3357.0, y=1350.0}
12-21 14:46:53.145  1020  1371 D KLog_turret_angle: total turret angle 2.387069733932235 total turret angle wrap 2.387069733932235
12-21 14:46:53.145  1020  1371 D KLog_TurretAutoAlignLimelight_Odometry_Calc: targetTicks 570.6129409195801
12-21 14:46:53.145  1020  1371 D KLog_TurretAutoAlignLimelight: Limelight angle0.0
12-21 14:46:53.147  1020  1372 D KLog_Odometry_IMU_Heading: Heading (rad): -1.9907430085545483 (deg): -114.06117248535155
12-21 14:46:53.147  1020  1372 D KLog_Odometry_IMU_Prev_Heading: PrevHeading (rad): -1.9907430085545483 (deg): -114.06117248535155
12-21 14:46:53.147  1020  1372 D KLog_Odometry_Delta_Theta: Raw IMU Current Heading-1.9907430085545483 Prev IMU Heading -1.9907430085545483
12-21 14:46:53.147  1020  1372 D KLog_Odometry_Delta_Theta: Imu Delta Theta: 0.0 Wheel Delta Theta: 0.0
12-21 14:46:53.147  1020  1372 D KLog_Odometry_Delta_Theta: Checking IMU delta theta 0.0 wheel delta theta 0.0
12-21 14:46:53.147  1020  1372 D KLog_Odometry_IMU_Health: Healthy Raw IMU 0.0 wheel 0.0
12-21 14:46:53.148  1020  1372 D KLog_Odometry_IMU_Position: x=-1367.60 (-53.84 in), y=-689.98 (-27.16 in), theta=-1.9795 (-113.4 deg) UnhealthyCounter 3357
12-21 14:46:53.148  1020  1372 D KLog_Odometry_Wheel_Position: x=-1404.55 (-55.30 in), y=-702.86 (-27.67 in), theta=-2.0218 (-115.8 deg) UnhealthyCounter 3357
12-21 14:46:53.149  1020  1372 D KLog_OdometryLogger_Line: 1766357213148,-2559,-17938,-34956,-190.63351927379998,-1336.2970178715998,-2604.0583429992,-1.9907430085545483,-1404.5478238847209,-702.8617129014505,-2.0218027017086615,0.0,-1367.5995661184677,-689.9820873456722,-1.9794713935952803,0.0,3357
12-21 14:46:53.149  1020  1372 D KLog_OdometryLogger: Buffered line 9958
12-21 14:46:53.149  1020  1372 D KLog_ExecutorService_Run: Thread is running. OpMode.isActive: true
12-21 14:46:53.149  1020  1372 D KLog_ExecutorService_Run: OpModeIsActive. Running
12-21 14:46:53.152  1020  1372 D KLog_Odometry_Encoder: right encoder -34956
12-21 14:46:53.154  1020  1371 D KLog_AngVel_withinRange: Within RANGE - motor position 571.00, target ticks 570.61
12-21 14:46:53.155  1020  1371 D KLog_ActionLifecycle: [unnamed] STARTED
12-21 14:46:53.155  1020  1371 D KLog_AngVel: Robot: (-1367.6, -690.0) mm, Heading: -1.979 rad (-113.4 deg)
12-21 14:46:53.155  1020  1371 D KLog_AngVel: Target: (3357.0, 1350.0) mm
12-21 14:46:53.155  1020  1372 D KLog_Odometry_Encoder: left encoder -17938
12-21 14:46:53.156  1020  1371 D KLog_AngVel: Delta: (4724.6, 2040.0) mm, Distance: 5146.2 mm, Angle: 0.408 rad (23.4 deg)
12-21 14:46:53.156  1020  1371 D KLog_AngVel: Angle Error: 2.387 rad (136.8 deg) = angleToGoal(0.408) - robotHeading(-1.979)
12-21 14:46:53.156  1020  1371 D KLog_AngVel: ΔAngle: 0.0000 rad, ΔTime: 14.1 ms, Velocity: 0.000 rad/ms (0.000 rad/s)
12-21 14:46:53.156  1020  1371 D KLog_AngVel: Angular Velocity: 0.000 rad/ms, Angle Error: 2.387 rad (136.8 deg)
12-21 14:46:53.157  1020  1372 D KLog_Odometry_Encoder: back encoder -2559
12-21 14:46:53.159  1020  1371 D KLog_turret_angle_target: target point Point{x=3357.0, y=1350.0}
12-21 14:46:53.160  1020  1371 D KLog_turret_angle: total turret angle 2.387069733932235 total turret angle wrap 2.387069733932235
12-21 14:46:53.160  1020  1371 D KLog_TurretAutoAlignLimelight_Odometry_Calc: targetTicks 570.6129409195801
12-21 14:46:53.160  1020  1371 D KLog_TurretAutoAlignLimelight: Limelight angle0.0
12-21 14:46:53.165  1020  1372 D KLog_Odometry_IMU_Heading: Heading (rad): -1.990743408028712 (deg): -114.06119537353517
12-21 14:46:53.165  1020  1372 D KLog_Odometry_IMU_Prev_Heading: PrevHeading (rad): -1.9907430085545483 (deg): -114.06117248535155
12-21 14:46:53.166  1020  1372 D KLog_Odometry_Delta_Theta: Raw IMU Current Heading-1.990743408028712 Prev IMU Heading -1.9907430085545483
12-21 14:46:53.166  1020  1372 D KLog_Odometry_Delta_Theta: Imu Delta Theta: -3.994741637480814E-7 Wheel Delta Theta: 0.0
12-21 14:46:53.166  1020  1372 D KLog_Odometry_Delta_Theta: Checking IMU delta theta -3.994741637480814E-7 wheel delta theta 0.0
12-21 14:46:53.166  1020  1372 D KLog_Odometry_IMU_Unhealthy: IMUPhantom IMU delta theta -3.994741637480814E-7 wheel delta theta 0.0
12-21 14:46:53.166  1020  1372 D KLog_Odometry_IMU_Health: Fallback Raw IMU -3.994741637480814E-7 wheel 0.0
12-21 14:46:53.167  1020  1372 D KLog_Odometry_IMU_Position: x=-1367.60 (-53.84 in), y=-689.98 (-27.16 in), theta=-1.9795 (-113.4 deg) UnhealthyCounter 3358
12-21 14:46:53.167  1020  1372 D KLog_Odometry_Wheel_Position: x=-1404.55 (-55.30 in), y=-702.86 (-27.67 in), theta=-2.0218 (-115.8 deg) UnhealthyCounter 3358
12-21 14:46:53.168  1020  1372 D KLog_OdometryLogger_Line: 1766357213167,-2559,-17938,-34956,-190.63351927379998,-1336.2970178715998,-2604.0583429992,-1.990743408028712,-1404.5478238847209,-702.8617129014505,-2.0218027017086615,0.0,-1367.5995661184677,-689.9820873456722,-1.9794713935952803,0.0,3358
12-21 14:46:53.168  1020  1372 D KLog_OdometryLogger: Buffered line 9959
12-21 14:46:53.168  1020  1372 D KLog_ExecutorService_Run: Thread is running. OpMode.isActive: true
12-21 14:46:53.168  1020  1372 D KLog_ExecutorService_Run: OpModeIsActive. Running
12-21 14:46:53.168  1020  1371 D KLog_AngVel_withinRange: Within RANGE - motor position 571.00, target ticks 570.61
12-21 14:46:53.169  1020  1371 D KLog_TeleOp_Turret: Turret Power0.0
12-21 14:46:53.169  1020  1371 D KLog_ActionLifecycle: [unnamed] STARTED
12-21 14:46:53.169  1020  1371 D KLog_ActionSet: [unnamed] Executing action: [ReleaseBraking]
12-21 14:46:53.169  1020  1371 D KLog_ActionLifecycle: [ReleaseBraking] STARTED
12-21 14:46:53.169  1020  1371 D KLog_ActionSet: [unnamed] Status: 1 total, 0 completed, 1 executed, 0 blocked
12-21 14:46:53.170  1020  1371 D Odometry: Position: x=-1367.60 (-53.84 in), y=-689.98 (-27.16 in), theta=-1.9795 (-113.4 deg)
12-21 14:46:53.170  1020  1371 D KLog_KGamePad_Toggle: Toggle X: false
12-21 14:46:53.170  1020  1371 D KLog_KGamePad_Toggle: Toggle Back: false
12-21 14:46:53.171  1020  1372 D KLog_Odometry_Encoder: right encoder -34956
12-21 14:46:53.172  1020  1371 D KLog_ActionLifecycle: [unnamed] STARTED
12-21 14:46:53.172  1020  1371 D KLog_ActionLifecycle: [unnamed] STARTED
12-21 14:46:53.172  1020  1371 D KLog_AngVel: Robot: (-1367.6, -690.0) mm, Heading: -1.979 rad (-113.4 deg)
12-21 14:46:53.172  1020  1371 D KLog_AngVel: Target: (3357.0, 1350.0) mm
12-21 14:46:53.173  1020  1372 D KLog_Odometry_Encoder: left encoder -17938
12-21 14:46:53.173  1020  1371 D KLog_AngVel: Delta: (4724.6, 2040.0) mm, Distance: 5146.2 mm, Angle: 0.408 rad (23.4 deg)
12-21 14:46:53.173  1020  1371 D KLog_AngVel: Angle Error: 2.387 rad (136.8 deg) = angleToGoal(0.408) - robotHeading(-1.979)
12-21 14:46:53.173  1020  1371 D KLog_AngVel: ΔAngle: 0.0000 rad, ΔTime: 16.8 ms, Velocity: 0.000 rad/ms (0.000 rad/s)
12-21 14:46:53.174  1020  1371 D KLog_AngVel: Angular Velocity: 0.000 rad/ms, Angle Error: 2.387 rad (136.8 deg)
12-21 14:46:53.174  1020  1372 D KLog_Odometry_Encoder: back encoder -2559
12-21 14:46:53.177  1020  1371 D KLog_turret_angle_target: target point Point{x=3357.0, y=1350.0}
12-21 14:46:53.177  1020  1371 D KLog_turret_angle: total turret angle 2.387069733932235 total turret angle wrap 2.387069733932235
12-21 14:46:53.177  1020  1371 D KLog_TurretAutoAlignLimelight_Odometry_Calc: targetTicks 570.6129409195801
12-21 14:46:53.177  1020  1371 D KLog_TurretAutoAlignLimelight: Limelight angle0.0
12-21 14:46:53.183  1020  1372 D KLog_Odometry_IMU_Heading: Heading (rad): -1.990743408028712 (deg): -114.06119537353517
12-21 14:46:53.183  1020  1372 D KLog_Odometry_IMU_Prev_Heading: PrevHeading (rad): -1.990743408028712 (deg): -114.06119537353517
12-21 14:46:53.183  1020  1372 D KLog_Odometry_Delta_Theta: Raw IMU Current Heading-1.990743408028712 Prev IMU Heading -1.990743408028712
12-21 14:46:53.183  1020  1372 D KLog_Odometry_Delta_Theta: Imu Delta Theta: 0.0 Wheel Delta Theta: 0.0
12-21 14:46:53.183  1020  1372 D KLog_Odometry_Delta_Theta: Checking IMU delta theta 0.0 wheel delta theta 0.0
12-21 14:46:53.183  1020  1372 D KLog_Odometry_IMU_Health: Healthy Raw IMU 0.0 wheel 0.0
12-21 14:46:53.183  1020  1372 D KLog_Odometry_IMU_Position: x=-1367.60 (-53.84 in), y=-689.98 (-27.16 in), theta=-1.9795 (-113.4 deg) UnhealthyCounter 3358
12-21 14:46:53.184  1020  1372 D KLog_Odometry_Wheel_Position: x=-1404.55 (-55.30 in), y=-702.86 (-27.67 in), theta=-2.0218 (-115.8 deg) UnhealthyCounter 3358
12-21 14:46:53.184  1020  1372 D KLog_OdometryLogger_Line: 1766357213184,-2559,-17938,-34956,-190.63351927379998,-1336.2970178715998,-2604.0583429992,-1.990743408028712,-1404.5478238847209,-702.8617129014505,-2.0218027017086615,0.0,-1367.5995661184677,-689.9820873456722,-1.9794713935952803,0.0,3358
12-21 14:46:53.184  1020  1372 D KLog_OdometryLogger: Buffered line 9960
12-21 14:46:53.184  1020  1372 D KLog_ExecutorService_Run: Thread is running. OpMode.isActive: true
12-21 14:46:53.184  1020  1372 D KLog_ExecutorService_Run: OpModeIsActive. Running
12-21 14:46:53.186  1020  1371 D KLog_AngVel_withinRange: Within RANGE - motor position 571.00, target ticks 570.61
12-21 14:46:53.187  1020  1371 D KLog_ActionLifecycle: [unnamed] STARTED
12-21 14:46:53.187  1020  1371 D KLog_AngVel: Robot: (-1367.6, -690.0) mm, Heading: -1.979 rad (-113.4 deg)
12-21 14:46:53.187  1020  1371 D KLog_AngVel: Target: (3357.0, 1350.0) mm
12-21 14:46:53.188  1020  1372 D KLog_Odometry_Encoder: right encoder -34956
12-21 14:46:53.189  1020  1371 D KLog_AngVel: Delta: (4724.6, 2040.0) mm, Distance: 5146.2 mm, Angle: 0.408 rad (23.4 deg)
12-21 14:46:53.189  1020  1372 D KLog_Odometry_Encoder: left encoder -17938
12-21 14:46:53.190  1020  1371 D KLog_AngVel: Angle Error: 2.387 rad (136.8 deg) = angleToGoal(0.408) - robotHeading(-1.979)
12-21 14:46:53.190  1020  1371 D KLog_AngVel: ΔAngle: 0.0000 rad, ΔTime: 16.5 ms, Velocity: 0.000 rad/ms (0.000 rad/s)
12-21 14:46:53.191  1020  1371 D KLog_AngVel: Angular Velocity: 0.000 rad/ms, Angle Error: 2.387 rad (136.8 deg)
12-21 14:46:53.191  1020  1372 D KLog_Odometry_Encoder: back encoder -2559
12-21 14:46:53.195  1020  1371 D KLog_turret_angle_target: target point Point{x=3357.0, y=1350.0}
12-21 14:46:53.195  1020  1371 D KLog_turret_angle: total turret angle 2.387069733932235 total turret angle wrap 2.387069733932235
12-21 14:46:53.196  1020  1371 D KLog_TurretAutoAlignLimelight_Odometry_Calc: targetTicks 570.6129409195801
12-21 14:46:53.196  1020  1371 D KLog_TurretAutoAlignLimelight: Limelight angle0.0
12-21 14:46:53.205  1020  1372 D KLog_Odometry_IMU_Heading: Heading (rad): -1.990743408028712 (deg): -114.06119537353517
12-21 14:46:53.206  1020  1372 D KLog_Odometry_IMU_Prev_Heading: PrevHeading (rad): -1.990743408028712 (deg): -114.06119537353517
12-21 14:46:53.206  1020  1372 D KLog_Odometry_Delta_Theta: Raw IMU Current Heading-1.990743408028712 Prev IMU Heading -1.990743408028712
12-21 14:46:53.206  1020  1372 D KLog_Odometry_Delta_Theta: Imu Delta Theta: 0.0 Wheel Delta Theta: 0.0
12-21 14:46:53.206  1020  1372 D KLog_Odometry_Delta_Theta: Checking IMU delta theta 0.0 wheel delta theta 0.0
12-21 14:46:53.206  1020  1372 D KLog_Odometry_IMU_Health: Healthy Raw IMU 0.0 wheel 0.0
12-21 14:46:53.206  1020  1372 D KLog_Odometry_IMU_Position: x=-1367.60 (-53.84 in), y=-689.98 (-27.16 in), theta=-1.9795 (-113.4 deg) UnhealthyCounter 3358
12-21 14:46:53.207  1020  1372 D KLog_Odometry_Wheel_Position: x=-1404.55 (-55.30 in), y=-702.86 (-27.67 in), theta=-2.0218 (-115.8 deg) UnhealthyCounter 3358
12-21 14:46:53.207  1020  1372 D KLog_OdometryLogger_Line: 1766357213207,-2559,-17938,-34956,-190.63351927379998,-1336.2970178715998,-2604.0583429992,-1.990743408028712,-1404.5478238847209,-702.8617129014505,-2.0218027017086615,0.0,-1367.5995661184677,-689.9820873456722,-1.9794713935952803,0.0,3358
12-21 14:46:53.207  1020  1372 D KLog_OdometryLogger: Buffered line 9961
12-21 14:46:53.207  1020  1372 D KLog_ExecutorService_Run: Thread is running. OpMode.isActive: true
12-21 14:46:53.208  1020  1372 D KLog_ExecutorService_Run: OpModeIsActive. Running
12-21 14:46:53.210  1020  1372 D KLog_Odometry_Encoder: right encoder -34956
12-21 14:46:53.213  1020  1371 D KLog_AngVel_withinRange: Within RANGE - motor position 571.00, target ticks 570.61
12-21 14:46:53.213  1020  1371 D KLog_TeleOp_Turret: Turret Power0.0
12-21 14:46:53.214  1020  1371 D KLog_ActionLifecycle: [unnamed] STARTED
12-21 14:46:53.214  1020  1371 D KLog_ActionSet: [unnamed] Executing action: [ReleaseBraking]
12-21 14:46:53.214  1020  1371 D KLog_ActionLifecycle: [ReleaseBraking] STARTED
12-21 14:46:53.214  1020  1371 D KLog_ActionSet: [unnamed] Status: 1 total, 0 completed, 1 executed, 0 blocked
12-21 14:46:53.215  1020  1371 D Odometry: Position: x=-1367.60 (-53.84 in), y=-689.98 (-27.16 in), theta=-1.9795 (-113.4 deg)
12-21 14:46:53.215  1020  1371 D KLog_KGamePad_Toggle: Toggle X: false
12-21 14:46:53.215  1020  1372 D KLog_Odometry_Encoder: left encoder -17938
12-21 14:46:53.215  1020  1371 D KLog_KGamePad_Toggle: Toggle Back: false
12-21 14:46:53.216  1020  1372 D KLog_Odometry_Encoder: back encoder -2559
12-21 14:46:53.217  1020  1371 D KLog_ActionLifecycle: [unnamed] STARTED
12-21 14:46:53.217  1020  1371 D KLog_ActionLifecycle: [unnamed] STARTED
12-21 14:46:53.218  1020  1371 D KLog_AngVel: Robot: (-1367.6, -690.0) mm, Heading: -1.979 rad (-113.4 deg)
12-21 14:46:53.218  1020  1371 D KLog_AngVel: Target: (3357.0, 1350.0) mm
12-21 14:46:53.218  1020  1371 D KLog_AngVel: Delta: (4724.6, 2040.0) mm, Distance: 5146.2 mm, Angle: 0.408 rad (23.4 deg)
12-21 14:46:53.219  1020  1371 D KLog_AngVel: Angle Error: 2.387 rad (136.8 deg) = angleToGoal(0.408) - robotHeading(-1.979)
12-21 14:46:53.219  1020  1371 D KLog_AngVel: ΔAngle: 0.0000 rad, ΔTime: 28.7 ms, Velocity: 0.000 rad/ms (0.000 rad/s)
12-21 14:46:53.220  1020  1371 D KLog_AngVel: Angular Velocity: 0.000 rad/ms, Angle Error: 2.387 rad (136.8 deg)
12-21 14:46:53.222  1020  1372 D KLog_Odometry_IMU_Heading: Heading (rad): -1.990744739609257 (deg): -114.06127166748047
12-21 14:46:53.222  1020  1372 D KLog_Odometry_IMU_Prev_Heading: PrevHeading (rad): -1.990743408028712 (deg): -114.06119537353517
12-21 14:46:53.222  1020  1372 D KLog_Odometry_Delta_Theta: Raw IMU Current Heading-1.990744739609257 Prev IMU Heading -1.990743408028712
12-21 14:46:53.222  1020  1372 D KLog_Odometry_Delta_Theta: Imu Delta Theta: -1.3315805449387597E-6 Wheel Delta Theta: 0.0
12-21 14:46:53.222  1020  1372 D KLog_Odometry_Delta_Theta: Checking IMU delta theta -1.3315805449387597E-6 wheel delta theta 0.0
12-21 14:46:53.222  1020  1372 D KLog_Odometry_IMU_Unhealthy: IMUPhantom IMU delta theta -1.3315805449387597E-6 wheel delta theta 0.0
12-21 14:46:53.223  1020  1372 D KLog_Odometry_IMU_Health: Fallback Raw IMU -1.3315805449387597E-6 wheel 0.0
12-21 14:46:53.223  1020  1372 D KLog_Odometry_IMU_Position: x=-1367.60 (-53.84 in), y=-689.98 (-27.16 in), theta=-1.9795 (-113.4 deg) UnhealthyCounter 3359
12-21 14:46:53.223  1020  1372 D KLog_Odometry_Wheel_Position: x=-1404.55 (-55.30 in), y=-702.86 (-27.67 in), theta=-2.0218 (-115.8 deg) UnhealthyCounter 3359
12-21 14:46:53.223  1020  1372 D KLog_OdometryLogger_Line: 1766357213223,-2559,-17938,-34956,-190.63351927379998,-1336.2970178715998,-2604.0583429992,-1.990744739609257,-1404.5478238847209,-702.8617129014505,-2.0218027017086615,0.0,-1367.5995661184677,-689.9820873456722,-1.9794713935952803,0.0,3359
12-21 14:46:53.223  1020  1372 D KLog_OdometryLogger: Buffered line 9962
12-21 14:46:53.224  1020  1372 D KLog_ExecutorService_Run: Thread is running. OpMode.isActive: true
12-21 14:46:53.224  1020  1372 D KLog_ExecutorService_Run: OpModeIsActive. Running
12-21 14:46:53.229  1020  1371 D KLog_turret_angle_target: target point Point{x=3357.0, y=1350.0}
12-21 14:46:53.229  1020  1371 D KLog_turret_angle: total turret angle 2.387069733932235 total turret angle wrap 2.387069733932235
12-21 14:46:53.229  1020  1371 D KLog_TurretAutoAlignLimelight_Odometry_Calc: targetTicks 570.6129409195801
12-21 14:46:53.229  1020  1371 D KLog_TurretAutoAlignLimelight: Limelight angle0.0
12-21 14:46:53.230  1020  1372 D KLog_Odometry_Encoder: right encoder -34956
12-21 14:46:53.235  1020  1372 D KLog_Odometry_Encoder: left encoder -17938
12-21 14:46:53.239  1020  1372 D KLog_Odometry_Encoder: back encoder -2559
12-21 14:46:53.242  1020  1371 D KLog_AngVel_withinRange: Within RANGE - motor position 571.00, target ticks 570.61
12-21 14:46:53.242  1020  1371 D KLog_ActionLifecycle: [unnamed] STARTED
12-21 14:46:53.242  1020  1371 D KLog_AngVel: Robot: (-1367.6, -690.0) mm, Heading: -1.979 rad (-113.4 deg)
12-21 14:46:53.243  1020  1371 D KLog_AngVel: Target: (3357.0, 1350.0) mm
12-21 14:46:53.243  1020  1371 D KLog_AngVel: Delta: (4724.6, 2040.0) mm, Distance: 5146.2 mm, Angle: 0.408 rad (23.4 deg)
12-21 14:46:53.243  1020  1371 D KLog_AngVel: Angle Error: 2.387 rad (136.8 deg) = angleToGoal(0.408) - robotHeading(-1.979)
12-21 14:46:53.244  1020  1371 D KLog_AngVel: ΔAngle: 0.0000 rad, ΔTime: 24.0 ms, Velocity: 0.000 rad/ms (0.000 rad/s)
12-21 14:46:53.244  1020  1371 D KLog_AngVel: Angular Velocity: 0.000 rad/ms, Angle Error: 2.387 rad (136.8 deg)
12-21 14:46:53.247  1020  1371 D KLog_turret_angle_target: target point Point{x=3357.0, y=1350.0}
12-21 14:46:53.247  1020  1371 D KLog_turret_angle: total turret angle 2.387069733932235 total turret angle wrap 2.387069733932235
12-21 14:46:53.248  1020  1371 D KLog_TurretAutoAlignLimelight_Odometry_Calc: targetTicks 570.6129409195801
12-21 14:46:53.248  1020  1371 D KLog_TurretAutoAlignLimelight: Limelight angle0.0
12-21 14:46:53.250  1020  1372 D KLog_Odometry_IMU_Heading: Heading (rad): -1.990744739609257 (deg): -114.06127166748047
12-21 14:46:53.250  1020  1372 D KLog_Odometry_IMU_Prev_Heading: PrevHeading (rad): -1.990744739609257 (deg): -114.06127166748047
12-21 14:46:53.250  1020  1372 D KLog_Odometry_Delta_Theta: Raw IMU Current Heading-1.990744739609257 Prev IMU Heading -1.990744739609257
12-21 14:46:53.250  1020  1372 D KLog_Odometry_Delta_Theta: Imu Delta Theta: 0.0 Wheel Delta Theta: 0.0
12-21 14:46:53.250  1020  1372 D KLog_Odometry_Delta_Theta: Checking IMU delta theta 0.0 wheel delta theta 0.0
12-21 14:46:53.250  1020  1372 D KLog_Odometry_IMU_Health: Healthy Raw IMU 0.0 wheel 0.0
12-21 14:46:53.251  1020  1372 D KLog_Odometry_IMU_Position: x=-1367.60 (-53.84 in), y=-689.98 (-27.16 in), theta=-1.9795 (-113.4 deg) UnhealthyCounter 3359
12-21 14:46:53.251  1020  1372 D KLog_Odometry_Wheel_Position: x=-1404.55 (-55.30 in), y=-702.86 (-27.67 in), theta=-2.0218 (-115.8 deg) UnhealthyCounter 3359
12-21 14:46:53.252  1020  1372 D KLog_OdometryLogger_Line: 1766357213252,-2559,-17938,-34956,-190.63351927379998,-1336.2970178715998,-2604.0583429992,-1.990744739609257,-1404.5478238847209,-702.8617129014505,-2.0218027017086615,0.0,-1367.5995661184677,-689.9820873456722,-1.9794713935952803,0.0,3359
12-21 14:46:53.252  1020  1372 D KLog_OdometryLogger: Buffered line 9963
12-21 14:46:53.252  1020  1372 D KLog_ExecutorService_Run: Thread is running. OpMode.isActive: true
12-21 14:46:53.252  1020  1372 D KLog_ExecutorService_Run: OpModeIsActive. Running
12-21 14:46:53.255  1020  1372 D KLog_Odometry_Encoder: right encoder -34956
12-21 14:46:53.259  1020  1371 D KLog_AngVel_withinRange: Within RANGE - motor position 571.00, target ticks 570.61
12-21 14:46:53.259  1020  1371 D KLog_TeleOp_Turret: Turret Power0.0
12-21 14:46:53.260  1020  1372 D KLog_Odometry_Encoder: left encoder -17938
12-21 14:46:53.263  1020  1371 D KLog_ActionLifecycle: [unnamed] STARTED
12-21 14:46:53.263  1020  1371 D KLog_ActionSet: [unnamed] Executing action: [ReleaseBraking]
12-21 14:46:53.263  1020  1371 D KLog_ActionLifecycle: [ReleaseBraking] STARTED
12-21 14:46:53.263  1020  1371 D KLog_ActionSet: [unnamed] Status: 1 total, 0 completed, 1 executed, 0 blocked
12-21 14:46:53.264  1020  1371 D Odometry: Position: x=-1367.60 (-53.84 in), y=-689.98 (-27.16 in), theta=-1.9795 (-113.4 deg)
12-21 14:46:53.264  1020  1371 D KLog_KGamePad_Toggle: Toggle X: false
12-21 14:46:53.264  1020  1371 D KLog_KGamePad_Toggle: Toggle Back: false
12-21 14:46:53.265  1020  1372 D KLog_Odometry_Encoder: back encoder -2559
12-21 14:46:53.265  1020  1371 D KLog_ActionLifecycle: [unnamed] STARTED
12-21 14:46:53.265  1020  1371 D KLog_ActionLifecycle: [unnamed] STARTED
12-21 14:46:53.266  1020  1371 D KLog_AngVel: Robot: (-1367.6, -690.0) mm, Heading: -1.979 rad (-113.4 deg)
12-21 14:46:53.266  1020  1371 D KLog_AngVel: Target: (3357.0, 1350.0) mm
12-21 14:46:53.267  1020  1371 D KLog_AngVel: Delta: (4724.6, 2040.0) mm, Distance: 5146.2 mm, Angle: 0.408 rad (23.4 deg)
12-21 14:46:53.267  1020  1371 D KLog_AngVel: Angle Error: 2.387 rad (136.8 deg) = angleToGoal(0.408) - robotHeading(-1.979)
12-21 14:46:53.268  1020  1371 D KLog_AngVel: ΔAngle: 0.0000 rad, ΔTime: 23.8 ms, Velocity: 0.000 rad/ms (0.000 rad/s)
12-21 14:46:53.269  1020  1371 D KLog_AngVel: Angular Velocity: 0.000 rad/ms, Angle Error: 2.387 rad (136.8 deg)
12-21 14:46:53.270  1020  1372 D KLog_Odometry_IMU_Heading: Heading (rad): -1.9906294247340566 (deg): -114.05466461181642
12-21 14:46:53.270  1020  1372 D KLog_Odometry_IMU_Prev_Heading: PrevHeading (rad): -1.990744739609257 (deg): -114.06127166748047
12-21 14:46:53.270  1020  1372 D KLog_Odometry_Delta_Theta: Raw IMU Current Heading-1.9906294247340566 Prev IMU Heading -1.990744739609257
12-21 14:46:53.270  1020  1372 D KLog_Odometry_Delta_Theta: Imu Delta Theta: 1.1531487520044514E-4 Wheel Delta Theta: 0.0
12-21 14:46:53.270  1020  1372 D KLog_Odometry_Delta_Theta: Checking IMU delta theta 1.1531487520044514E-4 wheel delta theta 0.0
12-21 14:46:53.270  1020  1372 D KLog_Odometry_IMU_Unhealthy: IMUPhantom IMU delta theta 1.1531487520044514E-4 wheel delta theta 0.0
12-21 14:46:53.270  1020  1372 D KLog_Odometry_IMU_Health: Fallback Raw IMU 1.1531487520044514E-4 wheel 0.0
12-21 14:46:53.271  1020  1372 D KLog_Odometry_IMU_Position: x=-1367.60 (-53.84 in), y=-689.98 (-27.16 in), theta=-1.9795 (-113.4 deg) UnhealthyCounter 3360
12-21 14:46:53.271  1020  1372 D KLog_Odometry_Wheel_Position: x=-1404.55 (-55.30 in), y=-702.86 (-27.67 in), theta=-2.0218 (-115.8 deg) UnhealthyCounter 3360
12-21 14:46:53.272  1020  1372 D KLog_OdometryLogger_Line: 1766357213271,-2559,-17938,-34956,-190.63351927379998,-1336.2970178715998,-2604.0583429992,-1.9906294247340566,-1404.5478238847209,-702.8617129014505,-2.0218027017086615,0.0,-1367.5995661184677,-689.9820873456722,-1.9794713935952803,0.0,3360
12-21 14:46:53.272  1020  1372 D KLog_OdometryLogger: Buffered line 9964
12-21 14:46:53.272  1020  1372 D KLog_ExecutorService_Run: Thread is running. OpMode.isActive: true
12-21 14:46:53.272  1020  1372 D KLog_ExecutorService_Run: OpModeIsActive. Running
12-21 14:46:53.272  1020  1371 D KLog_turret_angle_target: target point Point{x=3357.0, y=1350.0}
12-21 14:46:53.272  1020  1371 D KLog_turret_angle: total turret angle 2.387069733932235 total turret angle wrap 2.387069733932235
12-21 14:46:53.273  1020  1371 D KLog_TurretAutoAlignLimelight_Odometry_Calc: targetTicks 570.6129409195801
12-21 14:46:53.273  1020  1371 D KLog_TurretAutoAlignLimelight: Limelight angle0.0
12-21 14:46:53.274  1020  1372 D KLog_Odometry_Encoder: right encoder -34956
12-21 14:46:53.277  1020  1372 D KLog_Odometry_Encoder: left encoder -17938
12-21 14:46:53.281  1020  1372 D KLog_Odometry_Encoder: back encoder -2559
12-21 14:46:53.283  1020  1371 D KLog_AngVel_withinRange: Within RANGE - motor position 571.00, target ticks 570.61
12-21 14:46:53.284  1020  1371 D KLog_ActionLifecycle: [unnamed] STARTED
12-21 14:46:53.284  1020  1371 D KLog_AngVel: Robot: (-1367.6, -690.0) mm, Heading: -1.979 rad (-113.4 deg)
12-21 14:46:53.284  1020  1371 D KLog_AngVel: Target: (3357.0, 1350.0) mm
12-21 14:46:53.285  1020  1371 D KLog_AngVel: Delta: (4724.6, 2040.0) mm, Distance: 5146.2 mm, Angle: 0.408 rad (23.4 deg)
12-21 14:46:53.285  1020  1371 D KLog_AngVel: Angle Error: 2.387 rad (136.8 deg) = angleToGoal(0.408) - robotHeading(-1.979)
12-21 14:46:53.286  1020  1371 D KLog_AngVel: ΔAngle: 0.0000 rad, ΔTime: 16.8 ms, Velocity: 0.000 rad/ms (0.000 rad/s)
12-21 14:46:53.286  1020  1371 D KLog_AngVel: Angular Velocity: 0.000 rad/ms, Angle Error: 2.387 rad (136.8 deg)
12-21 14:46:53.288  1020  1372 D KLog_Odometry_IMU_Heading: Heading (rad): -1.9906291584179474 (deg): -114.05464935302734
12-21 14:46:53.288  1020  1372 D KLog_Odometry_IMU_Prev_Heading: PrevHeading (rad): -1.9906294247340566 (deg): -114.05466461181642
12-21 14:46:53.289  1020  1372 D KLog_Odometry_Delta_Theta: Raw IMU Current Heading-1.9906291584179474 Prev IMU Heading -1.9906294247340566
12-21 14:46:53.289  1020  1372 D KLog_Odometry_Delta_Theta: Imu Delta Theta: 2.663161091653876E-7 Wheel Delta Theta: 0.0
12-21 14:46:53.289  1020  1372 D KLog_Odometry_Delta_Theta: Checking IMU delta theta 2.663161091653876E-7 wheel delta theta 0.0
12-21 14:46:53.289  1020  1372 D KLog_Odometry_IMU_Unhealthy: IMUPhantom IMU delta theta 2.663161091653876E-7 wheel delta theta 0.0
12-21 14:46:53.289  1020  1372 D KLog_Odometry_IMU_Health: Fallback Raw IMU 2.663161091653876E-7 wheel 0.0
12-21 14:46:53.289  1020  1372 D KLog_Odometry_IMU_Position: x=-1367.60 (-53.84 in), y=-689.98 (-27.16 in), theta=-1.9795 (-113.4 deg) UnhealthyCounter 3361
12-21 14:46:53.290  1020  1372 D KLog_Odometry_Wheel_Position: x=-1404.55 (-55.30 in), y=-702.86 (-27.67 in), theta=-2.0218 (-115.8 deg) UnhealthyCounter 3361
12-21 14:46:53.290  1020  1372 D KLog_OdometryLogger_Line: 1766357213290,-2559,-17938,-34956,-190.63351927379998,-1336.2970178715998,-2604.0583429992,-1.9906291584179474,-1404.5478238847209,-702.8617129014505,-2.0218027017086615,0.0,-1367.5995661184677,-689.9820873456722,-1.9794713935952803,0.0,3361
12-21 14:46:53.290  1020  1372 D KLog_OdometryLogger: Buffered line 9965
12-21 14:46:53.290  1020  1372 D KLog_ExecutorService_Run: Thread is running. OpMode.isActive: true
12-21 14:46:53.290  1020  1372 D KLog_ExecutorService_Run: OpModeIsActive. Running
12-21 14:46:53.292  1020  1371 D KLog_turret_angle_target: target point Point{x=3357.0, y=1350.0}
12-21 14:46:53.292  1020  1371 D KLog_turret_angle: total turret angle 2.387069733932235 total turret angle wrap 2.387069733932235
12-21 14:46:53.292  1020  1371 D KLog_TurretAutoAlignLimelight_Odometry_Calc: targetTicks 570.6129409195801
12-21 14:46:53.292  1020  1371 D KLog_TurretAutoAlignLimelight: Limelight angle0.0
12-21 14:46:53.293  1020  1372 D KLog_Odometry_Encoder: right encoder -34956
12-21 14:46:53.296  1020  1372 D KLog_Odometry_Encoder: left encoder -17938
12-21 14:46:53.301  1020  1372 D KLog_Odometry_Encoder: back encoder -2559
12-21 14:46:53.303  1020  1371 D KLog_AngVel_withinRange: Within RANGE - motor position 571.00, target ticks 570.61
12-21 14:46:53.303  1020  1371 D KLog_TeleOp_Turret: Turret Power0.0
12-21 14:46:53.303  1020  1371 D KLog_ActionLifecycle: [unnamed] STARTED
12-21 14:46:53.312  1020  1372 D KLog_Odometry_IMU_Heading: Heading (rad): -1.9906294247340566 (deg): -114.05466461181642
12-21 14:46:53.312  1020  1372 D KLog_Odometry_IMU_Prev_Heading: PrevHeading (rad): -1.9906291584179474 (deg): -114.05464935302734
12-21 14:46:53.312  1020  1372 D KLog_Odometry_Delta_Theta: Raw IMU Current Heading-1.9906294247340566 Prev IMU Heading -1.9906291584179474
12-21 14:46:53.312  1020  1372 D KLog_Odometry_Delta_Theta: Imu Delta Theta: -2.663161091653876E-7 Wheel Delta Theta: 0.0
12-21 14:46:53.312  1020  1372 D KLog_Odometry_Delta_Theta: Checking IMU delta theta -2.663161091653876E-7 wheel delta theta 0.0
12-21 14:46:53.312  1020  1372 D KLog_Odometry_IMU_Unhealthy: IMUPhantom IMU delta theta -2.663161091653876E-7 wheel delta theta 0.0
12-21 14:46:53.313  1020  1372 D KLog_Odometry_IMU_Health: Fallback Raw IMU -2.663161091653876E-7 wheel 0.0
12-21 14:46:53.313  1020  1372 D KLog_Odometry_IMU_Position: x=-1367.60 (-53.84 in), y=-689.98 (-27.16 in), theta=-1.9795 (-113.4 deg) UnhealthyCounter 3362
12-21 14:46:53.314  1020  1372 D KLog_Odometry_Wheel_Position: x=-1404.55 (-55.30 in), y=-702.86 (-27.67 in), theta=-2.0218 (-115.8 deg) UnhealthyCounter 3362
12-21 14:46:53.314  1020  1372 D KLog_OdometryLogger_Line: 1766357213314,-2559,-17938,-34956,-190.63351927379998,-1336.2970178715998,-2604.0583429992,-1.9906294247340566,-1404.5478238847209,-702.8617129014505,-2.0218027017086615,0.0,-1367.5995661184677,-689.9820873456722,-1.9794713935952803,0.0,3362
12-21 14:46:53.314  1020  1372 D KLog_OdometryLogger: Buffered line 9966
12-21 14:46:53.314  1020  1372 D KLog_ExecutorService_Run: Thread is running. OpMode.isActive: true
12-21 14:46:53.314  1020  1372 D KLog_ExecutorService_Run: OpModeIsActive. Running
12-21 14:46:53.316  1020  1372 D KLog_Odometry_Encoder: right encoder -34956
12-21 14:46:53.318  1020  1371 D KLog_ActionSet: [unnamed] Executing action: [ReleaseBraking]
12-21 14:46:53.319  1020  1371 D KLog_ActionLifecycle: [ReleaseBraking] STARTED
12-21 14:46:53.319  1020  1372 D KLog_Odometry_Encoder: left encoder -17938
12-21 14:46:53.324  1020  1372 D KLog_Odometry_Encoder: back encoder -2559
12-21 14:46:53.328  1020  1371 D KLog_ActionSet: [unnamed] Status: 1 total, 0 completed, 1 executed, 0 blocked
12-21 14:46:53.329  1020  1371 D Odometry: Position: x=-1367.60 (-53.84 in), y=-689.98 (-27.16 in), theta=-1.9795 (-113.4 deg)
12-21 14:46:53.329  1020  1371 D KLog_KGamePad_Toggle: Toggle X: false
12-21 14:46:53.329  1020  1371 D KLog_KGamePad_Toggle: Toggle Back: false
12-21 14:46:53.330  1020  1372 D KLog_Odometry_IMU_Heading: Heading (rad): -1.9906294247340566 (deg): -114.05466461181642
12-21 14:46:53.330  1020  1372 D KLog_Odometry_IMU_Prev_Heading: PrevHeading (rad): -1.9906294247340566 (deg): -114.05466461181642
12-21 14:46:53.330  1020  1372 D KLog_Odometry_Delta_Theta: Raw IMU Current Heading-1.9906294247340566 Prev IMU Heading -1.9906294247340566
12-21 14:46:53.330  1020  1372 D KLog_Odometry_Delta_Theta: Imu Delta Theta: 0.0 Wheel Delta Theta: 0.0
12-21 14:46:53.330  1020  1372 D KLog_Odometry_Delta_Theta: Checking IMU delta theta 0.0 wheel delta theta 0.0
12-21 14:46:53.330  1020  1372 D KLog_Odometry_IMU_Health: Healthy Raw IMU 0.0 wheel 0.0
12-21 14:46:53.331  1020  1372 D KLog_Odometry_IMU_Position: x=-1367.60 (-53.84 in), y=-689.98 (-27.16 in), theta=-1.9795 (-113.4 deg) UnhealthyCounter 3362
12-21 14:46:53.331  1020  1372 D KLog_Odometry_Wheel_Position: x=-1404.55 (-55.30 in), y=-702.86 (-27.67 in), theta=-2.0218 (-115.8 deg) UnhealthyCounter 3362
12-21 14:46:53.332  1020  1372 D KLog_OdometryLogger_Line: 1766357213332,-2559,-17938,-34956,-190.63351927379998,-1336.2970178715998,-2604.0583429992,-1.9906294247340566,-1404.5478238847209,-702.8617129014505,-2.0218027017086615,0.0,-1367.5995661184677,-689.9820873456722,-1.9794713935952803,0.0,3362
12-21 14:46:53.332  1020  1372 D KLog_OdometryLogger: Buffered line 9967
12-21 14:46:53.332  1020  1372 D KLog_ExecutorService_Run: Thread is running. OpMode.isActive: true
12-21 14:46:53.332  1020  1372 D KLog_ExecutorService_Run: OpModeIsActive. Running
12-21 14:46:53.339  1020  1372 D KLog_Odometry_Encoder: right encoder -34956
12-21 14:46:53.342  1020  1371 D KLog_ActionLifecycle: [unnamed] STARTED
12-21 14:46:53.342  1020  1371 D KLog_ActionLifecycle: [unnamed] STARTED
12-21 14:46:53.343  1020  1372 D KLog_Odometry_Encoder: left encoder -17938
12-21 14:46:53.343  1020  1371 D KLog_AngVel: Robot: (-1367.6, -690.0) mm, Heading: -1.979 rad (-113.4 deg)
12-21 14:46:53.343  1020  1371 D KLog_AngVel: Target: (3357.0, 1350.0) mm
12-21 14:46:53.344  1020  1371 D KLog_AngVel: Delta: (4724.6, 2040.0) mm, Distance: 5146.2 mm, Angle: 0.408 rad (23.4 deg)
12-21 14:46:53.344  1020  1372 D KLog_Odometry_Encoder: back encoder -2559
12-21 14:46:53.345  1020  1371 D KLog_AngVel: Angle Error: 2.387 rad (136.8 deg) = angleToGoal(0.408) - robotHeading(-1.979)
12-21 14:46:53.345  1020  1371 D KLog_AngVel: ΔAngle: 0.0000 rad, ΔTime: 59.1 ms, Velocity: 0.000 rad/ms (0.000 rad/s)
12-21 14:46:53.346  1020  1371 D KLog_AngVel: Angular Velocity: 0.000 rad/ms, Angle Error: 2.387 rad (136.8 deg)
12-21 14:46:53.349  1020  1371 D KLog_turret_angle_target: target point Point{x=3357.0, y=1350.0}
12-21 14:46:53.349  1020  1371 D KLog_turret_angle: total turret angle 2.387069733932235 total turret angle wrap 2.387069733932235
12-21 14:46:53.349  1020  1371 D KLog_TurretAutoAlignLimelight_Odometry_Calc: targetTicks 570.6129409195801
12-21 14:46:53.349  1020  1371 D KLog_TurretAutoAlignLimelight: Limelight angle0.0
12-21 14:46:53.351  1020  1372 D KLog_Odometry_IMU_Heading: Heading (rad): -1.9907451390834203 (deg): -114.06129455566405
12-21 14:46:53.351  1020  1372 D KLog_Odometry_IMU_Prev_Heading: PrevHeading (rad): -1.9906294247340566 (deg): -114.05466461181642
12-21 14:46:53.351  1020  1372 D KLog_Odometry_Delta_Theta: Raw IMU Current Heading-1.9907451390834203 Prev IMU Heading -1.9906294247340566
12-21 14:46:53.351  1020  1372 D KLog_Odometry_Delta_Theta: Imu Delta Theta: -1.1571434936374914E-4 Wheel Delta Theta: 0.0
12-21 14:46:53.351  1020  1372 D KLog_Odometry_Delta_Theta: Checking IMU delta theta -1.1571434936374914E-4 wheel delta theta 0.0
12-21 14:46:53.351  1020  1372 D KLog_Odometry_IMU_Unhealthy: IMUPhantom IMU delta theta -1.1571434936374914E-4 wheel delta theta 0.0
12-21 14:46:53.352  1020  1372 D KLog_Odometry_IMU_Health: Fallback Raw IMU -1.1571434936374914E-4 wheel 0.0
12-21 14:46:53.352  1020  1372 D KLog_Odometry_IMU_Position: x=-1367.60 (-53.84 in), y=-689.98 (-27.16 in), theta=-1.9795 (-113.4 deg) UnhealthyCounter 3363
12-21 14:46:53.352  1020  1372 D KLog_Odometry_Wheel_Position: x=-1404.55 (-55.30 in), y=-702.86 (-27.67 in), theta=-2.0218 (-115.8 deg) UnhealthyCounter 3363
12-21 14:46:53.353  1020  1372 D KLog_OdometryLogger_Line: 1766357213353,-2559,-17938,-34956,-190.63351927379998,-1336.2970178715998,-2604.0583429992,-1.9907451390834203,-1404.5478238847209,-702.8617129014505,-2.0218027017086615,0.0,-1367.5995661184677,-689.9820873456722,-1.9794713935952803,0.0,3363
12-21 14:46:53.353  1020  1372 D KLog_OdometryLogger: Buffered line 9968
12-21 14:46:53.353  1020  1372 D KLog_ExecutorService_Run: Thread is running. OpMode.isActive: true
12-21 14:46:53.353  1020  1372 D KLog_ExecutorService_Run: OpModeIsActive. Running
12-21 14:46:53.356  1020  1372 D KLog_Odometry_Encoder: right encoder -34956
12-21 14:46:53.360  1020  1372 D KLog_Odometry_Encoder: left encoder -17938
12-21 14:46:53.363  1020  1372 D KLog_Odometry_Encoder: back encoder -2559
12-21 14:46:53.366  1020  1371 D KLog_AngVel_withinRange: Within RANGE - motor position 571.00, target ticks 570.61
12-21 14:46:53.366  1020  1371 D KLog_ActionLifecycle: [unnamed] STARTED
12-21 14:46:53.366  1020  1371 D KLog_AngVel: Robot: (-1367.6, -690.0) mm, Heading: -1.979 rad (-113.4 deg)
12-21 14:46:53.367  1020  1371 D KLog_AngVel: Target: (3357.0, 1350.0) mm
12-21 14:46:53.367  1020  1371 D KLog_AngVel: Delta: (4724.6, 2040.0) mm, Distance: 5146.2 mm, Angle: 0.408 rad (23.4 deg)
12-21 14:46:53.367  1020  1371 D KLog_AngVel: Angle Error: 2.387 rad (136.8 deg) = angleToGoal(0.408) - robotHeading(-1.979)
12-21 14:46:53.367  1020  1371 D KLog_AngVel: ΔAngle: 0.0000 rad, ΔTime: 21.8 ms, Velocity: 0.000 rad/ms (0.000 rad/s)
12-21 14:46:53.368  1020  1371 D KLog_AngVel: Angular Velocity: 0.000 rad/ms, Angle Error: 2.387 rad (136.8 deg)
12-21 14:46:53.371  1020  1371 D KLog_turret_angle_target: target point Point{x=3357.0, y=1350.0}
12-21 14:46:53.371  1020  1371 D KLog_turret_angle: total turret angle 2.387069733932235 total turret angle wrap 2.387069733932235
12-21 14:46:53.371  1020  1371 D KLog_TurretAutoAlignLimelight_Odometry_Calc: targetTicks 570.6129409195801
12-21 14:46:53.371  1020  1371 D KLog_TurretAutoAlignLimelight: Limelight angle0.0
12-21 14:46:53.373  1020  1372 D KLog_Odometry_IMU_Heading: Heading (rad): -1.9907451390834203 (deg): -114.06129455566405
12-21 14:46:53.373  1020  1372 D KLog_Odometry_IMU_Prev_Heading: PrevHeading (rad): -1.9907451390834203 (deg): -114.06129455566405
12-21 14:46:53.373  1020  1372 D KLog_Odometry_Delta_Theta: Raw IMU Current Heading-1.9907451390834203 Prev IMU Heading -1.9907451390834203
12-21 14:46:53.373  1020  1372 D KLog_Odometry_Delta_Theta: Imu Delta Theta: 0.0 Wheel Delta Theta: 0.0
12-21 14:46:53.373  1020  1372 D KLog_Odometry_Delta_Theta: Checking IMU delta theta 0.0 wheel delta theta 0.0
12-21 14:46:53.373  1020  1372 D KLog_Odometry_IMU_Health: Healthy Raw IMU 0.0 wheel 0.0
12-21 14:46:53.373  1020  1372 D KLog_Odometry_IMU_Position: x=-1367.60 (-53.84 in), y=-689.98 (-27.16 in), theta=-1.9795 (-113.4 deg) UnhealthyCounter 3363
12-21 14:46:53.374  1020  1372 D KLog_Odometry_Wheel_Position: x=-1404.55 (-55.30 in), y=-702.86 (-27.67 in), theta=-2.0218 (-115.8 deg) UnhealthyCounter 3363
12-21 14:46:53.374  1020  1372 D KLog_OdometryLogger_Line: 1766357213374,-2559,-17938,-34956,-190.63351927379998,-1336.2970178715998,-2604.0583429992,-1.9907451390834203,-1404.5478238847209,-702.8617129014505,-2.0218027017086615,0.0,-1367.5995661184677,-689.9820873456722,-1.9794713935952803,0.0,3363
12-21 14:46:53.374  1020  1372 D KLog_OdometryLogger: Buffered line 9969
12-21 14:46:53.374  1020  1372 D KLog_ExecutorService_Run: Thread is running. OpMode.isActive: true
12-21 14:46:53.374  1020  1372 D KLog_ExecutorService_Run: OpModeIsActive. Running
12-21 14:46:53.378  1020  1372 D KLog_Odometry_Encoder: right encoder -34956
12-21 14:46:53.380  1020  1371 D KLog_AngVel_withinRange: Within RANGE - motor position 571.00, target ticks 570.61
12-21 14:46:53.380  1020  1371 D KLog_TeleOp_Turret: Turret Power0.0
12-21 14:46:53.381  1020  1372 D KLog_Odometry_Encoder: left encoder -17938
12-21 14:46:53.383  1020  1371 D KLog_ActionLifecycle: [unnamed] STARTED
12-21 14:46:53.384  1020  1371 D KLog_ActionSet: [unnamed] Executing action: [ReleaseBraking]
12-21 14:46:53.384  1020  1371 D KLog_ActionLifecycle: [ReleaseBraking] STARTED
12-21 14:46:53.385  1020  1372 D KLog_Odometry_Encoder: back encoder -2559
12-21 14:46:53.391  1020  1372 D KLog_Odometry_IMU_Heading: Heading (rad): -1.9907451390834203 (deg): -114.06129455566405
12-21 14:46:53.391  1020  1372 D KLog_Odometry_IMU_Prev_Heading: PrevHeading (rad): -1.9907451390834203 (deg): -114.06129455566405
12-21 14:46:53.391  1020  1372 D KLog_Odometry_Delta_Theta: Raw IMU Current Heading-1.9907451390834203 Prev IMU Heading -1.9907451390834203
12-21 14:46:53.391  1020  1372 D KLog_Odometry_Delta_Theta: Imu Delta Theta: 0.0 Wheel Delta Theta: 0.0
12-21 14:46:53.391  1020  1372 D KLog_Odometry_Delta_Theta: Checking IMU delta theta 0.0 wheel delta theta 0.0
12-21 14:46:53.391  1020  1372 D KLog_Odometry_IMU_Health: Healthy Raw IMU 0.0 wheel 0.0
12-21 14:46:53.391  1020  1372 D KLog_Odometry_IMU_Position: x=-1367.60 (-53.84 in), y=-689.98 (-27.16 in), theta=-1.9795 (-113.4 deg) UnhealthyCounter 3363
12-21 14:46:53.392  1020  1371 D KLog_ActionSet: [unnamed] Status: 1 total, 0 completed, 1 executed, 0 blocked
12-21 14:46:53.392  1020  1372 D KLog_Odometry_Wheel_Position: x=-1404.55 (-55.30 in), y=-702.86 (-27.67 in), theta=-2.0218 (-115.8 deg) UnhealthyCounter 3363
12-21 14:46:53.392  1020  1371 D Odometry: Position: x=-1367.60 (-53.84 in), y=-689.98 (-27.16 in), theta=-1.9795 (-113.4 deg)
12-21 14:46:53.392  1020  1371 D KLog_KGamePad_Toggle: Toggle X: false
12-21 14:46:53.392  1020  1372 D KLog_OdometryLogger_Line: 1766357213392,-2559,-17938,-34956,-190.63351927379998,-1336.2970178715998,-2604.0583429992,-1.9907451390834203,-1404.5478238847209,-702.8617129014505,-2.0218027017086615,0.0,-1367.5995661184677,-689.9820873456722,-1.9794713935952803,0.0,3363
12-21 14:46:53.392  1020  1371 D KLog_KGamePad_Toggle: Toggle Back: false
12-21 14:46:53.392  1020  1372 D KLog_OdometryLogger: Buffered line 9970
12-21 14:46:53.392  1020  1372 D KLog_ExecutorService_Run: Thread is running. OpMode.isActive: true
12-21 14:46:53.392  1020  1372 D KLog_ExecutorService_Run: OpModeIsActive. Running
12-21 14:46:53.396  1020  1372 D KLog_Odometry_Encoder: right encoder -34956
12-21 14:46:53.396  1020  1371 D KLog_ActionLifecycle: [unnamed] STARTED
12-21 14:46:53.398  1020  1371 D KLog_ActionLifecycle: [unnamed] STARTED
12-21 14:46:53.398  1020  1372 D KLog_Odometry_Encoder: left encoder -17938
12-21 14:46:53.398  1020  1371 D KLog_AngVel: Robot: (-1367.6, -690.0) mm, Heading: -1.979 rad (-113.4 deg)
12-21 14:46:53.399  1020  1371 D KLog_AngVel: Target: (3357.0, 1350.0) mm
12-21 14:46:53.399  1020  1371 D KLog_AngVel: Delta: (4724.6, 2040.0) mm, Distance: 5146.2 mm, Angle: 0.408 rad (23.4 deg)
12-21 14:46:53.399  1020  1371 D KLog_AngVel: Angle Error: 2.387 rad (136.8 deg) = angleToGoal(0.408) - robotHeading(-1.979)
12-21 14:46:53.399  1020  1371 D KLog_AngVel: ΔAngle: 0.0000 rad, ΔTime: 31.7 ms, Velocity: 0.000 rad/ms (0.000 rad/s)
12-21 14:46:53.400  1020  1371 D KLog_AngVel: Angular Velocity: 0.000 rad/ms, Angle Error: 2.387 rad (136.8 deg)
12-21 14:46:53.400  1020  1372 D KLog_Odometry_Encoder: back encoder -2559
12-21 14:46:53.404  1020  1371 D KLog_turret_angle_target: target point Point{x=3357.0, y=1350.0}
12-21 14:46:53.404  1020  1371 D KLog_turret_angle: total turret angle 2.387069733932235 total turret angle wrap 2.387069733932235
12-21 14:46:53.404  1020  1371 D KLog_TurretAutoAlignLimelight_Odometry_Calc: targetTicks 570.6129409195801
12-21 14:46:53.404  1020  1371 D KLog_TurretAutoAlignLimelight: Limelight angle0.0
12-21 14:46:53.412  1020  1372 D KLog_Odometry_IMU_Heading: Heading (rad): -1.9907438075028754 (deg): -114.06121826171875
12-21 14:46:53.412  1020  1372 D KLog_Odometry_IMU_Prev_Heading: PrevHeading (rad): -1.9907451390834203 (deg): -114.06129455566405
12-21 14:46:53.412  1020  1372 D KLog_Odometry_Delta_Theta: Raw IMU Current Heading-1.9907438075028754 Prev IMU Heading -1.9907451390834203
12-21 14:46:53.413  1020  1372 D KLog_Odometry_Delta_Theta: Imu Delta Theta: 1.3315805449387597E-6 Wheel Delta Theta: 0.0
12-21 14:46:53.413  1020  1372 D KLog_Odometry_Delta_Theta: Checking IMU delta theta 1.3315805449387597E-6 wheel delta theta 0.0
12-21 14:46:53.413  1020  1372 D KLog_Odometry_IMU_Unhealthy: IMUPhantom IMU delta theta 1.3315805449387597E-6 wheel delta theta 0.0
12-21 14:46:53.413  1020  1372 D KLog_Odometry_IMU_Health: Fallback Raw IMU 1.3315805449387597E-6 wheel 0.0
12-21 14:46:53.413  1020  1372 D KLog_Odometry_IMU_Position: x=-1367.60 (-53.84 in), y=-689.98 (-27.16 in), theta=-1.9795 (-113.4 deg) UnhealthyCounter 3364
12-21 14:46:53.414  1020  1372 D KLog_Odometry_Wheel_Position: x=-1404.55 (-55.30 in), y=-702.86 (-27.67 in), theta=-2.0218 (-115.8 deg) UnhealthyCounter 3364
12-21 14:46:53.414  1020  1372 D KLog_OdometryLogger_Line: 1766357213414,-2559,-17938,-34956,-190.63351927379998,-1336.2970178715998,-2604.0583429992,-1.9907438075028754,-1404.5478238847209,-702.8617129014505,-2.0218027017086615,0.0,-1367.5995661184677,-689.9820873456722,-1.9794713935952803,0.0,3364
12-21 14:46:53.414  1020  1372 D KLog_OdometryLogger: Buffered line 9971
12-21 14:46:53.415  1020  1372 D KLog_ExecutorService_Run: Thread is running. OpMode.isActive: true
12-21 14:46:53.415  1020  1372 D KLog_ExecutorService_Run: OpModeIsActive. Running
12-21 14:46:53.417  1020  1372 D KLog_Odometry_Encoder: right encoder -34956
12-21 14:46:53.419  1020  1371 D KLog_AngVel_withinRange: Within RANGE - motor position 571.00, target ticks 570.61
12-21 14:46:53.419  1020  1371 D KLog_ActionLifecycle: [unnamed] STARTED
12-21 14:46:53.420  1020  1371 D KLog_AngVel: Robot: (-1367.6, -690.0) mm, Heading: -1.979 rad (-113.4 deg)
12-21 14:46:53.420  1020  1371 D KLog_AngVel: Target: (3357.0, 1350.0) mm
12-21 14:46:53.420  1020  1371 D KLog_AngVel: Delta: (4724.6, 2040.0) mm, Distance: 5146.2 mm, Angle: 0.408 rad (23.4 deg)
12-21 14:46:53.420  1020  1371 D KLog_AngVel: Angle Error: 2.387 rad (136.8 deg) = angleToGoal(0.408) - robotHeading(-1.979)
12-21 14:46:53.421  1020  1371 D KLog_AngVel: ΔAngle: 0.0000 rad, ΔTime: 20.9 ms, Velocity: 0.000 rad/ms (0.000 rad/s)
12-21 14:46:53.421  1020  1371 D KLog_AngVel: Angular Velocity: 0.000 rad/ms, Angle Error: 2.387 rad (136.8 deg)
12-21 14:46:53.421  1020  1372 D KLog_Odometry_Encoder: left encoder -17938
12-21 14:46:53.423  1020  1372 D KLog_Odometry_Encoder: back encoder -2558
12-21 14:46:53.425  1020  1371 D KLog_turret_angle_target: target point Point{x=3357.0, y=1350.0}
12-21 14:46:53.425  1020  1371 D KLog_turret_angle: total turret angle 2.387069733932235 total turret angle wrap 2.387069733932235
12-21 14:46:53.425  1020  1371 D KLog_TurretAutoAlignLimelight_Odometry_Calc: targetTicks 570.6129409195801
12-21 14:46:53.425  1020  1371 D KLog_TurretAutoAlignLimelight: Limelight angle0.0
12-21 14:46:53.431  1020  1372 D KLog_Odometry_IMU_Heading: Heading (rad): -1.9907438075028754 (deg): -114.06121826171875
12-21 14:46:53.432  1020  1372 D KLog_Odometry_IMU_Prev_Heading: PrevHeading (rad): -1.9907438075028754 (deg): -114.06121826171875
12-21 14:46:53.432  1020  1372 D KLog_Odometry_Delta_Theta: Raw IMU Current Heading-1.9907438075028754 Prev IMU Heading -1.9907438075028754
12-21 14:46:53.432  1020  1372 D KLog_Odometry_Delta_Theta: Imu Delta Theta: 0.0 Wheel Delta Theta: 0.0
12-21 14:46:53.432  1020  1372 D KLog_Odometry_Delta_Theta: Checking IMU delta theta 0.0 wheel delta theta 0.0
12-21 14:46:53.432  1020  1372 D KLog_Odometry_IMU_Health: Healthy Raw IMU 0.0 wheel 0.0
12-21 14:46:53.433  1020  1372 D KLog_Odometry_IMU_Position: x=-1367.53 (-53.84 in), y=-690.01 (-27.17 in), theta=-1.9795 (-113.4 deg) UnhealthyCounter 3364
12-21 14:46:53.433  1020  1372 D KLog_Odometry_Wheel_Position: x=-1404.48 (-55.29 in), y=-702.89 (-27.67 in), theta=-2.0218 (-115.8 deg) UnhealthyCounter 3364
12-21 14:46:53.434  1020  1372 D KLog_OdometryLogger_Line: 1766357213433,-2558,-17938,-34956,-190.5590239556,-1336.2970178715998,-2604.0583429992,-1.9907438075028754,-1404.4807774347335,-702.8941832876169,-2.0218027017086615,0.0,-1367.531205627656,-690.0116913273247,-1.9794713935952803,0.0,3364
12-21 14:46:53.434  1020  1372 D KLog_OdometryLogger: Buffered line 9972
12-21 14:46:53.434  1020  1372 D KLog_ExecutorService_Run: Thread is running. OpMode.isActive: true
12-21 14:46:53.434  1020  1372 D KLog_ExecutorService_Run: OpModeIsActive. Running
12-21 14:46:53.436  1020  1372 D KLog_Odometry_Encoder: right encoder -34956
12-21 14:46:53.439  1020  1371 D KLog_AngVel_withinRange: Within RANGE - motor position 571.00, target ticks 570.61
12-21 14:46:53.440  1020  1371 D KLog_TeleOp_Turret: Turret Power0.0
12-21 14:46:53.440  1020  1371 D KLog_ActionLifecycle: [unnamed] STARTED
12-21 14:46:53.440  1020  1371 D KLog_ActionSet: [unnamed] Executing action: [ReleaseBraking]
12-21 14:46:53.440  1020  1371 D KLog_ActionLifecycle: [ReleaseBraking] STARTED
12-21 14:46:53.440  1020  1371 D KLog_ActionSet: [unnamed] Status: 1 total, 0 completed, 1 executed, 0 blocked
12-21 14:46:53.441  1020  1371 D Odometry: Position: x=-1367.53 (-53.84 in), y=-690.01 (-27.17 in), theta=-1.9795 (-113.4 deg)
12-21 14:46:53.441  1020  1371 D KLog_KGamePad_Toggle: Toggle X: false
12-21 14:46:53.441  1020  1371 D KLog_KGamePad_Toggle: Toggle Back: false
12-21 14:46:53.442  1020  1372 D KLog_Odometry_Encoder: left encoder -17938
12-21 14:46:53.445  1020  1371 D KLog_ActionLifecycle: [unnamed] STARTED
12-21 14:46:53.445  1020  1371 D KLog_ActionLifecycle: [unnamed] STARTED
12-21 14:46:53.445  1020  1371 D KLog_AngVel: Robot: (-1367.5, -690.0) mm, Heading: -1.979 rad (-113.4 deg)
12-21 14:46:53.446  1020  1371 D KLog_AngVel: Target: (3357.0, 1350.0) mm
12-21 14:46:53.446  1020  1371 D KLog_AngVel: Delta: (4724.5, 2040.0) mm, Distance: 5146.1 mm, Angle: 0.408 rad (23.4 deg)
12-21 14:46:53.446  1020  1372 D KLog_Odometry_Encoder: back encoder -2558
12-21 14:46:53.446  1020  1371 D KLog_AngVel: Angle Error: 2.387 rad (136.8 deg) = angleToGoal(0.408) - robotHeading(-1.979)
12-21 14:46:53.447  1020  1371 D KLog_AngVel: ΔAngle: 0.0000 rad, ΔTime: 25.6 ms, Velocity: 0.000 rad/ms (0.000 rad/s)
12-21 14:46:53.447  1020  1371 D KLog_AngVel: Angular Velocity: 0.000 rad/ms, Angle Error: 2.387 rad (136.8 deg)
12-21 14:46:53.452  1020  1371 D KLog_turret_angle_target: target point Point{x=3357.0, y=1350.0}
12-21 14:46:53.452  1020  1371 D KLog_turret_angle: total turret angle 2.387080281076592 total turret angle wrap 2.387080281076592
