--------- beginning of system
12-21 14:42:02.717   822   822 D lvjinhua:  Failed while trying resolve alarm filter file, not exists
12-21 14:43:42.727   822   822 D lvjinhua:  Failed while trying resolve alarm filter file, not exists
--------- beginning of main
12-21 14:46:52.867  1020  1372 D KLog_OdometryLogger_Line: 1766357212867,-2559,-17938,-34956,-190.63351927379998,-1336.2970178715998,-2604.0583429992,-1.9907840212353356,-1404.5478238847209,-702.8617129014505,-2.0218027017086615,0.0,-1367.5995661184677,-689.9820873456722,-1.9794713935952803,0.0,3350
12-21 14:46:52.867  1020  1372 D KLog_OdometryLogger: Buffered line 9943
12-21 14:46:52.867  1020  1372 D KLog_ExecutorService_Run: Thread is running. OpMode.isActive: true
12-21 14:46:52.867  1020  1372 D KLog_ExecutorService_Run: OpModeIsActive. Running
12-21 14:46:52.871  1020  1372 D KLog_Odometry_Encoder: right encoder -34956
12-21 14:46:52.873  1020  1372 D KLog_Odometry_Encoder: left encoder -17938
12-21 14:46:52.873  1020  1371 D KLog_ActionLifecycle: [unnamed] STARTED
12-21 14:46:52.873  1020  1371 D KLog_ActionLifecycle: [unnamed] STARTED
12-21 14:46:52.874  1020  1371 D KLog_AngVel: Robot: (-1367.6, -690.0) mm, Heading: -1.979 rad (-113.4 deg)
12-21 14:46:52.874  1020  1371 D KLog_AngVel: Target: (3357.0, 1350.0) mm
12-21 14:46:52.874  1020  1371 D KLog_AngVel: Delta: (4724.6, 2040.0) mm, Distance: 5146.2 mm, Angle: 0.408 rad (23.4 deg)
12-21 14:46:52.874  1020  1372 D KLog_Odometry_Encoder: back encoder -2559
12-21 14:46:52.875  1020  1371 D KLog_AngVel: Angle Error: 2.387 rad (136.8 deg) = angleToGoal(0.408) - robotHeading(-1.979)
12-21 14:46:52.875  1020  1371 D KLog_AngVel: ΔAngle: 0.0000 rad, ΔTime: 33.7 ms, Velocity: 0.000 rad/ms (0.000 rad/s)
12-21 14:46:52.875  1020  1371 D KLog_AngVel: Angular Velocity: 0.000 rad/ms, Angle Error: 2.387 rad (136.8 deg)
12-21 14:46:52.879  1020  1371 D KLog_turret_angle_target: target point Point{x=3357.0, y=1350.0}
12-21 14:46:52.879  1020  1371 D KLog_turret_angle: total turret angle 2.387069733932235 total turret angle wrap 2.387069733932235
12-21 14:46:52.879  1020  1371 D KLog_TurretAutoAlignLimelight_Odometry_Calc: targetTicks 570.6129409195801
12-21 14:46:52.879  1020  1371 D KLog_TurretAutoAlignLimelight: Limelight angle0.0
12-21 14:46:52.881  1020  1372 D KLog_Odometry_IMU_Heading: Heading (rad): -1.9907840212353356 (deg): -114.06352233886719
12-21 14:46:52.881  1020  1372 D KLog_Odometry_IMU_Prev_Heading: PrevHeading (rad): -1.9907840212353356 (deg): -114.06352233886719
12-21 14:46:52.881  1020  1372 D KLog_Odometry_Delta_Theta: Raw IMU Current Heading-1.9907840212353356 Prev IMU Heading -1.9907840212353356
12-21 14:46:52.881  1020  1372 D KLog_Odometry_Delta_Theta: Imu Delta Theta: 0.0 Wheel Delta Theta: 0.0
12-21 14:46:52.881  1020  1372 D KLog_Odometry_Delta_Theta: Checking IMU delta theta 0.0 wheel delta theta 0.0
12-21 14:46:52.881  1020  1372 D KLog_Odometry_IMU_Health: Healthy Raw IMU 0.0 wheel 0.0
12-21 14:46:52.882  1020  1372 D KLog_Odometry_IMU_Position: x=-1367.60 (-53.84 in), y=-689.98 (-27.16 in), theta=-1.9795 (-113.4 deg) UnhealthyCounter 3350
12-21 14:46:52.882  1020  1372 D KLog_Odometry_Wheel_Position: x=-1404.55 (-55.30 in), y=-702.86 (-27.67 in), theta=-2.0218 (-115.8 deg) UnhealthyCounter 3350
12-21 14:46:52.883  1020  1372 D KLog_OdometryLogger_Line: 1766357212883,-2559,-17938,-34956,-190.63351927379998,-1336.2970178715998,-2604.0583429992,-1.9907840212353356,-1404.5478238847209,-702.8617129014505,-2.0218027017086615,0.0,-1367.5995661184677,-689.9820873456722,-1.9794713935952803,0.0,3350
12-21 14:46:52.883  1020  1372 D KLog_OdometryLogger: Buffered line 9944
12-21 14:46:52.883  1020  1372 D KLog_ExecutorService_Run: Thread is running. OpMode.isActive: true
12-21 14:46:52.883  1020  1372 D KLog_ExecutorService_Run: OpModeIsActive. Running
12-21 14:46:52.886  1020  1372 D KLog_Odometry_Encoder: right encoder -34956
12-21 14:46:52.888  1020  1371 D KLog_AngVel_withinRange: Within RANGE - motor position 571.00, target ticks 570.61
12-21 14:46:52.888  1020  1371 D KLog_ActionLifecycle: [unnamed] STARTED
12-21 14:46:52.889  1020  1371 D KLog_AngVel: Robot: (-1367.6, -690.0) mm, Heading: -1.979 rad (-113.4 deg)
12-21 14:46:52.889  1020  1371 D KLog_AngVel: Target: (3357.0, 1350.0) mm
12-21 14:46:52.889  1020  1372 D KLog_Odometry_Encoder: left encoder -17938
12-21 14:46:52.889  1020  1371 D KLog_AngVel: Delta: (4724.6, 2040.0) mm, Distance: 5146.2 mm, Angle: 0.408 rad (23.4 deg)
12-21 14:46:52.889  1020  1371 D KLog_AngVel: Angle Error: 2.387 rad (136.8 deg) = angleToGoal(0.408) - robotHeading(-1.979)
12-21 14:46:52.890  1020  1371 D KLog_AngVel: ΔAngle: 0.0000 rad, ΔTime: 14.7 ms, Velocity: 0.000 rad/ms (0.000 rad/s)
12-21 14:46:52.890  1020  1371 D KLog_AngVel: Angular Velocity: 0.000 rad/ms, Angle Error: 2.387 rad (136.8 deg)
12-21 14:46:52.891  1020  1372 D KLog_Odometry_Encoder: back encoder -2559
12-21 14:46:52.893  1020  1371 D KLog_turret_angle_target: target point Point{x=3357.0, y=1350.0}
12-21 14:46:52.893  1020  1371 D KLog_turret_angle: total turret angle 2.387069733932235 total turret angle wrap 2.387069733932235
12-21 14:46:52.893  1020  1371 D KLog_TurretAutoAlignLimelight_Odometry_Calc: targetTicks 570.6129409195801
12-21 14:46:52.893  1020  1371 D KLog_TurretAutoAlignLimelight: Limelight angle0.0
12-21 14:46:52.899  1020  1372 D KLog_Odometry_IMU_Heading: Heading (rad): -1.9907443401350935 (deg): -114.06124877929688
12-21 14:46:52.899  1020  1372 D KLog_Odometry_IMU_Prev_Heading: PrevHeading (rad): -1.9907840212353356 (deg): -114.06352233886719
12-21 14:46:52.899  1020  1372 D KLog_Odometry_Delta_Theta: Raw IMU Current Heading-1.9907443401350935 Prev IMU Heading -1.9907840212353356
12-21 14:46:52.899  1020  1372 D KLog_Odometry_Delta_Theta: Imu Delta Theta: 3.9681100242106027E-5 Wheel Delta Theta: 0.0
12-21 14:46:52.899  1020  1372 D KLog_Odometry_Delta_Theta: Checking IMU delta theta 3.9681100242106027E-5 wheel delta theta 0.0
12-21 14:46:52.899  1020  1372 D KLog_Odometry_IMU_Unhealthy: IMUPhantom IMU delta theta 3.9681100242106027E-5 wheel delta theta 0.0
12-21 14:46:52.899  1020  1372 D KLog_Odometry_IMU_Health: Fallback Raw IMU 3.9681100242106027E-5 wheel 0.0
12-21 14:46:52.900  1020  1372 D KLog_Odometry_IMU_Position: x=-1367.60 (-53.84 in), y=-689.98 (-27.16 in), theta=-1.9795 (-113.4 deg) UnhealthyCounter 3351
12-21 14:46:52.900  1020  1372 D KLog_Odometry_Wheel_Position: x=-1404.55 (-55.30 in), y=-702.86 (-27.67 in), theta=-2.0218 (-115.8 deg) UnhealthyCounter 3351
12-21 14:46:52.900  1020  1372 D KLog_OdometryLogger_Line: 1766357212900,-2559,-17938,-34956,-190.63351927379998,-1336.2970178715998,-2604.0583429992,-1.9907443401350935,-1404.5478238847209,-702.8617129014505,-2.0218027017086615,0.0,-1367.5995661184677,-689.9820873456722,-1.9794713935952803,0.0,3351
12-21 14:46:52.900  1020  1372 D KLog_OdometryLogger: Buffered line 9945
12-21 14:46:52.900  1020  1372 D KLog_ExecutorService_Run: Thread is running. OpMode.isActive: true
12-21 14:46:52.901  1020  1372 D KLog_ExecutorService_Run: OpModeIsActive. Running
12-21 14:46:52.904  1020  1372 D KLog_Odometry_Encoder: right encoder -34956
12-21 14:46:52.907  1020  1371 D KLog_AngVel_withinRange: Within RANGE - motor position 571.00, target ticks 570.61
12-21 14:46:52.907  1020  1371 D KLog_TeleOp_Turret: Turret Power0.0
12-21 14:46:52.907  1020  1371 D KLog_ActionLifecycle: [unnamed] STARTED
12-21 14:46:52.907  1020  1371 D KLog_ActionSet: [unnamed] Executing action: [ReleaseBraking]
12-21 14:46:52.907  1020  1371 D KLog_ActionLifecycle: [ReleaseBraking] STARTED
12-21 14:46:52.908  1020  1371 D KLog_ActionSet: [unnamed] Status: 1 total, 0 completed, 1 executed, 0 blocked
12-21 14:46:52.908  1020  1372 D KLog_Odometry_Encoder: left encoder -17938
12-21 14:46:52.908  1020  1371 D Odometry: Position: x=-1367.60 (-53.84 in), y=-689.98 (-27.16 in), theta=-1.9795 (-113.4 deg)
12-21 14:46:52.909  1020  1371 D KLog_KGamePad_Toggle: Toggle X: false
12-21 14:46:52.909  1020  1371 D KLog_KGamePad_Toggle: Toggle Back: false
12-21 14:46:52.911  1020  1372 D KLog_Odometry_Encoder: back encoder -2559
12-21 14:46:52.915  1020  1371 D KLog_ActionLifecycle: [unnamed] STARTED
12-21 14:46:52.915  1020  1371 D KLog_ActionLifecycle: [unnamed] STARTED
12-21 14:46:52.917  1020  1372 D KLog_Odometry_IMU_Heading: Heading (rad): -1.9907443401350935 (deg): -114.06124877929688
12-21 14:46:52.917  1020  1372 D KLog_Odometry_IMU_Prev_Heading: PrevHeading (rad): -1.9907443401350935 (deg): -114.06124877929688
12-21 14:46:52.917  1020  1372 D KLog_Odometry_Delta_Theta: Raw IMU Current Heading-1.9907443401350935 Prev IMU Heading -1.9907443401350935
12-21 14:46:52.917  1020  1372 D KLog_Odometry_Delta_Theta: Imu Delta Theta: 0.0 Wheel Delta Theta: 0.0
12-21 14:46:52.917  1020  1372 D KLog_Odometry_Delta_Theta: Checking IMU delta theta 0.0 wheel delta theta 0.0
12-21 14:46:52.917  1020  1372 D KLog_Odometry_IMU_Health: Healthy Raw IMU 0.0 wheel 0.0
12-21 14:46:52.918  1020  1371 D KLog_AngVel: Robot: (-1367.6, -690.0) mm, Heading: -1.979 rad (-113.4 deg)
12-21 14:46:52.918  1020  1372 D KLog_Odometry_IMU_Position: x=-1367.60 (-53.84 in), y=-689.98 (-27.16 in), theta=-1.9795 (-113.4 deg) UnhealthyCounter 3351
12-21 14:46:52.918  1020  1371 D KLog_AngVel: Target: (3357.0, 1350.0) mm
12-21 14:46:52.918  1020  1372 D KLog_Odometry_Wheel_Position: x=-1404.55 (-55.30 in), y=-702.86 (-27.67 in), theta=-2.0218 (-115.8 deg) UnhealthyCounter 3351
12-21 14:46:52.918  1020  1371 D KLog_AngVel: Delta: (4724.6, 2040.0) mm, Distance: 5146.2 mm, Angle: 0.408 rad (23.4 deg)
12-21 14:46:52.919  1020  1372 D KLog_OdometryLogger_Line: 1766357212918,-2559,-17938,-34956,-190.63351927379998,-1336.2970178715998,-2604.0583429992,-1.9907443401350935,-1404.5478238847209,-702.8617129014505,-2.0218027017086615,0.0,-1367.5995661184677,-689.9820873456722,-1.9794713935952803,0.0,3351
12-21 14:46:52.919  1020  1371 D KLog_AngVel: Angle Error: 2.387 rad (136.8 deg) = angleToGoal(0.408) - robotHeading(-1.979)
12-21 14:46:52.919  1020  1372 D KLog_OdometryLogger: Buffered line 9946
12-21 14:46:52.919  1020  1372 D KLog_ExecutorService_Run: Thread is running. OpMode.isActive: true
12-21 14:46:52.919  1020  1372 D KLog_ExecutorService_Run: OpModeIsActive. Running
12-21 14:46:52.919  1020  1371 D KLog_AngVel: ΔAngle: 0.0000 rad, ΔTime: 28.8 ms, Velocity: 0.000 rad/ms (0.000 rad/s)
12-21 14:46:52.919  1020  1371 D KLog_AngVel: Angular Velocity: 0.000 rad/ms, Angle Error: 2.387 rad (136.8 deg)
12-21 14:46:52.921  1020  1372 D KLog_Odometry_Encoder: right encoder -34956
12-21 14:46:52.923  1020  1371 D KLog_turret_angle_target: target point Point{x=3357.0, y=1350.0}
12-21 14:46:52.924  1020  1371 D KLog_turret_angle: total turret angle 2.387069733932235 total turret angle wrap 2.387069733932235
12-21 14:46:52.924  1020  1371 D KLog_TurretAutoAlignLimelight_Odometry_Calc: targetTicks 570.6129409195801
12-21 14:46:52.924  1020  1371 D KLog_TurretAutoAlignLimelight: Limelight angle0.0
12-21 14:46:52.925  1020  1372 D KLog_Odometry_Encoder: left encoder -17938
12-21 14:46:52.929  1020  1372 D KLog_Odometry_Encoder: back encoder -2559
12-21 14:46:52.938  1020  1371 D KLog_AngVel_withinRange: Within RANGE - motor position 571.00, target ticks 570.61
12-21 14:46:52.938  1020  1371 D KLog_ActionLifecycle: [unnamed] STARTED
12-21 14:46:52.939  1020  1371 D KLog_AngVel: Robot: (-1367.6, -690.0) mm, Heading: -1.979 rad (-113.4 deg)
12-21 14:46:52.939  1020  1371 D KLog_AngVel: Target: (3357.0, 1350.0) mm
12-21 14:46:52.939  1020  1371 D KLog_AngVel: Delta: (4724.6, 2040.0) mm, Distance: 5146.2 mm, Angle: 0.408 rad (23.4 deg)
12-21 14:46:52.939  1020  1372 D KLog_Odometry_IMU_Heading: Heading (rad): -1.9907443401350935 (deg): -114.06124877929688
12-21 14:46:52.939  1020  1372 D KLog_Odometry_IMU_Prev_Heading: PrevHeading (rad): -1.9907443401350935 (deg): -114.06124877929688
12-21 14:46:52.939  1020  1371 D KLog_AngVel: Angle Error: 2.387 rad (136.8 deg) = angleToGoal(0.408) - robotHeading(-1.979)
12-21 14:46:52.939  1020  1372 D KLog_Odometry_Delta_Theta: Raw IMU Current Heading-1.9907443401350935 Prev IMU Heading -1.9907443401350935
12-21 14:46:52.940  1020  1372 D KLog_Odometry_Delta_Theta: Imu Delta Theta: 0.0 Wheel Delta Theta: 0.0
12-21 14:46:52.940  1020  1372 D KLog_Odometry_Delta_Theta: Checking IMU delta theta 0.0 wheel delta theta 0.0
12-21 14:46:52.940  1020  1371 D KLog_AngVel: ΔAngle: 0.0000 rad, ΔTime: 20.5 ms, Velocity: 0.000 rad/ms (0.000 rad/s)
12-21 14:46:52.940  1020  1372 D KLog_Odometry_IMU_Health: Healthy Raw IMU 0.0 wheel 0.0
12-21 14:46:52.940  1020  1371 D KLog_AngVel: Angular Velocity: 0.000 rad/ms, Angle Error: 2.387 rad (136.8 deg)
12-21 14:46:52.940  1020  1372 D KLog_Odometry_IMU_Position: x=-1367.60 (-53.84 in), y=-689.98 (-27.16 in), theta=-1.9795 (-113.4 deg) UnhealthyCounter 3351
12-21 14:46:52.940  1020  1372 D KLog_Odometry_Wheel_Position: x=-1404.55 (-55.30 in), y=-702.86 (-27.67 in), theta=-2.0218 (-115.8 deg) UnhealthyCounter 3351
12-21 14:46:52.941  1020  1372 D KLog_OdometryLogger_Line: 1766357212940,-2559,-17938,-34956,-190.63351927379998,-1336.2970178715998,-2604.0583429992,-1.9907443401350935,-1404.5478238847209,-702.8617129014505,-2.0218027017086615,0.0,-1367.5995661184677,-689.9820873456722,-1.9794713935952803,0.0,3351
12-21 14:46:52.941  1020  1372 D KLog_OdometryLogger: Buffered line 9947
12-21 14:46:52.941  1020  1372 D KLog_ExecutorService_Run: Thread is running. OpMode.isActive: true
12-21 14:46:52.941  1020  1372 D KLog_ExecutorService_Run: OpModeIsActive. Running
12-21 14:46:52.942  1020  1371 D KLog_turret_angle_target: target point Point{x=3357.0, y=1350.0}
12-21 14:46:52.942  1020  1371 D KLog_turret_angle: total turret angle 2.387069733932235 total turret angle wrap 2.387069733932235
12-21 14:46:52.942  1020  1371 D KLog_TurretAutoAlignLimelight_Odometry_Calc: targetTicks 570.6129409195801
12-21 14:46:52.942  1020  1371 D KLog_TurretAutoAlignLimelight: Limelight angle0.0
12-21 14:46:52.944  1020  1372 D KLog_Odometry_Encoder: right encoder -34956
12-21 14:46:52.948  1020  1372 D KLog_Odometry_Encoder: left encoder -17938
12-21 14:46:52.952  1020  1372 D KLog_Odometry_Encoder: back encoder -2559
12-21 14:46:52.955  1020  1371 D KLog_AngVel_withinRange: Within RANGE - motor position 571.00, target ticks 570.61
12-21 14:46:52.955  1020  1371 D KLog_TeleOp_Turret: Turret Power0.0
12-21 14:46:52.955  1020  1371 D KLog_ActionLifecycle: [unnamed] STARTED
12-21 14:46:52.955  1020  1371 D KLog_ActionSet: [unnamed] Executing action: [ReleaseBraking]
12-21 14:46:52.956  1020  1371 D KLog_ActionLifecycle: [ReleaseBraking] STARTED
12-21 14:46:52.956  1020  1371 D KLog_ActionSet: [unnamed] Status: 1 total, 0 completed, 1 executed, 0 blocked
12-21 14:46:52.956  1020  1371 D Odometry: Position: x=-1367.60 (-53.84 in), y=-689.98 (-27.16 in), theta=-1.9795 (-113.4 deg)
12-21 14:46:52.956  1020  1371 D KLog_KGamePad_Toggle: Toggle X: false
12-21 14:46:52.957  1020  1371 D KLog_KGamePad_Toggle: Toggle Back: false
12-21 14:46:52.957  1020  1371 D KLog_ActionLifecycle: [unnamed] STARTED
12-21 14:46:52.957  1020  1371 D KLog_ActionLifecycle: [unnamed] STARTED
12-21 14:46:52.957  1020  1371 D KLog_AngVel: Robot: (-1367.6, -690.0) mm, Heading: -1.979 rad (-113.4 deg)
12-21 14:46:52.958  1020  1371 D KLog_AngVel: Target: (3357.0, 1350.0) mm
12-21 14:46:52.958  1020  1371 D KLog_AngVel: Delta: (4724.6, 2040.0) mm, Distance: 5146.2 mm, Angle: 0.408 rad (23.4 deg)
12-21 14:46:52.958  1020  1371 D KLog_AngVel: Angle Error: 2.387 rad (136.8 deg) = angleToGoal(0.408) - robotHeading(-1.979)
12-21 14:46:52.958  1020  1372 D KLog_Odometry_IMU_Heading: Heading (rad): -1.9907443401350935 (deg): -114.06124877929688
12-21 14:46:52.958  1020  1372 D KLog_Odometry_IMU_Prev_Heading: PrevHeading (rad): -1.9907443401350935 (deg): -114.06124877929688
12-21 14:46:52.959  1020  1372 D KLog_Odometry_Delta_Theta: Raw IMU Current Heading-1.9907443401350935 Prev IMU Heading -1.9907443401350935
12-21 14:46:52.959  1020  1371 D KLog_AngVel: ΔAngle: 0.0000 rad, ΔTime: 18.8 ms, Velocity: 0.000 rad/ms (0.000 rad/s)
12-21 14:46:52.959  1020  1372 D KLog_Odometry_Delta_Theta: Imu Delta Theta: 0.0 Wheel Delta Theta: 0.0
12-21 14:46:52.959  1020  1372 D KLog_Odometry_Delta_Theta: Checking IMU delta theta 0.0 wheel delta theta 0.0
12-21 14:46:52.959  1020  1372 D KLog_Odometry_IMU_Health: Healthy Raw IMU 0.0 wheel 0.0
12-21 14:46:52.959  1020  1371 D KLog_AngVel: Angular Velocity: 0.000 rad/ms, Angle Error: 2.387 rad (136.8 deg)
12-21 14:46:52.959  1020  1372 D KLog_Odometry_IMU_Position: x=-1367.60 (-53.84 in), y=-689.98 (-27.16 in), theta=-1.9795 (-113.4 deg) UnhealthyCounter 3351
12-21 14:46:52.960  1020  1372 D KLog_Odometry_Wheel_Position: x=-1404.55 (-55.30 in), y=-702.86 (-27.67 in), theta=-2.0218 (-115.8 deg) UnhealthyCounter 3351
12-21 14:46:52.960  1020  1372 D KLog_OdometryLogger_Line: 1766357212960,-2559,-17938,-34956,-190.63351927379998,-1336.2970178715998,-2604.0583429992,-1.9907443401350935,-1404.5478238847209,-702.8617129014505,-2.0218027017086615,0.0,-1367.5995661184677,-689.9820873456722,-1.9794713935952803,0.0,3351
12-21 14:46:52.960  1020  1372 D KLog_OdometryLogger: Buffered line 9948
12-21 14:46:52.960  1020  1372 D KLog_ExecutorService_Run: Thread is running. OpMode.isActive: true
12-21 14:46:52.960  1020  1372 D KLog_ExecutorService_Run: OpModeIsActive. Running
12-21 14:46:52.961  1020  1371 D KLog_turret_angle_target: target point Point{x=3357.0, y=1350.0}
12-21 14:46:52.961  1020  1371 D KLog_turret_angle: total turret angle 2.387069733932235 total turret angle wrap 2.387069733932235
12-21 14:46:52.962  1020  1371 D KLog_TurretAutoAlignLimelight_Odometry_Calc: targetTicks 570.6129409195801
12-21 14:46:52.962  1020  1371 D KLog_TurretAutoAlignLimelight: Limelight angle0.0
12-21 14:46:52.963  1020  1372 D KLog_Odometry_Encoder: right encoder -34956
12-21 14:46:52.966  1020  1372 D KLog_Odometry_Encoder: left encoder -17938
12-21 14:46:52.973  1020  1372 D KLog_Odometry_Encoder: back encoder -2559
12-21 14:46:52.975  1020  1371 D KLog_AngVel_withinRange: Within RANGE - motor position 571.00, target ticks 570.61
12-21 14:46:52.975  1020  1371 D KLog_ActionLifecycle: [unnamed] STARTED
12-21 14:46:52.976  1020  1371 D KLog_AngVel: Robot: (-1367.6, -690.0) mm, Heading: -1.979 rad (-113.4 deg)
12-21 14:46:52.976  1020  1371 D KLog_AngVel: Target: (3357.0, 1350.0) mm
12-21 14:46:52.976  1020  1371 D KLog_AngVel: Delta: (4724.6, 2040.0) mm, Distance: 5146.2 mm, Angle: 0.408 rad (23.4 deg)
12-21 14:46:52.977  1020  1371 D KLog_AngVel: Angle Error: 2.387 rad (136.8 deg) = angleToGoal(0.408) - robotHeading(-1.979)
12-21 14:46:52.978  1020  1371 D KLog_AngVel: ΔAngle: 0.0000 rad, ΔTime: 18.7 ms, Velocity: 0.000 rad/ms (0.000 rad/s)
12-21 14:46:52.978  1020  1371 D KLog_AngVel: Angular Velocity: 0.000 rad/ms, Angle Error: 2.387 rad (136.8 deg)
12-21 14:46:52.981  1020  1371 D KLog_turret_angle_target: target point Point{x=3357.0, y=1350.0}
12-21 14:46:52.981  1020  1371 D KLog_turret_angle: total turret angle 2.387069733932235 total turret angle wrap 2.387069733932235
12-21 14:46:52.981  1020  1371 D KLog_TurretAutoAlignLimelight_Odometry_Calc: targetTicks 570.6129409195801
12-21 14:46:52.981  1020  1371 D KLog_TurretAutoAlignLimelight: Limelight angle0.0
12-21 14:46:52.983  1020  1372 D KLog_Odometry_IMU_Heading: Heading (rad): -1.9907426090803848 (deg): -114.06114959716797
12-21 14:46:52.983  1020  1372 D KLog_Odometry_IMU_Prev_Heading: PrevHeading (rad): -1.9907443401350935 (deg): -114.06124877929688
12-21 14:46:52.983  1020  1372 D KLog_Odometry_Delta_Theta: Raw IMU Current Heading-1.9907426090803848 Prev IMU Heading -1.9907443401350935
12-21 14:46:52.984  1020  1372 D KLog_Odometry_Delta_Theta: Imu Delta Theta: 1.731054708686841E-6 Wheel Delta Theta: 0.0
12-21 14:46:52.984  1020  1372 D KLog_Odometry_Delta_Theta: Checking IMU delta theta 1.731054708686841E-6 wheel delta theta 0.0
12-21 14:46:52.984  1020  1372 D KLog_Odometry_IMU_Unhealthy: IMUPhantom IMU delta theta 1.731054708686841E-6 wheel delta theta 0.0
12-21 14:46:52.984  1020  1372 D KLog_Odometry_IMU_Health: Fallback Raw IMU 1.731054708686841E-6 wheel 0.0
12-21 14:46:52.984  1020  1372 D KLog_Odometry_IMU_Position: x=-1367.60 (-53.84 in), y=-689.98 (-27.16 in), theta=-1.9795 (-113.4 deg) UnhealthyCounter 3352
12-21 14:46:52.985  1020  1372 D KLog_Odometry_Wheel_Position: x=-1404.55 (-55.30 in), y=-702.86 (-27.67 in), theta=-2.0218 (-115.8 deg) UnhealthyCounter 3352
12-21 14:46:52.985  1020  1372 D KLog_OdometryLogger_Line: 1766357212985,-2559,-17938,-34956,-190.63351927379998,-1336.2970178715998,-2604.0583429992,-1.9907426090803848,-1404.5478238847209,-702.8617129014505,-2.0218027017086615,0.0,-1367.5995661184677,-689.9820873456722,-1.9794713935952803,0.0,3352
12-21 14:46:52.985  1020  1372 D KLog_OdometryLogger: Buffered line 9949
12-21 14:46:52.985  1020  1372 D KLog_ExecutorService_Run: Thread is running. OpMode.isActive: true
12-21 14:46:52.985  1020  1372 D KLog_ExecutorService_Run: OpModeIsActive. Running
12-21 14:46:52.989  1020  1372 D KLog_Odometry_Encoder: right encoder -34956
12-21 14:46:52.991  1020  1371 D KLog_AngVel_withinRange: Within RANGE - motor position 571.00, target ticks 570.61
12-21 14:46:52.991  1020  1371 D KLog_TeleOp_Turret: Turret Power0.0
12-21 14:46:52.991  1020  1371 D KLog_ActionLifecycle: [unnamed] STARTED
12-21 14:46:52.992  1020  1371 D KLog_ActionSet: [unnamed] Executing action: [ReleaseBraking]
12-21 14:46:52.992  1020  1371 D KLog_ActionLifecycle: [ReleaseBraking] STARTED
12-21 14:46:52.992  1020  1371 D KLog_ActionSet: [unnamed] Status: 1 total, 0 completed, 1 executed, 0 blocked
12-21 14:46:52.992  1020  1372 D KLog_Odometry_Encoder: left encoder -17938
12-21 14:46:52.993  1020  1371 D Odometry: Position: x=-1367.60 (-53.84 in), y=-689.98 (-27.16 in), theta=-1.9795 (-113.4 deg)
12-21 14:46:52.993  1020  1371 D KLog_KGamePad_Toggle: Toggle X: false
12-21 14:46:52.993  1020  1371 D KLog_KGamePad_Toggle: Toggle Back: false
12-21 14:46:52.994  1020  1372 D KLog_Odometry_Encoder: back encoder -2559
12-21 14:46:52.994  1020  1371 D KLog_ActionLifecycle: [unnamed] STARTED
12-21 14:46:52.994  1020  1371 D KLog_ActionLifecycle: [unnamed] STARTED
12-21 14:46:52.994  1020  1371 D KLog_AngVel: Robot: (-1367.6, -690.0) mm, Heading: -1.979 rad (-113.4 deg)
12-21 14:46:52.995  1020  1371 D KLog_AngVel: Target: (3357.0, 1350.0) mm
12-21 14:46:52.995  1020  1371 D KLog_AngVel: Delta: (4724.6, 2040.0) mm, Distance: 5146.2 mm, Angle: 0.408 rad (23.4 deg)
12-21 14:46:52.995  1020  1371 D KLog_AngVel: Angle Error: 2.387 rad (136.8 deg) = angleToGoal(0.408) - robotHeading(-1.979)
12-21 14:46:52.996  1020  1371 D KLog_AngVel: ΔAngle: 0.0000 rad, ΔTime: 17.8 ms, Velocity: 0.000 rad/ms (0.000 rad/s)
12-21 14:46:52.996  1020  1371 D KLog_AngVel: Angular Velocity: 0.000 rad/ms, Angle Error: 2.387 rad (136.8 deg)
12-21 14:46:53.000  1020  1371 D KLog_turret_angle_target: target point Point{x=3357.0, y=1350.0}
12-21 14:46:53.000  1020  1371 D KLog_turret_angle: total turret angle 2.387069733932235 total turret angle wrap 2.387069733932235
12-21 14:46:53.000  1020  1371 D KLog_TurretAutoAlignLimelight_Odometry_Calc: targetTicks 570.6129409195801
12-21 14:46:53.000  1020  1371 D KLog_TurretAutoAlignLimelight: Limelight angle0.0
12-21 14:46:53.002  1020  1372 D KLog_Odometry_IMU_Heading: Heading (rad): -1.9907430085545483 (deg): -114.06117248535155
12-21 14:46:53.002  1020  1372 D KLog_Odometry_IMU_Prev_Heading: PrevHeading (rad): -1.9907426090803848 (deg): -114.06114959716797
12-21 14:46:53.002  1020  1372 D KLog_Odometry_Delta_Theta: Raw IMU Current Heading-1.9907430085545483 Prev IMU Heading -1.9907426090803848
12-21 14:46:53.002  1020  1372 D KLog_Odometry_Delta_Theta: Imu Delta Theta: -3.994741635260368E-7 Wheel Delta Theta: 0.0
12-21 14:46:53.002  1020  1372 D KLog_Odometry_Delta_Theta: Checking IMU delta theta -3.994741635260368E-7 wheel delta theta 0.0
12-21 14:46:53.002  1020  1372 D KLog_Odometry_IMU_Unhealthy: IMUPhantom IMU delta theta -3.994741635260368E-7 wheel delta theta 0.0
12-21 14:46:53.002  1020  1372 D KLog_Odometry_IMU_Health: Fallback Raw IMU -3.994741635260368E-7 wheel 0.0
12-21 14:46:53.003  1020  1372 D KLog_Odometry_IMU_Position: x=-1367.60 (-53.84 in), y=-689.98 (-27.16 in), theta=-1.9795 (-113.4 deg) UnhealthyCounter 3353
12-21 14:46:53.003  1020  1372 D KLog_Odometry_Wheel_Position: x=-1404.55 (-55.30 in), y=-702.86 (-27.67 in), theta=-2.0218 (-115.8 deg) UnhealthyCounter 3353
12-21 14:46:53.004  1020  1372 D KLog_OdometryLogger_Line: 1766357213003,-2559,-17938,-34956,-190.63351927379998,-1336.2970178715998,-2604.0583429992,-1.9907430085545483,-1404.5478238847209,-702.8617129014505,-2.0218027017086615,0.0,-1367.5995661184677,-689.9820873456722,-1.9794713935952803,0.0,3353
12-21 14:46:53.004  1020  1372 D KLog_OdometryLogger: Buffered line 9950
12-21 14:46:53.004  1020  1372 D KLog_ExecutorService_Run: Thread is running. OpMode.isActive: true
12-21 14:46:53.004  1020  1372 D KLog_ExecutorService_Run: OpModeIsActive. Running
12-21 14:46:53.008  1020  1372 D KLog_Odometry_Encoder: right encoder -34956
12-21 14:46:53.011  1020  1371 D KLog_AngVel_withinRange: Within RANGE - motor position 571.00, target ticks 570.61
12-21 14:46:53.011  1020  1371 D KLog_ActionLifecycle: [unnamed] STARTED
12-21 14:46:53.011  1020  1371 D KLog_AngVel: Robot: (-1367.6, -690.0) mm, Heading: -1.979 rad (-113.4 deg)
12-21 14:46:53.011  1020  1371 D KLog_AngVel: Target: (3357.0, 1350.0) mm
12-21 14:46:53.012  1020  1372 D KLog_Odometry_Encoder: left encoder -17938
12-21 14:46:53.012  1020  1371 D KLog_AngVel: Delta: (4724.6, 2040.0) mm, Distance: 5146.2 mm, Angle: 0.408 rad (23.4 deg)
12-21 14:46:53.012  1020  1371 D KLog_AngVel: Angle Error: 2.387 rad (136.8 deg) = angleToGoal(0.408) - robotHeading(-1.979)
12-21 14:46:53.012  1020  1371 D KLog_AngVel: ΔAngle: 0.0000 rad, ΔTime: 16.5 ms, Velocity: 0.000 rad/ms (0.000 rad/s)
12-21 14:46:53.013  1020  1371 D KLog_AngVel: Angular Velocity: 0.000 rad/ms, Angle Error: 2.387 rad (136.8 deg)
12-21 14:46:53.013  1020  1372 D KLog_Odometry_Encoder: back encoder -2559
12-21 14:46:53.015  1020  1371 D KLog_turret_angle_target: target point Point{x=3357.0, y=1350.0}
12-21 14:46:53.015  1020  1371 D KLog_turret_angle: total turret angle 2.387069733932235 total turret angle wrap 2.387069733932235
12-21 14:46:53.015  1020  1371 D KLog_TurretAutoAlignLimelight_Odometry_Calc: targetTicks 570.6129409195801
12-21 14:46:53.015  1020  1371 D KLog_TurretAutoAlignLimelight: Limelight angle0.0
12-21 14:46:53.021  1020  1372 D KLog_Odometry_IMU_Heading: Heading (rad): -1.9907426090803848 (deg): -114.06114959716797
12-21 14:46:53.021  1020  1372 D KLog_Odometry_IMU_Prev_Heading: PrevHeading (rad): -1.9907430085545483 (deg): -114.06117248535155
12-21 14:46:53.021  1020  1372 D KLog_Odometry_Delta_Theta: Raw IMU Current Heading-1.9907426090803848 Prev IMU Heading -1.9907430085545483
12-21 14:46:53.021  1020  1372 D KLog_Odometry_Delta_Theta: Imu Delta Theta: 3.994741635260368E-7 Wheel Delta Theta: 0.0
12-21 14:46:53.021  1020  1372 D KLog_Odometry_Delta_Theta: Checking IMU delta theta 3.994741635260368E-7 wheel delta theta 0.0
12-21 14:46:53.021  1020  1372 D KLog_Odometry_IMU_Unhealthy: IMUPhantom IMU delta theta 3.994741635260368E-7 wheel delta theta 0.0
12-21 14:46:53.022  1020  1372 D KLog_Odometry_IMU_Health: Fallback Raw IMU 3.994741635260368E-7 wheel 0.0
12-21 14:46:53.022  1020  1372 D KLog_Odometry_IMU_Position: x=-1367.60 (-53.84 in), y=-689.98 (-27.16 in), theta=-1.9795 (-113.4 deg) UnhealthyCounter 3354
12-21 14:46:53.022  1020  1372 D KLog_Odometry_Wheel_Position: x=-1404.55 (-55.30 in), y=-702.86 (-27.67 in), theta=-2.0218 (-115.8 deg) UnhealthyCounter 3354
12-21 14:46:53.023  1020  1372 D KLog_OdometryLogger_Line: 1766357213023,-2559,-17938,-34956,-190.63351927379998,-1336.2970178715998,-2604.0583429992,-1.9907426090803848,-1404.5478238847209,-702.8617129014505,-2.0218027017086615,0.0,-1367.5995661184677,-689.9820873456722,-1.9794713935952803,0.0,3354
12-21 14:46:53.023  1020  1372 D KLog_OdometryLogger: Buffered line 9951
12-21 14:46:53.023  1020  1372 D KLog_ExecutorService_Run: Thread is running. OpMode.isActive: true
12-21 14:46:53.023  1020  1372 D KLog_ExecutorService_Run: OpModeIsActive. Running
12-21 14:46:53.025  1020  1372 D KLog_Odometry_Encoder: right encoder -34956
12-21 14:46:53.028  1020  1371 D KLog_AngVel_withinRange: Within RANGE - motor position 571.00, target ticks 570.61
12-21 14:46:53.028  1020  1371 D KLog_TeleOp_Turret: Turret Power0.0
12-21 14:46:53.028  1020  1371 D KLog_ActionLifecycle: [unnamed] STARTED
12-21 14:46:53.029  1020  1371 D KLog_ActionSet: [unnamed] Executing action: [ReleaseBraking]
12-21 14:46:53.029  1020  1371 D KLog_ActionLifecycle: [ReleaseBraking] STARTED
12-21 14:46:53.029  1020  1371 D KLog_ActionSet: [unnamed] Status: 1 total, 0 completed, 1 executed, 0 blocked
12-21 14:46:53.029  1020  1372 D KLog_Odometry_Encoder: left encoder -17938
12-21 14:46:53.030  1020  1371 D Odometry: Position: x=-1367.60 (-53.84 in), y=-689.98 (-27.16 in), theta=-1.9795 (-113.4 deg)
12-21 14:46:53.030  1020  1371 D KLog_KGamePad_Toggle: Toggle X: false
12-21 14:46:53.030  1020  1371 D KLog_KGamePad_Toggle: Toggle Back: false
12-21 14:46:53.031  1020  1372 D KLog_Odometry_Encoder: back encoder -2559
12-21 14:46:53.031  1020  1371 D KLog_ActionLifecycle: [unnamed] STARTED
12-21 14:46:53.031  1020  1371 D KLog_ActionLifecycle: [unnamed] STARTED
12-21 14:46:53.031  1020  1371 D KLog_AngVel: Robot: (-1367.6, -690.0) mm, Heading: -1.979 rad (-113.4 deg)
12-21 14:46:53.032  1020  1371 D KLog_AngVel: Target: (3357.0, 1350.0) mm
12-21 14:46:53.032  1020  1371 D KLog_AngVel: Delta: (4724.6, 2040.0) mm, Distance: 5146.2 mm, Angle: 0.408 rad (23.4 deg)
12-21 14:46:53.032  1020  1371 D KLog_AngVel: Angle Error: 2.387 rad (136.8 deg) = angleToGoal(0.408) - robotHeading(-1.979)
12-21 14:46:53.033  1020  1371 D KLog_AngVel: ΔAngle: 0.0000 rad, ΔTime: 19.8 ms, Velocity: 0.000 rad/ms (0.000 rad/s)
12-21 14:46:53.033  1020  1371 D KLog_AngVel: Angular Velocity: 0.000 rad/ms, Angle Error: 2.387 rad (136.8 deg)
12-21 14:46:53.037  1020  1371 D KLog_turret_angle_target: target point Point{x=3357.0, y=1350.0}
12-21 14:46:53.037  1020  1371 D KLog_turret_angle: total turret angle 2.387069733932235 total turret angle wrap 2.387069733932235
12-21 14:46:53.037  1020  1371 D KLog_TurretAutoAlignLimelight_Odometry_Calc: targetTicks 570.6129409195801
12-21 14:46:53.037  1020  1371 D KLog_TurretAutoAlignLimelight: Limelight angle0.0
12-21 14:46:53.039  1020  1372 D KLog_Odometry_IMU_Heading: Heading (rad): -1.9907430085545483 (deg): -114.06117248535155
12-21 14:46:53.039  1020  1372 D KLog_Odometry_IMU_Prev_Heading: PrevHeading (rad): -1.9907426090803848 (deg): -114.06114959716797
12-21 14:46:53.039  1020  1372 D KLog_Odometry_Delta_Theta: Raw IMU Current Heading-1.9907430085545483 Prev IMU Heading -1.9907426090803848
12-21 14:46:53.039  1020  1372 D KLog_Odometry_Delta_Theta: Imu Delta Theta: -3.994741635260368E-7 Wheel Delta Theta: 0.0
12-21 14:46:53.039  1020  1372 D KLog_Odometry_Delta_Theta: Checking IMU delta theta -3.994741635260368E-7 wheel delta theta 0.0
12-21 14:46:53.040  1020  1372 D KLog_Odometry_IMU_Unhealthy: IMUPhantom IMU delta theta -3.994741635260368E-7 wheel delta theta 0.0
12-21 14:46:53.040  1020  1372 D KLog_Odometry_IMU_Health: Fallback Raw IMU -3.994741635260368E-7 wheel 0.0
12-21 14:46:53.040  1020  1372 D KLog_Odometry_IMU_Position: x=-1367.60 (-53.84 in), y=-689.98 (-27.16 in), theta=-1.9795 (-113.4 deg) UnhealthyCounter 3355
12-21 14:46:53.040  1020  1372 D KLog_Odometry_Wheel_Position: x=-1404.55 (-55.30 in), y=-702.86 (-27.67 in), theta=-2.0218 (-115.8 deg) UnhealthyCounter 3355
12-21 14:46:53.041  1020  1372 D KLog_OdometryLogger_Line: 1766357213041,-2559,-17938,-34956,-190.63351927379998,-1336.2970178715998,-2604.0583429992,-1.9907430085545483,-1404.5478238847209,-702.8617129014505,-2.0218027017086615,0.0,-1367.5995661184677,-689.9820873456722,-1.9794713935952803,0.0,3355
12-21 14:46:53.041  1020  1372 D KLog_OdometryLogger: Buffered line 9952
12-21 14:46:53.041  1020  1372 D KLog_ExecutorService_Run: Thread is running. OpMode.isActive: true
12-21 14:46:53.041  1020  1372 D KLog_ExecutorService_Run: OpModeIsActive. Running
12-21 14:46:53.044  1020  1372 D KLog_Odometry_Encoder: right encoder -34956
12-21 14:46:53.047  1020  1371 D KLog_AngVel_withinRange: Within RANGE - motor position 571.00, target ticks 570.61
12-21 14:46:53.047  1020  1371 D KLog_ActionLifecycle: [unnamed] STARTED
12-21 14:46:53.048  1020  1371 D KLog_AngVel: Robot: (-1367.6, -690.0) mm, Heading: -1.979 rad (-113.4 deg)
12-21 14:46:53.048  1020  1371 D KLog_AngVel: Target: (3357.0, 1350.0) mm
12-21 14:46:53.048  1020  1371 D KLog_AngVel: Delta: (4724.6, 2040.0) mm, Distance: 5146.2 mm, Angle: 0.408 rad (23.4 deg)
12-21 14:46:53.049  1020  1371 D KLog_AngVel: Angle Error: 2.387 rad (136.8 deg) = angleToGoal(0.408) - robotHeading(-1.979)
12-21 14:46:53.049  1020  1371 D KLog_AngVel: ΔAngle: 0.0000 rad, ΔTime: 16.1 ms, Velocity: 0.000 rad/ms (0.000 rad/s)
12-21 14:46:53.049  1020  1372 D KLog_Odometry_Encoder: left encoder -17938
12-21 14:46:53.050  1020  1371 D KLog_AngVel: Angular Velocity: 0.000 rad/ms, Angle Error: 2.387 rad (136.8 deg)
12-21 14:46:53.051  1020  1372 D KLog_Odometry_Encoder: back encoder -2559
12-21 14:46:53.053  1020  1371 D KLog_turret_angle_target: target point Point{x=3357.0, y=1350.0}
12-21 14:46:53.053  1020  1371 D KLog_turret_angle: total turret angle 2.387069733932235 total turret angle wrap 2.387069733932235
12-21 14:46:53.053  1020  1371 D KLog_TurretAutoAlignLimelight_Odometry_Calc: targetTicks 570.6129409195801
12-21 14:46:53.053  1020  1371 D KLog_TurretAutoAlignLimelight: Limelight angle0.0
12-21 14:46:53.059  1020  1372 D KLog_Odometry_IMU_Heading: Heading (rad): -1.9907443401350935 (deg): -114.06124877929688
12-21 14:46:53.059  1020  1372 D KLog_Odometry_IMU_Prev_Heading: PrevHeading (rad): -1.9907430085545483 (deg): -114.06117248535155
12-21 14:46:53.059  1020  1372 D KLog_Odometry_Delta_Theta: Raw IMU Current Heading-1.9907443401350935 Prev IMU Heading -1.9907430085545483
12-21 14:46:53.059  1020  1372 D KLog_Odometry_Delta_Theta: Imu Delta Theta: -1.3315805451608043E-6 Wheel Delta Theta: 0.0
12-21 14:46:53.059  1020  1372 D KLog_Odometry_Delta_Theta: Checking IMU delta theta -1.3315805451608043E-6 wheel delta theta 0.0
12-21 14:46:53.059  1020  1372 D KLog_Odometry_IMU_Unhealthy: IMUPhantom IMU delta theta -1.3315805451608043E-6 wheel delta theta 0.0
12-21 14:46:53.059  1020  1372 D KLog_Odometry_IMU_Health: Fallback Raw IMU -1.3315805451608043E-6 wheel 0.0
12-21 14:46:53.060  1020  1372 D KLog_Odometry_IMU_Position: x=-1367.60 (-53.84 in), y=-689.98 (-27.16 in), theta=-1.9795 (-113.4 deg) UnhealthyCounter 3356
12-21 14:46:53.060  1020  1372 D KLog_Odometry_Wheel_Position: x=-1404.55 (-55.30 in), y=-702.86 (-27.67 in), theta=-2.0218 (-115.8 deg) UnhealthyCounter 3356
12-21 14:46:53.061  1020  1372 D KLog_OdometryLogger_Line: 1766357213060,-2559,-17938,-34956,-190.63351927379998,-1336.2970178715998,-2604.0583429992,-1.9907443401350935,-1404.5478238847209,-702.8617129014505,-2.0218027017086615,0.0,-1367.5995661184677,-689.9820873456722,-1.9794713935952803,0.0,3356
12-21 14:46:53.061  1020  1372 D KLog_OdometryLogger: Buffered line 9953
12-21 14:46:53.061  1020  1372 D KLog_ExecutorService_Run: Thread is running. OpMode.isActive: true
12-21 14:46:53.061  1020  1372 D KLog_ExecutorService_Run: OpModeIsActive. Running
12-21 14:46:53.063  1020  1371 D KLog_AngVel_withinRange: Within RANGE - motor position 571.00, target ticks 570.61
12-21 14:46:53.063  1020  1371 D KLog_TeleOp_Turret: Turret Power0.0
12-21 14:46:53.063  1020  1371 D KLog_ActionLifecycle: [unnamed] STARTED
12-21 14:46:53.063  1020  1371 D KLog_ActionSet: [unnamed] Executing action: [ReleaseBraking]
12-21 14:46:53.063  1020  1371 D KLog_ActionLifecycle: [ReleaseBraking] STARTED
12-21 14:46:53.064  1020  1371 D KLog_ActionSet: [unnamed] Status: 1 total, 0 completed, 1 executed, 0 blocked
12-21 14:46:53.064  1020  1372 D KLog_Odometry_Encoder: right encoder -34956
12-21 14:46:53.064  1020  1371 D Odometry: Position: x=-1367.60 (-53.84 in), y=-689.98 (-27.16 in), theta=-1.9795 (-113.4 deg)
12-21 14:46:53.065  1020  1371 D KLog_KGamePad_Toggle: Toggle X: false
12-21 14:46:53.065  1020  1371 D KLog_KGamePad_Toggle: Toggle Back: false
12-21 14:46:53.066  1020  1372 D KLog_Odometry_Encoder: left encoder -17938
12-21 14:46:53.066  1020  1371 D KLog_ActionLifecycle: [unnamed] STARTED
12-21 14:46:53.066  1020  1371 D KLog_ActionLifecycle: [unnamed] STARTED
12-21 14:46:53.066  1020  1371 D KLog_AngVel: Robot: (-1367.6, -690.0) mm, Heading: -1.979 rad (-113.4 deg)
12-21 14:46:53.066  1020  1371 D KLog_AngVel: Target: (3357.0, 1350.0) mm
12-21 14:46:53.067  1020  1371 D KLog_AngVel: Delta: (4724.6, 2040.0) mm, Distance: 5146.2 mm, Angle: 0.408 rad (23.4 deg)
12-21 14:46:53.067  1020  1372 D KLog_Odometry_Encoder: back encoder -2559
12-21 14:46:53.067  1020  1371 D KLog_AngVel: Angle Error: 2.387 rad (136.8 deg) = angleToGoal(0.408) - robotHeading(-1.979)
12-21 14:46:53.067  1020  1371 D KLog_AngVel: ΔAngle: 0.0000 rad, ΔTime: 18.2 ms, Velocity: 0.000 rad/ms (0.000 rad/s)
12-21 14:46:53.068  1020  1371 D KLog_AngVel: Angular Velocity: 0.000 rad/ms, Angle Error: 2.387 rad (136.8 deg)
12-21 14:46:53.070  1020  1371 D KLog_turret_angle_target: target point Point{x=3357.0, y=1350.0}
12-21 14:46:53.070  1020  1371 D KLog_turret_angle: total turret angle 2.387069733932235 total turret angle wrap 2.387069733932235
12-21 14:46:53.070  1020  1371 D KLog_TurretAutoAlignLimelight_Odometry_Calc: targetTicks 570.6129409195801
12-21 14:46:53.070  1020  1371 D KLog_TurretAutoAlignLimelight: Limelight angle0.0
12-21 14:46:53.076  1020  1372 D KLog_Odometry_IMU_Heading: Heading (rad): -1.9907443401350935 (deg): -114.06124877929688
12-21 14:46:53.076  1020  1372 D KLog_Odometry_IMU_Prev_Heading: PrevHeading (rad): -1.9907443401350935 (deg): -114.06124877929688
12-21 14:46:53.077  1020  1372 D KLog_Odometry_Delta_Theta: Raw IMU Current Heading-1.9907443401350935 Prev IMU Heading -1.9907443401350935
12-21 14:46:53.077  1020  1372 D KLog_Odometry_Delta_Theta: Imu Delta Theta: 0.0 Wheel Delta Theta: 0.0
12-21 14:46:53.077  1020  1372 D KLog_Odometry_Delta_Theta: Checking IMU delta theta 0.0 wheel delta theta 0.0
12-21 14:46:53.077  1020  1372 D KLog_Odometry_IMU_Health: Healthy Raw IMU 0.0 wheel 0.0
12-21 14:46:53.077  1020  1372 D KLog_Odometry_IMU_Position: x=-1367.60 (-53.84 in), y=-689.98 (-27.16 in), theta=-1.9795 (-113.4 deg) UnhealthyCounter 3356
12-21 14:46:53.078  1020  1372 D KLog_Odometry_Wheel_Position: x=-1404.55 (-55.30 in), y=-702.86 (-27.67 in), theta=-2.0218 (-115.8 deg) UnhealthyCounter 3356
12-21 14:46:53.078  1020  1372 D KLog_OdometryLogger_Line: 1766357213078,-2559,-17938,-34956,-190.63351927379998,-1336.2970178715998,-2604.0583429992,-1.9907443401350935,-1404.5478238847209,-702.8617129014505,-2.0218027017086615,0.0,-1367.5995661184677,-689.9820873456722,-1.9794713935952803,0.0,3356
12-21 14:46:53.078  1020  1372 D KLog_OdometryLogger: Buffered line 9954
12-21 14:46:53.078  1020  1372 D KLog_ExecutorService_Run: Thread is running. OpMode.isActive: true
12-21 14:46:53.078  1020  1372 D KLog_ExecutorService_Run: OpModeIsActive. Running
12-21 14:46:53.081  1020  1372 D KLog_Odometry_Encoder: right encoder -34956
12-21 14:46:53.083  1020  1371 D KLog_AngVel_withinRange: Within RANGE - motor position 571.00, target ticks 570.61
12-21 14:46:53.083  1020  1371 D KLog_ActionLifecycle: [unnamed] STARTED
12-21 14:46:53.084  1020  1371 D KLog_AngVel: Robot: (-1367.6, -690.0) mm, Heading: -1.979 rad (-113.4 deg)
12-21 14:46:53.084  1020  1371 D KLog_AngVel: Target: (3357.0, 1350.0) mm
12-21 14:46:53.084  1020  1371 D KLog_AngVel: Delta: (4724.6, 2040.0) mm, Distance: 5146.2 mm, Angle: 0.408 rad (23.4 deg)
12-21 14:46:53.084  1020  1372 D KLog_Odometry_Encoder: left encoder -17938
12-21 14:46:53.085  1020  1371 D KLog_AngVel: Angle Error: 2.387 rad (136.8 deg) = angleToGoal(0.408) - robotHeading(-1.979)
12-21 14:46:53.085  1020  1371 D KLog_AngVel: ΔAngle: 0.0000 rad, ΔTime: 17.2 ms, Velocity: 0.000 rad/ms (0.000 rad/s)
12-21 14:46:53.085  1020  1371 D KLog_AngVel: Angular Velocity: 0.000 rad/ms, Angle Error: 2.387 rad (136.8 deg)
12-21 14:46:53.086  1020  1372 D KLog_Odometry_Encoder: back encoder -2559
12-21 14:46:53.089  1020  1371 D KLog_turret_angle_target: target point Point{x=3357.0, y=1350.0}
12-21 14:46:53.089  1020  1371 D KLog_turret_angle: total turret angle 2.387069733932235 total turret angle wrap 2.387069733932235
12-21 14:46:53.089  1020  1371 D KLog_TurretAutoAlignLimelight_Odometry_Calc: targetTicks 570.6129409195801
12-21 14:46:53.089  1020  1371 D KLog_TurretAutoAlignLimelight: Limelight angle0.0
12-21 14:46:53.094  1020  1372 D KLog_Odometry_IMU_Heading: Heading (rad): -1.9907430085545483 (deg): -114.06117248535155
12-21 14:46:53.094  1020  1372 D KLog_Odometry_IMU_Prev_Heading: PrevHeading (rad): -1.9907443401350935 (deg): -114.06124877929688
12-21 14:46:53.094  1020  1372 D KLog_Odometry_Delta_Theta: Raw IMU Current Heading-1.9907430085545483 Prev IMU Heading -1.9907443401350935
12-21 14:46:53.094  1020  1372 D KLog_Odometry_Delta_Theta: Imu Delta Theta: 1.3315805451608043E-6 Wheel Delta Theta: 0.0
12-21 14:46:53.095  1020  1372 D KLog_Odometry_Delta_Theta: Checking IMU delta theta 1.3315805451608043E-6 wheel delta theta 0.0
12-21 14:46:53.095  1020  1372 D KLog_Odometry_IMU_Unhealthy: IMUPhantom IMU delta theta 1.3315805451608043E-6 wheel delta theta 0.0
12-21 14:46:53.095  1020  1372 D KLog_Odometry_IMU_Health: Fallback Raw IMU 1.3315805451608043E-6 wheel 0.0
12-21 14:46:53.096  1020  1372 D KLog_Odometry_IMU_Position: x=-1367.60 (-53.84 in), y=-689.98 (-27.16 in), theta=-1.9795 (-113.4 deg) UnhealthyCounter 3357
12-21 14:46:53.096  1020  1372 D KLog_Odometry_Wheel_Position: x=-1404.55 (-55.30 in), y=-702.86 (-27.67 in), theta=-2.0218 (-115.8 deg) UnhealthyCounter 3357
12-21 14:46:53.096  1020  1372 D KLog_OdometryLogger_Line: 1766357213096,-2559,-17938,-34956,-190.63351927379998,-1336.2970178715998,-2604.0583429992,-1.9907430085545483,-1404.5478238847209,-702.8617129014505,-2.0218027017086615,0.0,-1367.5995661184677,-689.9820873456722,-1.9794713935952803,0.0,3357
12-21 14:46:53.096  1020  1372 D KLog_OdometryLogger: Buffered line 9955
12-21 14:46:53.097  1020  1372 D KLog_ExecutorService_Run: Thread is running. OpMode.isActive: true
12-21 14:46:53.097  1020  1372 D KLog_ExecutorService_Run: OpModeIsActive. Running
12-21 14:46:53.099  1020  1372 D KLog_Odometry_Encoder: right encoder -34956
12-21 14:46:53.102  1020  1371 D KLog_AngVel_withinRange: Within RANGE - motor position 571.00, target ticks 570.61
12-21 14:46:53.102  1020  1371 D KLog_TeleOp_Turret: Turret Power0.0
12-21 14:46:53.102  1020  1371 D KLog_ActionLifecycle: [unnamed] STARTED
12-21 14:46:53.102  1020  1371 D KLog_ActionSet: [unnamed] Executing action: [ReleaseBraking]
12-21 14:46:53.102  1020  1371 D KLog_ActionLifecycle: [ReleaseBraking] STARTED
12-21 14:46:53.103  1020  1371 D KLog_ActionSet: [unnamed] Status: 1 total, 0 completed, 1 executed, 0 blocked
12-21 14:46:53.103  1020  1371 D Odometry: Position: x=-1367.60 (-53.84 in), y=-689.98 (-27.16 in), theta=-1.9795 (-113.4 deg)
12-21 14:46:53.103  1020  1371 D KLog_KGamePad_Toggle: Toggle X: false
12-21 14:46:53.103  1020  1371 D KLog_KGamePad_Toggle: Toggle Back: false
12-21 14:46:53.104  1020  1372 D KLog_Odometry_Encoder: left encoder -17938
12-21 14:46:53.105  1020  1372 D KLog_Odometry_Encoder: back encoder -2559
12-21 14:46:53.105  1020  1371 D KLog_ActionLifecycle: [unnamed] STARTED
12-21 14:46:53.105  1020  1371 D KLog_ActionLifecycle: [unnamed] STARTED
12-21 14:46:53.106  1020  1371 D KLog_AngVel: Robot: (-1367.6, -690.0) mm, Heading: -1.979 rad (-113.4 deg)
12-21 14:46:53.106  1020  1371 D KLog_AngVel: Target: (3357.0, 1350.0) mm
12-21 14:46:53.106  1020  1371 D KLog_AngVel: Delta: (4724.6, 2040.0) mm, Distance: 5146.2 mm, Angle: 0.408 rad (23.4 deg)
12-21 14:46:53.106  1020  1371 D KLog_AngVel: Angle Error: 2.387 rad (136.8 deg) = angleToGoal(0.408) - robotHeading(-1.979)
12-21 14:46:53.107  1020  1371 D KLog_AngVel: ΔAngle: 0.0000 rad, ΔTime: 21.2 ms, Velocity: 0.000 rad/ms (0.000 rad/s)
12-21 14:46:53.107  1020  1371 D KLog_AngVel: Angular Velocity: 0.000 rad/ms, Angle Error: 2.387 rad (136.8 deg)
12-21 14:46:53.110  1020  1371 D KLog_turret_angle_target: target point Point{x=3357.0, y=1350.0}
12-21 14:46:53.110  1020  1371 D KLog_turret_angle: total turret angle 2.387069733932235 total turret angle wrap 2.387069733932235
12-21 14:46:53.110  1020  1371 D KLog_TurretAutoAlignLimelight_Odometry_Calc: targetTicks 570.6129409195801
12-21 14:46:53.110  1020  1371 D KLog_TurretAutoAlignLimelight: Limelight angle0.0
12-21 14:46:53.112  1020  1372 D KLog_Odometry_IMU_Heading: Heading (rad): -1.9907430085545483 (deg): -114.06117248535155
12-21 14:46:53.112  1020  1372 D KLog_Odometry_IMU_Prev_Heading: PrevHeading (rad): -1.9907430085545483 (deg): -114.06117248535155
12-21 14:46:53.112  1020  1372 D KLog_Odometry_Delta_Theta: Raw IMU Current Heading-1.9907430085545483 Prev IMU Heading -1.9907430085545483
12-21 14:46:53.112  1020  1372 D KLog_Odometry_Delta_Theta: Imu Delta Theta: 0.0 Wheel Delta Theta: 0.0
12-21 14:46:53.112  1020  1372 D KLog_Odometry_Delta_Theta: Checking IMU delta theta 0.0 wheel delta theta 0.0
12-21 14:46:53.113  1020  1372 D KLog_Odometry_IMU_Health: Healthy Raw IMU 0.0 wheel 0.0
12-21 14:46:53.113  1020  1372 D KLog_Odometry_IMU_Position: x=-1367.60 (-53.84 in), y=-689.98 (-27.16 in), theta=-1.9795 (-113.4 deg) UnhealthyCounter 3357
12-21 14:46:53.114  1020  1372 D KLog_Odometry_Wheel_Position: x=-1404.55 (-55.30 in), y=-702.86 (-27.67 in), theta=-2.0218 (-115.8 deg) UnhealthyCounter 3357
12-21 14:46:53.114  1020  1372 D KLog_OdometryLogger_Line: 1766357213114,-2559,-17938,-34956,-190.63351927379998,-1336.2970178715998,-2604.0583429992,-1.9907430085545483,-1404.5478238847209,-702.8617129014505,-2.0218027017086615,0.0,-1367.5995661184677,-689.9820873456722,-1.9794713935952803,0.0,3357
12-21 14:46:53.114  1020  1372 D KLog_OdometryLogger: Buffered line 9956
12-21 14:46:53.115  1020  1372 D KLog_ExecutorService_Run: Thread is running. OpMode.isActive: true
12-21 14:46:53.115  1020  1372 D KLog_ExecutorService_Run: OpModeIsActive. Running
12-21 14:46:53.118  1020  1372 D KLog_Odometry_Encoder: right encoder -34956
12-21 14:46:53.121  1020  1371 D KLog_AngVel_withinRange: Within RANGE - motor position 571.00, target ticks 570.61
12-21 14:46:53.121  1020  1371 D KLog_ActionLifecycle: [unnamed] STARTED
12-21 14:46:53.121  1020  1371 D KLog_AngVel: Robot: (-1367.6, -690.0) mm, Heading: -1.979 rad (-113.4 deg)
12-21 14:46:53.121  1020  1371 D KLog_AngVel: Target: (3357.0, 1350.0) mm
12-21 14:46:53.122  1020  1371 D KLog_AngVel: Delta: (4724.6, 2040.0) mm, Distance: 5146.2 mm, Angle: 0.408 rad (23.4 deg)
12-21 14:46:53.122  1020  1372 D KLog_Odometry_Encoder: left encoder -17938
12-21 14:46:53.122  1020  1371 D KLog_AngVel: Angle Error: 2.387 rad (136.8 deg) = angleToGoal(0.408) - robotHeading(-1.979)
12-21 14:46:53.122  1020  1371 D KLog_AngVel: ΔAngle: 0.0000 rad, ΔTime: 15.6 ms, Velocity: 0.000 rad/ms (0.000 rad/s)
12-21 14:46:53.123  1020  1371 D KLog_AngVel: Angular Velocity: 0.000 rad/ms, Angle Error: 2.387 rad (136.8 deg)
12-21 14:46:53.123  1020  1372 D KLog_Odometry_Encoder: back encoder -2559
12-21 14:46:53.126  1020  1371 D KLog_turret_angle_target: target point Point{x=3357.0, y=1350.0}
12-21 14:46:53.126  1020  1371 D KLog_turret_angle: total turret angle 2.387069733932235 total turret angle wrap 2.387069733932235
12-21 14:46:53.126  1020  1371 D KLog_TurretAutoAlignLimelight_Odometry_Calc: targetTicks 570.6129409195801
12-21 14:46:53.126  1020  1371 D KLog_TurretAutoAlignLimelight: Limelight angle0.0
12-21 14:46:53.131  1020  1372 D KLog_Odometry_IMU_Heading: Heading (rad): -1.9907430085545483 (deg): -114.06117248535155
12-21 14:46:53.131  1020  1372 D KLog_Odometry_IMU_Prev_Heading: PrevHeading (rad): -1.9907430085545483 (deg): -114.06117248535155
12-21 14:46:53.132  1020  1372 D KLog_Odometry_Delta_Theta: Raw IMU Current Heading-1.9907430085545483 Prev IMU Heading -1.9907430085545483
12-21 14:46:53.132  1020  1372 D KLog_Odometry_Delta_Theta: Imu Delta Theta: 0.0 Wheel Delta Theta: 0.0
12-21 14:46:53.132  1020  1372 D KLog_Odometry_Delta_Theta: Checking IMU delta theta 0.0 wheel delta theta 0.0
12-21 14:46:53.132  1020  1372 D KLog_Odometry_IMU_Health: Healthy Raw IMU 0.0 wheel 0.0
12-21 14:46:53.132  1020  1372 D KLog_Odometry_IMU_Position: x=-1367.60 (-53.84 in), y=-689.98 (-27.16 in), theta=-1.9795 (-113.4 deg) UnhealthyCounter 3357
12-21 14:46:53.133  1020  1372 D KLog_Odometry_Wheel_Position: x=-1404.55 (-55.30 in), y=-702.86 (-27.67 in), theta=-2.0218 (-115.8 deg) UnhealthyCounter 3357
12-21 14:46:53.133  1020  1372 D KLog_OdometryLogger_Line: 1766357213133,-2559,-17938,-34956,-190.63351927379998,-1336.2970178715998,-2604.0583429992,-1.9907430085545483,-1404.5478238847209,-702.8617129014505,-2.0218027017086615,0.0,-1367.5995661184677,-689.9820873456722,-1.9794713935952803,0.0,3357
12-21 14:46:53.133  1020  1372 D KLog_OdometryLogger: Buffered line 9957
12-21 14:46:53.134  1020  1372 D KLog_ExecutorService_Run: Thread is running. OpMode.isActive: true
12-21 14:46:53.134  1020  1372 D KLog_ExecutorService_Run: OpModeIsActive. Running
12-21 14:46:53.135  1020  1372 D KLog_Odometry_Encoder: right encoder -34956
12-21 14:46:53.137  1020  1371 D KLog_AngVel_withinRange: Within RANGE - motor position 571.00, target ticks 570.61
12-21 14:46:53.138  1020  1371 D KLog_TeleOp_Turret: Turret Power0.0
