12-21 14:46:55.185  1020  1372 D KLog_Odometry_IMU_Health: Healthy Raw IMU 0.0 wheel 0.0
12-21 14:46:55.186  1020  1372 D KLog_Odometry_IMU_Position: x=-1367.53 (-53.84 in), y=-690.01 (-27.17 in), theta=-1.9795 (-113.4 deg) UnhealthyCounter 3393
12-21 14:46:55.186  1020  1372 D KLog_Odometry_Wheel_Position: x=-1404.48 (-55.29 in), y=-702.89 (-27.67 in), theta=-2.0218 (-115.8 deg) UnhealthyCounter 3393
12-21 14:46:55.186  1020  1372 D KLog_OdometryLogger_Line: 1766357215186,-2558,-17938,-34956,-190.5590239556,-1336.2970178715998,-2604.0583429992,-1.990781224916191,-1404.4807774347335,-702.8941832876169,-2.0218027017086615,0.0,-1367.531205627656,-690.0116913273247,-1.9794713935952803,0.0,3393
12-21 14:46:55.186  1020  1372 D KLog_OdometryLogger: Buffered line 10062
12-21 14:46:55.186  1020  1372 D KLog_ExecutorService_Run: Thread is running. OpMode.isActive: true
12-21 14:46:55.187  1020  1372 D KLog_ExecutorService_Run: OpModeIsActive. Running
12-21 14:46:55.191  1020  1372 D KLog_Odometry_Encoder: right encoder -34956
12-21 14:46:55.193  1020  1371 D KLog_AngVel_withinRange: Within RANGE - motor position 571.00, target ticks 570.62
12-21 14:46:55.193  1020  1371 D KLog_TeleOp_Turret: Turret Power0.0
12-21 14:46:55.194  1020  1371 D KLog_ActionLifecycle: [unnamed] STARTED
12-21 14:46:55.194  1020  1371 D KLog_ActionSet: [unnamed] Executing action: [ReleaseBraking]
12-21 14:46:55.194  1020  1371 D KLog_ActionLifecycle: [ReleaseBraking] STARTED
12-21 14:46:55.194  1020  1371 D KLog_ActionSet: [unnamed] Status: 1 total, 0 completed, 1 executed, 0 blocked
12-21 14:46:55.195  1020  1371 D Odometry: Position: x=-1367.53 (-53.84 in), y=-690.01 (-27.17 in), theta=-1.9795 (-113.4 deg)
12-21 14:46:55.195  1020  1372 D KLog_Odometry_Encoder: left encoder -17938
12-21 14:46:55.195  1020  1371 D KLog_KGamePad_Toggle: Toggle X: false
12-21 14:46:55.195  1020  1371 D KLog_KGamePad_Toggle: Toggle Back: false
12-21 14:46:55.197  1020  1372 D KLog_Odometry_Encoder: back encoder -2558
12-21 14:46:55.197  1020  1371 D KLog_ActionLifecycle: [unnamed] STARTED
12-21 14:46:55.198  1020  1371 D KLog_ActionLifecycle: [unnamed] STARTED
12-21 14:46:55.198  1020  1371 D KLog_AngVel: Robot: (-1367.5, -690.0) mm, Heading: -1.979 rad (-113.4 deg)
12-21 14:46:55.198  1020  1371 D KLog_AngVel: Target: (3357.0, 1350.0) mm
12-21 14:46:55.199  1020  1371 D KLog_AngVel: Delta: (4724.5, 2040.0) mm, Distance: 5146.1 mm, Angle: 0.408 rad (23.4 deg)
12-21 14:46:55.199  1020  1371 D KLog_AngVel: Angle Error: 2.387 rad (136.8 deg) = angleToGoal(0.408) - robotHeading(-1.979)
12-21 14:46:55.199  1020  1371 D KLog_AngVel: ΔAngle: 0.0000 rad, ΔTime: 24.2 ms, Velocity: 0.000 rad/ms (0.000 rad/s)
12-21 14:46:55.199  1020  1371 D KLog_AngVel: Angular Velocity: 0.000 rad/ms, Angle Error: 2.387 rad (136.8 deg)
12-21 14:46:55.202  1020  1371 D KLog_turret_angle_target: target point Point{x=3357.0, y=1350.0}
12-21 14:46:55.202  1020  1371 D KLog_turret_angle: total turret angle 2.387080281076592 total turret angle wrap 2.387080281076592
12-21 14:46:55.203  1020  1371 D KLog_TurretAutoAlignLimelight_Odometry_Calc: targetTicks 570.6154621433944
12-21 14:46:55.203  1020  1371 D KLog_TurretAutoAlignLimelight: Limelight angle0.0
12-21 14:46:55.204  1020  1372 D KLog_Odometry_IMU_Heading: Heading (rad): -1.9908981376880457 (deg): -114.07006072998047
12-21 14:46:55.204  1020  1372 D KLog_Odometry_IMU_Prev_Heading: PrevHeading (rad): -1.990781224916191 (deg): -114.06336212158203
12-21 14:46:55.205  1020  1372 D KLog_Odometry_Delta_Theta: Raw IMU Current Heading-1.9908981376880457 Prev IMU Heading -1.990781224916191
12-21 14:46:55.205  1020  1372 D KLog_Odometry_Delta_Theta: Imu Delta Theta: -1.1691277185477134E-4 Wheel Delta Theta: 0.0
12-21 14:46:55.205  1020  1372 D KLog_Odometry_Delta_Theta: Checking IMU delta theta -1.1691277185477134E-4 wheel delta theta 0.0
12-21 14:46:55.205  1020  1372 D KLog_Odometry_IMU_Unhealthy: IMUPhantom IMU delta theta -1.1691277185477134E-4 wheel delta theta 0.0
12-21 14:46:55.205  1020  1372 D KLog_Odometry_IMU_Health: Fallback Raw IMU -1.1691277185477134E-4 wheel 0.0
12-21 14:46:55.206  1020  1372 D KLog_Odometry_IMU_Position: x=-1367.53 (-53.84 in), y=-690.01 (-27.17 in), theta=-1.9795 (-113.4 deg) UnhealthyCounter 3394
12-21 14:46:55.206  1020  1372 D KLog_Odometry_Wheel_Position: x=-1404.48 (-55.29 in), y=-702.89 (-27.67 in), theta=-2.0218 (-115.8 deg) UnhealthyCounter 3394
12-21 14:46:55.206  1020  1372 D KLog_OdometryLogger_Line: 1766357215206,-2558,-17938,-34956,-190.5590239556,-1336.2970178715998,-2604.0583429992,-1.9908981376880457,-1404.4807774347335,-702.8941832876169,-2.0218027017086615,0.0,-1367.531205627656,-690.0116913273247,-1.9794713935952803,0.0,3394
12-21 14:46:55.206  1020  1372 D KLog_OdometryLogger: Buffered line 10063
12-21 14:46:55.206  1020  1372 D KLog_ExecutorService_Run: Thread is running. OpMode.isActive: true
12-21 14:46:55.207  1020  1372 D KLog_ExecutorService_Run: OpModeIsActive. Running
12-21 14:46:55.214  1020  1372 D KLog_Odometry_Encoder: right encoder -34956
12-21 14:46:55.218  1020  1372 D KLog_Odometry_Encoder: left encoder -17938
12-21 14:46:55.221  1020  1371 D KLog_AngVel_withinRange: Within RANGE - motor position 571.00, target ticks 570.62
12-21 14:46:55.221  1020  1371 D KLog_ActionLifecycle: [unnamed] STARTED
12-21 14:46:55.222  1020  1371 D KLog_AngVel: Robot: (-1367.5, -690.0) mm, Heading: -1.979 rad (-113.4 deg)
12-21 14:46:55.222  1020  1371 D KLog_AngVel: Target: (3357.0, 1350.0) mm
12-21 14:46:55.222  1020  1371 D KLog_AngVel: Delta: (4724.5, 2040.0) mm, Distance: 5146.1 mm, Angle: 0.408 rad (23.4 deg)
12-21 14:46:55.223  1020  1371 D KLog_AngVel: Angle Error: 2.387 rad (136.8 deg) = angleToGoal(0.408) - robotHeading(-1.979)
12-21 14:46:55.223  1020  1372 D KLog_Odometry_Encoder: back encoder -2558
12-21 14:46:55.223  1020  1371 D KLog_AngVel: ΔAngle: 0.0000 rad, ΔTime: 23.3 ms, Velocity: 0.000 rad/ms (0.000 rad/s)
12-21 14:46:55.223  1020  1371 D KLog_AngVel: Angular Velocity: 0.000 rad/ms, Angle Error: 2.387 rad (136.8 deg)
12-21 14:46:55.226  1020  1371 D KLog_turret_angle_target: target point Point{x=3357.0, y=1350.0}
12-21 14:46:55.226  1020  1371 D KLog_turret_angle: total turret angle 2.387080281076592 total turret angle wrap 2.387080281076592
12-21 14:46:55.226  1020  1371 D KLog_TurretAutoAlignLimelight_Odometry_Calc: targetTicks 570.6154621433944
12-21 14:46:55.226  1020  1371 D KLog_TurretAutoAlignLimelight: Limelight angle0.0
12-21 14:46:55.234  1020  1372 D KLog_Odometry_IMU_Heading: Heading (rad): -1.9908981376880457 (deg): -114.07006072998047
12-21 14:46:55.234  1020  1372 D KLog_Odometry_IMU_Prev_Heading: PrevHeading (rad): -1.9908981376880457 (deg): -114.07006072998047
12-21 14:46:55.235  1020  1372 D KLog_Odometry_Delta_Theta: Raw IMU Current Heading-1.9908981376880457 Prev IMU Heading -1.9908981376880457
12-21 14:46:55.235  1020  1372 D KLog_Odometry_Delta_Theta: Imu Delta Theta: 0.0 Wheel Delta Theta: 0.0
12-21 14:46:55.235  1020  1372 D KLog_Odometry_Delta_Theta: Checking IMU delta theta 0.0 wheel delta theta 0.0
12-21 14:46:55.235  1020  1372 D KLog_Odometry_IMU_Health: Healthy Raw IMU 0.0 wheel 0.0
12-21 14:46:55.235  1020  1372 D KLog_Odometry_IMU_Position: x=-1367.53 (-53.84 in), y=-690.01 (-27.17 in), theta=-1.9795 (-113.4 deg) UnhealthyCounter 3394
12-21 14:46:55.236  1020  1372 D KLog_Odometry_Wheel_Position: x=-1404.48 (-55.29 in), y=-702.89 (-27.67 in), theta=-2.0218 (-115.8 deg) UnhealthyCounter 3394
12-21 14:46:55.236  1020  1372 D KLog_OdometryLogger_Line: 1766357215236,-2558,-17938,-34956,-190.5590239556,-1336.2970178715998,-2604.0583429992,-1.9908981376880457,-1404.4807774347335,-702.8941832876169,-2.0218027017086615,0.0,-1367.531205627656,-690.0116913273247,-1.9794713935952803,0.0,3394
12-21 14:46:55.236  1020  1372 D KLog_OdometryLogger: Buffered line 10064
12-21 14:46:55.236  1020  1372 D KLog_ExecutorService_Run: Thread is running. OpMode.isActive: true
12-21 14:46:55.236  1020  1372 D KLog_ExecutorService_Run: OpModeIsActive. Running
12-21 14:46:55.242  1020  1372 D KLog_Odometry_Encoder: right encoder -34956
12-21 14:46:55.245  1020  1371 D KLog_AngVel_withinRange: Within RANGE - motor position 571.00, target ticks 570.62
12-21 14:46:55.245  1020  1371 D KLog_TeleOp_Turret: Turret Power0.0
12-21 14:46:55.245  1020  1371 D KLog_ActionLifecycle: [unnamed] STARTED
12-21 14:46:55.246  1020  1371 D KLog_ActionSet: [unnamed] Executing action: [ReleaseBraking]
12-21 14:46:55.246  1020  1371 D KLog_ActionLifecycle: [ReleaseBraking] STARTED
