02-12 21:02:35.972  1516  1609 V UsbResiliantWebcam|DelCaptureSession: destroy(hash=0x07319548)
02-12 21:02:35.972  1516  1668 D UvcApiCaptureSession: destructor...
02-12 21:02:35.972  1516  1609 D UsbResiliantWebcam|DelCaptureSession: destructor()...
02-12 21:02:35.973  1516  1668 D UvcApiCaptureSession: ...destructor
02-12 21:02:35.973  1516  1609 D UsbResiliantWebcam|DelCaptureSession: ...destructor()
02-12 21:02:35.973  1516  1609 V CameraImpl: destroy(hash=0x0ba05265)
02-12 21:02:35.973  1516  1609 D UsbResiliantWebcam: CameraImpl.destructor()...
02-12 21:02:35.974  1516  1609 D UsbResiliantWebcam: externalDestructor()...
02-12 21:02:35.974  1516  1609 V CameraImpl: destroy(hash=0x0d2e45fb)
02-12 21:02:35.975  1516  1668 D CameraManager: camera reports closed: CameraImpl(UsbResiliantWebcam(Webcam(5922B4AF)))
02-12 21:02:35.975  1516  1609 D UvcDeviceHandle: CameraImpl.destructor()...
02-12 21:02:35.975  1516  1609 D UvcDeviceHandle: externalDestructor()...
02-12 21:02:35.976  1516  1609 D UsbResiliantWebcam: changeDelegatedCamera(CameraImpl(UvcDeviceHandle(pointer=0x77f8e0c460|UvcDevice(/dev/bus/usb/003/003)))->null)...
02-12 21:02:35.978  1516  1609 D CachingExposureControl: onCameraChanged(CameraImpl(UvcDeviceHandle(pointer=0x77f8e0c460|UvcDevice(/dev/bus/usb/003/003)))->null)...
02-12 21:02:35.978  1516  1609 D CachingExposureControl: ...onCameraChanged(CameraImpl(UvcDeviceHandle(pointer=0x77f8e0c460|UvcDevice(/dev/bus/usb/003/003)))->null)
02-12 21:02:35.978  1516  1609 D UsbResiliantWebcam: ...changeDelegatedCamera(CameraImpl(UvcDeviceHandle(pointer=0x77f8e0c460|UvcDevice(/dev/bus/usb/003/003)))->null)
02-12 21:02:35.979  1516  1609 D UvcDeviceHandle: ...externalDestructor()
02-12 21:02:35.979  1516  1609 V UvcDeviceHandle: destroy(pointer=0x77f8e0c460)
02-12 21:02:35.979  1516  1609 D UvcDeviceHandle: destructor...
02-12 21:02:35.981  1516  1609 D Uvc     : [jni_devicehandle.cpp:86] Java_org_firstinspires_ftc_robotcore_internal_camera_libuvc_nativeobject_UvcDeviceHandle_nativeReleaseRefDeviceHandle()...
02-12 21:02:35.981  1516  1609 V Uvc     : API: Java_org_firstinspires_ftc_robotcore_internal_camera_libuvc_nativeobject_UvcDeviceHandle_nativeReleaseRefDeviceHandle: enter...
02-12 21:02:35.981  1516  1609 D Uvc     : [libuvc/libuvc_internal.h:873] uvc_device_handle::~uvc_device_handle()...
02-12 21:02:35.981  1516  1609 D Uvc     : [libuvc/libuvc_internal.h:841] uvc_device_handle::deconstruct()...
02-12 21:02:35.981  1516  1609 D Uvc     : [libuvc/libuvc_internal.h:752] uvc_device_handle::stop()...
02-12 21:02:35.981  1516  1609 D Uvc     : [libuvc/libuvc_internal.h:752] ...uvc_device_handle::stop()
02-12 21:02:35.981  1516  1609 D Uvc     : [libuvc/libuvc_internal.h:866] uvc_device_handle::close()...
02-12 21:02:35.981  1516  1609 E libusb  : [90.564139] [00000649] libusb: error [do_close] Device handle closed while transfer was still being processed, but the device is still connected as far as we know
02-12 21:02:35.981  1516  1609 E libusb  : [90.564227] [00000649] libusb: error [do_close] A cancellation hasn't even been scheduled on the transfer for which the device is closing
02-12 21:02:35.981  1516  1609 D Uvc     : [libuvc/libuvc_internal.h:866] ...uvc_device_handle::close()
02-12 21:02:35.981  1516  1609 D Uvc     : [libuvc/libuvc_internal.h:841] ...uvc_device_handle::deconstruct()
02-12 21:02:35.981  1516  1609 D Uvc     : [device.cpp:433] uvc_free_device_info()...
02-12 21:02:35.981  1516  1609 D Uvc     : [device.cpp:433] ...uvc_free_device_info()
02-12 21:02:35.981  1516  1609 D Uvc     : [libuvc/libuvc_internal.h:873] ...uvc_device_handle::~uvc_device_handle()
02-12 21:02:35.982  1516  1609 V Uvc     : API: Java_org_firstinspires_ftc_robotcore_internal_camera_libuvc_nativeobject_UvcDeviceHandle_nativeReleaseRefDeviceHandle: ...exit
02-12 21:02:35.982  1516  1609 D Uvc     : [jni_devicehandle.cpp:86] ...Java_org_firstinspires_ftc_robotcore_internal_camera_libuvc_nativeobject_UvcDeviceHandle_nativeReleaseRefDeviceHandle()
02-12 21:02:35.982  1516  1609 V UvcDevice: destroy(pointer=0x77f8fa2440|/dev/bus/usb/003/003)
02-12 21:02:35.982  1516  1609 D UsbDeviceConnectionJNI: close
02-12 21:02:35.982  1516  1609 D Uvc     : [jni_device.cpp:126] Java_org_firstinspires_ftc_robotcore_internal_camera_libuvc_nativeobject_UvcDevice_nativeReleaseRefDevice()...
02-12 21:02:35.982  1516  1609 V Uvc     : API: Java_org_firstinspires_ftc_robotcore_internal_camera_libuvc_nativeobject_UvcDevice_nativeReleaseRefDevice: enter...
02-12 21:02:35.983  1516  1609 D Uvc     : [device.cpp:882] uvc_unref_device()...
02-12 21:02:35.985  1516  1609 D Uvc     : [device.cpp:882] ...uvc_unref_device()
02-12 21:02:35.985  1516  1609 V Uvc     : API: Java_org_firstinspires_ftc_robotcore_internal_camera_libuvc_nativeobject_UvcDevice_nativeReleaseRefDevice: ...exit
02-12 21:02:35.985  1516  1609 D Uvc     : [jni_device.cpp:126] ...Java_org_firstinspires_ftc_robotcore_internal_camera_libuvc_nativeobject_UvcDevice_nativeReleaseRefDevice()
02-12 21:02:35.985  1516  1609 V LibUsbDevice: destroy(pointer=0x77f6d19680)
02-12 21:02:35.986  1516  1609 D Uvc     : [jni_libusb_device.cpp:64] Java_org_firstinspires_ftc_robotcore_internal_camera_libuvc_nativeobject_LibUsbDevice_nativeReleaseRefDevice()...
02-12 21:02:35.986  1516  1609 D Uvc     : [jni_libusb_device.cpp:64] ...Java_org_firstinspires_ftc_robotcore_internal_camera_libuvc_nativeobject_LibUsbDevice_nativeReleaseRefDevice()
02-12 21:02:35.986  1516  1609 D UvcDeviceHandle: ...destructor
02-12 21:02:35.986  1516  1609 D UvcDeviceHandle: ...CameraImpl.destructor()
02-12 21:02:35.986  1516  1609 D UsbResiliantWebcam: ...externalDestructor()
02-12 21:02:35.987  1516  1609 V UsbResiliantWebcam: destroy(hash=0x010a01f5)
02-12 21:02:35.987  1516  1609 D UsbResiliantWebcam: destructor()...
02-12 21:02:35.987  1516  1609 D UsbResiliantWebcam: ...destructor()
02-12 21:02:35.988  1516  1609 D UsbResiliantWebcam: ...CameraImpl.destructor()
02-12 21:02:35.988  1516  1609 I RobotCore: Attempting to switch to OpMode $Stop$Robot$
02-12 21:02:35.989  1516  1609 I RobotCore: ******************** STOP - OPMODE /storage/emulated/0/FIRST/matchlogs/Match-0-LongBlueFreeway22.txt ********************
02-12 21:02:35.997  1516  1609 D HardwareMap: Clearing which device instances have been retrieved
02-12 21:02:35.997  1516  1669 I RobotCore: saving match logcat to /storage/emulated/0/FIRST/matchlogs/Match-0-LongBlueFreeway22.txt
02-12 21:02:35.997  1516  1669 I RobotCore: logging command line: exec logcat -d -T '2-12 21:1:56.000' -f '/storage/emulated/0/FIRST/matchlogs/Match-0-LongBlueFreeway22.txt' -n4 -v threadtime UsbRequestJNI:S UsbRequest:S art:W ThreadPool:W System:W ExtendedExtractor:W OMXClient:W MediaPlayer:W dalvikvm:W  *:V
02-12 21:02:36.000  1516  1671 V RobotCore: thread: 'OpModeThread' starting...
02-12 21:02:36.001  1516  1585 V Robocol : sending CMD_NOTIFY_INIT_OP_MODE(2305), attempt: 0
02-12 21:02:36.041  1516  1585 V Robocol : sending CMD_NOTIFY_RUN_OP_MODE(2306), attempt: 0
02-12 21:02:36.343  1516  1669 I RobotCore: Done running exec logcat -d -T '2-12 21:1:56.000' -f '/storage/emulated/0/FIRST/matchlogs/Match-0-LongBlueFreeway22.txt' -n4 -v threadtime UsbRequestJNI:S UsbRequest:S art:W ThreadPool:W System:W ExtendedExtractor:W OMXClient:W MediaPlayer:W dalvikvm:W  *:V
02-12 21:02:36.343  1516  1669 I RobotCore: exiting match logcat for /storage/emulated/0/FIRST/matchlogs/Match-0-LongBlueFreeway22.txt
02-12 21:02:39.283  1516  1582 V Robocol : received command: CMD_INIT_OP_MODE(10731) $Stop$Robot$
02-12 21:02:39.308  1516  1671 V RobotCore: thread: ...terminating 'OpModeThread'
02-12 21:02:39.310  1516  1609 I RobotCore: Attempting to switch to OpMode $Stop$Robot$
02-12 21:02:39.311  1516  1609 D HardwareMap: Clearing which device instances have been retrieved
02-12 21:02:39.315  1516  1675 V RobotCore: thread: 'OpModeThread' starting...
02-12 21:02:39.322  1516  1585 V Robocol : sending CMD_NOTIFY_INIT_OP_MODE(2363), attempt: 0
02-12 21:02:39.323  1516  1585 V Robocol : sending CMD_NOTIFY_RUN_OP_MODE(2364), attempt: 0
02-12 21:02:41.324  1516  1582 V Robocol : received command: CMD_SET_MATCH_NUMBER(10765) 0
02-12 21:02:41.325  1516  1582 V Robocol : received command: CMD_INIT_OP_MODE(10766) BlueTeleOp
02-12 21:02:41.364  1516  1675 V RobotCore: thread: ...terminating 'OpModeThread'
02-12 21:02:41.366  1516  1609 I RobotCore: Attempting to switch to OpMode BlueTeleOp
02-12 21:02:41.368  1516  1609 I RobotCore: ******************** START - OPMODE BlueTeleOp ********************
02-12 21:02:41.551  1516  1609 D HardwareMap: Clearing which device instances have been retrieved
02-12 21:02:41.555  1516  1676 V RobotCore: thread: 'OpModeThread' starting...
02-12 21:02:41.558  1516  1676 D AprilTagDetectorJNI: Creating 36h11 tag family
02-12 21:02:41.559  1516  1676 D AprilTagDetectorJNI: Initializing april tag detector
02-12 21:02:41.561  1516  1585 V Robocol : sending CMD_NOTIFY_INIT_OP_MODE(2410), attempt: 0
02-12 21:02:41.742  1516  1676 I I2C     : Automatically initializing I2C device BHI260IMU (BHI260 IMU on USB (embedded); module 173; bus 0; addr7=0x28)
02-12 21:02:41.745  1516  1676 V BHI260IMU: Suppressing I2C warnings while we check for a BHI260AP IMU
02-12 21:02:41.747  1516  1676 V BHI260IMU: Found BHI260AP IMU
02-12 21:02:41.763  1516  1676 D BHI260IMU: Firmware version: 20
02-12 21:02:41.776  1516  1676 V BHI260IMU: Suppressing I2C warnings while we check for a BHI260AP IMU
02-12 21:02:41.779  1516  1676 V BHI260IMU: Found BHI260AP IMU
02-12 21:02:41.794  1516  1676 D BHI260IMU: Firmware version: 20
02-12 21:02:42.043  1516  1582 V Robocol : received command: CMD_RUN_OP_MODE(10784) BlueTeleOp
02-12 21:02:42.082  1516  1585 V Robocol : sending CMD_NOTIFY_RUN_OP_MODE(2420), attempt: 0
02-12 21:02:42.562  1516  1676 D vision ls: teleOpWhileLoop: lsFront position 0
02-12 21:02:42.581  1516  1676 D trayAngle: com.qualcomm.robotcore.hardware.ServoImplEx@81fd972tray92.71054077148438heading
02-12 21:02:42.590  1516  1676 D vision ls: teleOpWhileLoop: lsFront position 0
02-12 21:02:42.606  1516  1676 D trayAngle: com.qualcomm.robotcore.hardware.ServoImplEx@81fd972tray92.70726013183594heading
02-12 21:02:42.615  1516  1676 D vision ls: teleOpWhileLoop: lsFront position 0
02-12 21:02:42.629  1516  1676 D trayAngle: com.qualcomm.robotcore.hardware.ServoImplEx@81fd972tray92.71055603027344heading
02-12 21:02:42.637  1516  1676 D vision ls: teleOpWhileLoop: lsFront position 0
02-12 21:02:42.650  1516  1676 D trayAngle: com.qualcomm.robotcore.hardware.ServoImplEx@81fd972tray92.71759033203125heading
02-12 21:02:42.658  1516  1676 D vision ls: teleOpWhileLoop: lsFront position 0
02-12 21:02:42.671  1516  1676 D trayAngle: com.qualcomm.robotcore.hardware.ServoImplEx@81fd972tray92.71066284179688heading
02-12 21:02:42.678  1516  1676 D vision ls: teleOpWhileLoop: lsFront position 0
02-12 21:02:42.692  1516  1676 D trayAngle: com.qualcomm.robotcore.hardware.ServoImplEx@81fd972tray92.71054077148438heading
02-12 21:02:42.699  1516  1676 D vision ls: teleOpWhileLoop: lsFront position 0
02-12 21:02:42.712  1516  1676 D trayAngle: com.qualcomm.robotcore.hardware.ServoImplEx@81fd972tray92.71748352050781heading
02-12 21:02:42.720  1516  1676 D vision ls: teleOpWhileLoop: lsFront position 0
02-12 21:02:42.738  1516  1676 D trayAngle: com.qualcomm.robotcore.hardware.ServoImplEx@81fd972tray92.71055603027344heading
02-12 21:02:42.746  1516  1676 D vision ls: teleOpWhileLoop: lsFront position 0
02-12 21:02:42.749  1516  1525 D AprilTagDetectorJNI: Freeing april tag JNI context object
02-12 21:02:42.749  1516  1525 D AprilTagDetectorJNI: Freeing april tag detector
02-12 21:02:42.749  1516  1525 D AprilTagDetectorJNI: Freeing tag family tag36h11
02-12 21:02:42.749  1516  1525 D AprilTagDetectorJNI: Freed april tag JNI context object
02-12 21:02:42.758  1516  1676 D trayAngle: com.qualcomm.robotcore.hardware.ServoImplEx@81fd972tray92.7034912109375heading
02-12 21:02:42.764  1516  1676 D vision ls: teleOpWhileLoop: lsFront position 0
02-12 21:02:42.776  1516  1676 D trayAngle: com.qualcomm.robotcore.hardware.ServoImplEx@81fd972tray92.7034912109375heading
02-12 21:02:42.788  1516  1676 D vision ls: teleOpWhileLoop: lsFront position 0
02-12 21:02:42.810  1516  1676 D trayAngle: com.qualcomm.robotcore.hardware.ServoImplEx@81fd972tray92.70360565185547heading
02-12 21:02:42.817  1516  1676 D vision ls: teleOpWhileLoop: lsFront position 0
02-12 21:02:42.830  1516  1676 D trayAngle: com.qualcomm.robotcore.hardware.ServoImplEx@81fd972tray92.70712280273438heading
02-12 21:02:42.839  1516  1676 D vision ls: teleOpWhileLoop: lsFront position 0
02-12 21:02:42.852  1516  1676 D trayAngle: com.qualcomm.robotcore.hardware.ServoImplEx@81fd972tray92.70712280273438heading
02-12 21:02:42.859  1516  1676 D vision ls: teleOpWhileLoop: lsFront position 0
02-12 21:02:42.871  1516  1676 D trayAngle: com.qualcomm.robotcore.hardware.ServoImplEx@81fd972tray92.70347595214844heading
02-12 21:02:42.879  1516  1676 D vision ls: teleOpWhileLoop: lsFront position 0
02-12 21:02:42.890  1516  1676 D trayAngle: com.qualcomm.robotcore.hardware.ServoImplEx@81fd972tray92.70710754394531heading
02-12 21:02:42.897  1516  1676 D vision ls: teleOpWhileLoop: lsFront position 0
02-12 21:02:42.909  1516  1676 D trayAngle: com.qualcomm.robotcore.hardware.ServoImplEx@81fd972tray92.70347595214844heading
02-12 21:02:42.916  1516  1676 D vision ls: teleOpWhileLoop: lsFront position 0
02-12 21:02:42.929  1516  1676 D trayAngle: com.qualcomm.robotcore.hardware.ServoImplEx@81fd972tray92.70677947998047heading
02-12 21:02:42.936  1516  1676 D vision ls: teleOpWhileLoop: lsFront position 0
02-12 21:02:42.948  1516  1676 D trayAngle: com.qualcomm.robotcore.hardware.ServoImplEx@81fd972tray92.70347595214844heading
02-12 21:02:42.955  1516  1676 D vision ls: teleOpWhileLoop: lsFront position 0
02-12 21:02:42.966  1516  1676 D trayAngle: com.qualcomm.robotcore.hardware.ServoImplEx@81fd972tray92.70347595214844heading
02-12 21:02:42.973  1516  1676 D vision ls: teleOpWhileLoop: lsFront position 0
02-12 21:02:42.986  1516  1676 D trayAngle: com.qualcomm.robotcore.hardware.ServoImplEx@81fd972tray92.70347595214844heading
02-12 21:02:43.002  1516  1676 D vision ls: teleOpWhileLoop: lsFront position 0
02-12 21:02:43.013  1516  1676 D trayAngle: com.qualcomm.robotcore.hardware.ServoImplEx@81fd972tray92.70712280273438heading
02-12 21:02:43.033  1516  1676 D vision ls: teleOpWhileLoop: lsFront position 0
02-12 21:02:43.048  1516  1676 D trayAngle: com.qualcomm.robotcore.hardware.ServoImplEx@81fd972tray92.70347595214844heading
02-12 21:02:43.075  1516  1676 D vision ls: teleOpWhileLoop: lsFront position 0
02-12 21:02:43.091  1516  1676 D trayAngle: com.qualcomm.robotcore.hardware.ServoImplEx@81fd972tray92.70347595214844heading
02-12 21:02:43.100  1516  1676 D vision ls: teleOpWhileLoop: lsFront position 0
02-12 21:02:43.114  1516  1676 D trayAngle: com.qualcomm.robotcore.hardware.ServoImplEx@81fd972tray92.70346069335938heading
02-12 21:02:43.122  1516  1676 D vision ls: teleOpWhileLoop: lsFront position 0
02-12 21:02:43.138  1516  1676 D trayAngle: com.qualcomm.robotcore.hardware.ServoImplEx@81fd972tray92.70335388183594heading
02-12 21:02:43.146  1516  1676 D vision ls: teleOpWhileLoop: lsFront position 0
02-12 21:02:43.158  1516  1676 D trayAngle: com.qualcomm.robotcore.hardware.ServoImplEx@81fd972tray92.7069091796875heading
02-12 21:02:43.166  1516  1676 D vision ls: teleOpWhileLoop: lsFront position 0
02-12 21:02:43.181  1516  1676 D trayAngle: com.qualcomm.robotcore.hardware.ServoImplEx@81fd972tray92.70689392089844heading
02-12 21:02:43.189  1516  1676 D vision ls: teleOpWhileLoop: lsFront position 0
02-12 21:02:43.203  1516  1676 D trayAngle: com.qualcomm.robotcore.hardware.ServoImplEx@81fd972tray92.7000503540039heading
02-12 21:02:43.211  1516  1676 D vision ls: teleOpWhileLoop: lsFront position 0
02-12 21:02:43.225  1516  1676 D trayAngle: com.qualcomm.robotcore.hardware.ServoImplEx@81fd972tray92.70335388183594heading
02-12 21:02:43.233  1516  1676 D vision ls: teleOpWhileLoop: lsFront position 0
02-12 21:02:43.246  1516  1676 D trayAngle: com.qualcomm.robotcore.hardware.ServoImplEx@81fd972tray92.7035903930664heading
02-12 21:02:43.254  1516  1676 D vision ls: teleOpWhileLoop: lsFront position 0
02-12 21:02:43.266  1516  1676 D trayAngle: com.qualcomm.robotcore.hardware.ServoImplEx@81fd972tray92.70346069335938heading
02-12 21:02:43.274  1516  1676 D vision ls: teleOpWhileLoop: lsFront position 0
02-12 21:02:43.285  1516  1676 D trayAngle: com.qualcomm.robotcore.hardware.ServoImplEx@81fd972tray92.70335388183594heading
02-12 21:02:43.291  1516  1676 D vision ls: teleOpWhileLoop: lsFront position 0
02-12 21:02:43.302  1516  1676 D trayAngle: com.qualcomm.robotcore.hardware.ServoImplEx@81fd972tray92.70677947998047heading
02-12 21:02:43.310  1516  1676 D vision ls: teleOpWhileLoop: lsFront position 0
02-12 21:02:43.322  1516  1676 D trayAngle: com.qualcomm.robotcore.hardware.ServoImplEx@81fd972tray92.70689392089844heading
02-12 21:02:43.330  1516  1676 D vision ls: teleOpWhileLoop: lsFront position 0
02-12 21:02:43.344  1516  1676 D trayAngle: com.qualcomm.robotcore.hardware.ServoImplEx@81fd972tray92.70335388183594heading
02-12 21:02:43.353  1516  1676 D vision ls: teleOpWhileLoop: lsFront position 0
02-12 21:02:43.367  1516  1676 D trayAngle: com.qualcomm.robotcore.hardware.ServoImplEx@81fd972tray92.7067642211914heading
02-12 21:02:43.374  1516  1676 D vision ls: teleOpWhileLoop: lsFront position 0
02-12 21:02:43.385  1516  1676 D trayAngle: com.qualcomm.robotcore.hardware.ServoImplEx@81fd972tray92.70346069335938heading
02-12 21:02:43.392  1516  1676 D vision ls: teleOpWhileLoop: lsFront position 0
02-12 21:02:43.405  1516  1676 D trayAngle: com.qualcomm.robotcore.hardware.ServoImplEx@81fd972tray92.70346069335938heading
02-12 21:02:43.412  1516  1676 D vision ls: teleOpWhileLoop: lsFront position 0
02-12 21:02:43.422  1516  1676 D trayAngle: com.qualcomm.robotcore.hardware.ServoImplEx@81fd972tray92.71040344238281heading
02-12 21:02:43.429  1516  1676 D vision ls: teleOpWhileLoop: lsFront position 0
02-12 21:02:43.440  1516  1676 D trayAngle: com.qualcomm.robotcore.hardware.ServoImplEx@81fd972tray92.71040344238281heading
02-12 21:02:43.446  1516  1676 D vision ls: teleOpWhileLoop: lsFront position 0
02-12 21:02:43.459  1516  1676 D trayAngle: com.qualcomm.robotcore.hardware.ServoImplEx@81fd972tray92.70677947998047heading
02-12 21:02:43.466  1516  1676 D vision ls: teleOpWhileLoop: lsFront position 0
02-12 21:02:43.478  1516  1676 D trayAngle: com.qualcomm.robotcore.hardware.ServoImplEx@81fd972tray92.70710754394531heading
02-12 21:02:43.485  1516  1676 D vision ls: teleOpWhileLoop: lsFront position 0
02-12 21:02:43.499  1516  1676 D trayAngle: com.qualcomm.robotcore.hardware.ServoImplEx@81fd972tray92.71053314208984heading
02-12 21:02:43.515  1516  1676 D vision ls: teleOpWhileLoop: lsFront position 0
02-12 21:02:43.529  1516  1676 D trayAngle: com.qualcomm.robotcore.hardware.ServoImplEx@81fd972tray92.71052551269531heading
02-12 21:02:43.549  1516  1676 D vision ls: teleOpWhileLoop: lsFront position 0
02-12 21:02:43.563  1516  1676 D trayAngle: com.qualcomm.robotcore.hardware.ServoImplEx@81fd972tray92.7104263305664heading
02-12 21:02:43.590  1516  1676 D vision ls: teleOpWhileLoop: lsFront position 0
02-12 21:02:43.604  1516  1676 D trayAngle: com.qualcomm.robotcore.hardware.ServoImplEx@81fd972tray92.69644927978516heading
02-12 21:02:43.611  1516  1676 D vision ls: teleOpWhileLoop: lsFront position 0
02-12 21:02:43.625  1516  1676 D trayAngle: com.qualcomm.robotcore.hardware.ServoImplEx@81fd972tray92.69984436035156heading
02-12 21:02:43.632  1516  1676 D vision ls: teleOpWhileLoop: lsFront position 0
02-12 21:02:43.645  1516  1676 D trayAngle: com.qualcomm.robotcore.hardware.ServoImplEx@81fd972tray92.6964111328125heading
02-12 21:02:43.653  1516  1676 D vision ls: teleOpWhileLoop: lsFront position 0
02-12 21:02:43.667  1516  1676 D trayAngle: com.qualcomm.robotcore.hardware.ServoImplEx@81fd972tray92.6964111328125heading
02-12 21:02:43.674  1516  1676 D vision ls: teleOpWhileLoop: lsFront position 0
02-12 21:02:43.686  1516  1676 D trayAngle: com.qualcomm.robotcore.hardware.ServoImplEx@81fd972tray92.69984436035156heading
02-12 21:02:43.694  1516  1676 D vision ls: teleOpWhileLoop: lsFront position 0
02-12 21:02:43.707  1516  1676 D trayAngle: com.qualcomm.robotcore.hardware.ServoImplEx@81fd972tray92.70346069335938heading
02-12 21:02:43.714  1516  1676 D vision ls: teleOpWhileLoop: lsFront position 0
02-12 21:02:43.725  1516  1676 D trayAngle: com.qualcomm.robotcore.hardware.ServoImplEx@81fd972tray92.69970703125heading
02-12 21:02:43.732  1516  1676 D vision ls: teleOpWhileLoop: lsFront position 0
02-12 21:02:43.745  1516  1676 D trayAngle: com.qualcomm.robotcore.hardware.ServoImplEx@81fd972tray92.70335388183594heading
02-12 21:02:43.752  1516  1676 D vision ls: teleOpWhileLoop: lsFront position 0
02-12 21:02:43.765  1516  1676 D trayAngle: com.qualcomm.robotcore.hardware.ServoImplEx@81fd972tray92.69970703125heading
02-12 21:02:43.773  1516  1676 D vision ls: teleOpWhileLoop: lsFront position 0
02-12 21:02:43.787  1516  1676 D trayAngle: com.qualcomm.robotcore.hardware.ServoImplEx@81fd972tray92.70347595214844heading
02-12 21:02:43.795  1516  1676 D vision ls: teleOpWhileLoop: lsFront position 0
02-12 21:02:43.805  1516  1676 D trayAngle: com.qualcomm.robotcore.hardware.ServoImplEx@81fd972tray92.69984436035156heading
02-12 21:02:43.813  1516  1676 D vision ls: teleOpWhileLoop: lsFront position 0
02-12 21:02:43.827  1516  1676 D trayAngle: com.qualcomm.robotcore.hardware.ServoImplEx@81fd972tray92.6964111328125heading
02-12 21:02:43.837  1516  1676 D vision ls: teleOpWhileLoop: lsFront position 0
02-12 21:02:43.852  1516  1676 D trayAngle: com.qualcomm.robotcore.hardware.ServoImplEx@81fd972tray92.7033462524414heading
02-12 21:02:43.861  1516  1676 D vision ls: teleOpWhileLoop: lsFront position 0
02-12 21:02:43.874  1516  1676 D trayAngle: com.qualcomm.robotcore.hardware.ServoImplEx@81fd972tray92.69984436035156heading
02-12 21:02:43.883  1516  1676 D vision ls: teleOpWhileLoop: lsFront position 0
02-12 21:02:43.904  1516  1676 D trayAngle: com.qualcomm.robotcore.hardware.ServoImplEx@81fd972tray92.7000503540039heading
02-12 21:02:43.915  1516  1676 D vision ls: teleOpWhileLoop: lsFront position 0
02-12 21:02:43.931  1516  1676 D trayAngle: com.qualcomm.robotcore.hardware.ServoImplEx@81fd972tray92.69642639160156heading
02-12 21:02:43.939  1516  1676 D vision ls: teleOpWhileLoop: lsFront position 0
02-12 21:02:43.951  1516  1676 D trayAngle: com.qualcomm.robotcore.hardware.ServoImplEx@81fd972tray92.70346069335938heading
02-12 21:02:43.958  1516  1676 D vision ls: teleOpWhileLoop: lsFront position 0
02-12 21:02:43.970  1516  1676 D trayAngle: com.qualcomm.robotcore.hardware.ServoImplEx@81fd972tray92.70346069335938heading
02-12 21:02:43.978  1516  1676 D vision ls: teleOpWhileLoop: lsFront position 0
02-12 21:02:43.991  1516  1676 D trayAngle: com.qualcomm.robotcore.hardware.ServoImplEx@81fd972tray92.70346069335938heading
02-12 21:02:43.998  1516  1676 D vision ls: teleOpWhileLoop: lsFront position 0
02-12 21:02:44.013  1516  1676 D trayAngle: com.qualcomm.robotcore.hardware.ServoImplEx@81fd972tray92.70346069335938heading
02-12 21:02:44.058  1516  1676 D vision ls: teleOpWhileLoop: lsFront position 0
02-12 21:02:44.072  1516  1676 D trayAngle: com.qualcomm.robotcore.hardware.ServoImplEx@81fd972tray92.70335388183594heading
02-12 21:02:44.108  1516  1676 D vision ls: teleOpWhileLoop: lsFront position 0
02-12 21:02:44.120  1516  1676 D trayAngle: com.qualcomm.robotcore.hardware.ServoImplEx@81fd972tray92.66341400146484heading
02-12 21:02:44.136  1516  1676 D vision ls: teleOpWhileLoop: lsFront position 0
02-12 21:02:44.150  1516  1676 D trayAngle: com.qualcomm.robotcore.hardware.ServoImplEx@81fd972tray92.5358657836914heading
02-12 21:02:44.164  1516  1676 D vision ls: teleOpWhileLoop: lsFront position 0
02-12 21:02:44.178  1516  1676 D trayAngle: com.qualcomm.robotcore.hardware.ServoImplEx@81fd972tray92.50141906738281heading
02-12 21:02:44.186  1516  1676 D vision ls: teleOpWhileLoop: lsFront position 0
02-12 21:02:44.199  1516  1676 D trayAngle: com.qualcomm.robotcore.hardware.ServoImplEx@81fd972tray92.52185821533203heading
02-12 21:02:44.208  1516  1676 D vision ls: teleOpWhileLoop: lsFront position 0
02-12 21:02:44.222  1516  1676 D trayAngle: com.qualcomm.robotcore.hardware.ServoImplEx@81fd972tray92.50757598876953heading
02-12 21:02:44.230  1516  1676 D vision ls: teleOpWhileLoop: lsFront position 0
02-12 21:02:44.245  1516  1676 D trayAngle: com.qualcomm.robotcore.hardware.ServoImplEx@81fd972tray92.53800964355469heading
02-12 21:02:44.253  1516  1676 D vision ls: teleOpWhileLoop: lsFront position 0
02-12 21:02:44.267  1516  1676 D trayAngle: com.qualcomm.robotcore.hardware.ServoImplEx@81fd972tray92.50568389892578heading
02-12 21:02:44.275  1516  1676 D vision ls: teleOpWhileLoop: lsFront position 0
02-12 21:02:44.289  1516  1676 D trayAngle: com.qualcomm.robotcore.hardware.ServoImplEx@81fd972tray92.50556945800781heading
02-12 21:02:44.297  1516  1676 D vision ls: teleOpWhileLoop: lsFront position 0
02-12 21:02:44.311  1516  1676 D trayAngle: com.qualcomm.robotcore.hardware.ServoImplEx@81fd972tray92.49197387695312heading
02-12 21:02:44.319  1516  1676 D vision ls: teleOpWhileLoop: lsFront position 0
02-12 21:02:44.329  1516  1676 D trayAngle: com.qualcomm.robotcore.hardware.ServoImplEx@81fd972tray92.50566864013672heading
02-12 21:02:44.337  1516  1676 D vision ls: teleOpWhileLoop: lsFront position 0
02-12 21:02:44.351  1516  1676 D trayAngle: com.qualcomm.robotcore.hardware.ServoImplEx@81fd972tray92.47694396972656heading
02-12 21:02:44.359  1516  1676 D vision ls: teleOpWhileLoop: lsFront position 0
02-12 21:02:44.374  1516  1676 D trayAngle: com.qualcomm.robotcore.hardware.ServoImplEx@81fd972tray92.5028305053711heading
02-12 21:02:44.387  1516  1676 D vision ls: teleOpWhileLoop: lsFront position 0
02-12 21:02:44.401  1516  1676 D trayAngle: com.qualcomm.robotcore.hardware.ServoImplEx@81fd972tray92.49117279052734heading
02-12 21:02:44.415  1516  1676 D vision ls: teleOpWhileLoop: lsFront position 0
02-12 21:02:44.430  1516  1676 D trayAngle: com.qualcomm.robotcore.hardware.ServoImplEx@81fd972tray92.51701354980469heading
02-12 21:02:44.438  1516  1676 D vision ls: teleOpWhileLoop: lsFront position 0
02-12 21:02:44.450  1516  1676 D trayAngle: com.qualcomm.robotcore.hardware.ServoImplEx@81fd972tray92.68666076660156heading
02-12 21:02:44.464  1516  1676 D vision ls: teleOpWhileLoop: lsFront position 0
02-12 21:02:44.476  1516  1676 D trayAngle: com.qualcomm.robotcore.hardware.ServoImplEx@81fd972tray93.37066650390625heading
02-12 21:02:44.484  1516  1676 D vision ls: teleOpWhileLoop: lsFront position 0
02-12 21:02:44.496  1516  1676 D trayAngle: com.qualcomm.robotcore.hardware.ServoImplEx@81fd972tray94.21331787109375heading
02-12 21:02:44.509  1516  1676 D vision ls: teleOpWhileLoop: lsFront position 0
02-12 21:02:44.522  1516  1676 D trayAngle: com.qualcomm.robotcore.hardware.ServoImplEx@81fd972tray95.78929901123047heading
02-12 21:02:44.565  1516  1676 D vision ls: teleOpWhileLoop: lsFront position 0
02-12 21:02:44.581  1516  1676 D trayAngle: com.qualcomm.robotcore.hardware.ServoImplEx@81fd972tray100.1049575805664heading
02-12 21:02:44.615  1516  1676 D vision ls: teleOpWhileLoop: lsFront position 0
02-12 21:02:44.630  1516  1676 D trayAngle: com.qualcomm.robotcore.hardware.ServoImplEx@81fd972tray101.7672119140625heading
02-12 21:02:44.645  1516  1676 D vision ls: teleOpWhileLoop: lsFront position 0
02-12 21:02:44.660  1516  1676 D trayAngle: com.qualcomm.robotcore.hardware.ServoImplEx@81fd972tray102.28419494628906heading
02-12 21:02:44.674  1516  1676 D vision ls: teleOpWhileLoop: lsFront position 0
02-12 21:02:44.689  1516  1676 D trayAngle: com.qualcomm.robotcore.hardware.ServoImplEx@81fd972tray102.74624633789062heading
02-12 21:02:44.697  1516  1676 D vision ls: teleOpWhileLoop: lsFront position 0
02-12 21:02:44.712  1516  1676 D trayAngle: com.qualcomm.robotcore.hardware.ServoImplEx@81fd972tray102.92427825927734heading
02-12 21:02:44.720  1516  1676 D vision ls: teleOpWhileLoop: lsFront position 0
02-12 21:02:44.733  1516  1676 D trayAngle: com.qualcomm.robotcore.hardware.ServoImplEx@81fd972tray102.9742431640625heading
02-12 21:02:44.741  1516  1676 D vision ls: teleOpWhileLoop: lsFront position 0
02-12 21:02:44.753  1516  1676 D trayAngle: com.qualcomm.robotcore.hardware.ServoImplEx@81fd972tray103.01325225830078heading
02-12 21:02:44.761  1516  1676 D vision ls: teleOpWhileLoop: lsFront position 0
02-12 21:02:44.773  1516  1676 D trayAngle: com.qualcomm.robotcore.hardware.ServoImplEx@81fd972tray103.0368881225586heading
02-12 21:02:44.787  1516  1676 D vision ls: teleOpWhileLoop: lsFront position 0
02-12 21:02:44.800  1516  1676 D trayAngle: com.qualcomm.robotcore.hardware.ServoImplEx@81fd972tray103.02234649658203heading
02-12 21:02:44.807  1516  1676 D vision ls: teleOpWhileLoop: lsFront position 0
02-12 21:02:44.821  1516  1676 D trayAngle: com.qualcomm.robotcore.hardware.ServoImplEx@81fd972tray103.00934600830078heading
02-12 21:02:44.834  1516  1676 D vision ls: teleOpWhileLoop: lsFront position 0
02-12 21:02:44.848  1516  1676 D trayAngle: com.qualcomm.robotcore.hardware.ServoImplEx@81fd972tray102.99547576904297heading
02-12 21:02:44.863  1516  1676 D vision ls: teleOpWhileLoop: lsFront position 0
02-12 21:02:44.877  1516  1676 D trayAngle: com.qualcomm.robotcore.hardware.ServoImplEx@81fd972tray103.02085876464844heading
02-12 21:02:44.885  1516  1676 D vision ls: teleOpWhileLoop: lsFront position 0
02-12 21:02:44.901  1516  1676 D trayAngle: com.qualcomm.robotcore.hardware.ServoImplEx@81fd972tray103.00939178466797heading
02-12 21:02:44.908  1516  1676 D vision ls: teleOpWhileLoop: lsFront position 0
02-12 21:02:44.922  1516  1676 D trayAngle: com.qualcomm.robotcore.hardware.ServoImplEx@81fd972tray102.92730712890625heading
02-12 21:02:44.931  1516  1676 D vision ls: teleOpWhileLoop: lsFront position 0
02-12 21:02:44.946  1516  1676 D trayAngle: com.qualcomm.robotcore.hardware.ServoImplEx@81fd972tray102.81454467773438heading
02-12 21:02:44.954  1516  1676 D vision ls: teleOpWhileLoop: lsFront position 0
02-12 21:02:44.972  1516  1676 D trayAngle: com.qualcomm.robotcore.hardware.ServoImplEx@81fd972tray102.85054016113281heading
02-12 21:02:44.980  1516  1676 D vision ls: teleOpWhileLoop: lsFront position 0
02-12 21:02:44.993  1516  1676 D trayAngle: com.qualcomm.robotcore.hardware.ServoImplEx@81fd972tray102.97517395019531heading
02-12 21:02:45.001  1516  1676 D vision ls: teleOpWhileLoop: lsFront position 0
02-12 21:02:45.017  1516  1676 D trayAngle: com.qualcomm.robotcore.hardware.ServoImplEx@81fd972tray103.06082153320312heading
02-12 21:02:45.031  1516  1676 D vision ls: teleOpWhileLoop: lsFront position 0
02-12 21:02:45.044  1516  1676 D trayAngle: com.qualcomm.robotcore.hardware.ServoImplEx@81fd972tray103.10684204101562heading
02-12 21:02:45.091  1516  1676 D vision ls: teleOpWhileLoop: lsFront position 0
02-12 21:02:45.105  1516  1676 D trayAngle: com.qualcomm.robotcore.hardware.ServoImplEx@81fd972tray103.1128921508789heading
02-12 21:02:45.138  1516  1676 D vision ls: teleOpWhileLoop: lsFront position 0
02-12 21:02:45.151  1516  1676 D trayAngle: com.qualcomm.robotcore.hardware.ServoImplEx@81fd972tray102.96942138671875heading
02-12 21:02:45.164  1516  1676 D vision ls: teleOpWhileLoop: lsFront position 0
02-12 21:02:45.178  1516  1676 D trayAngle: com.qualcomm.robotcore.hardware.ServoImplEx@81fd972tray102.96640014648438heading
02-12 21:02:45.191  1516  1676 D vision ls: teleOpWhileLoop: lsFront position 0
02-12 21:02:45.205  1516  1676 D trayAngle: com.qualcomm.robotcore.hardware.ServoImplEx@81fd972tray102.89857482910156heading
02-12 21:02:45.212  1516  1676 D vision ls: teleOpWhileLoop: lsFront position 0
02-12 21:02:45.225  1516  1676 D trayAngle: com.qualcomm.robotcore.hardware.ServoImplEx@81fd972tray102.890625heading
02-12 21:02:45.232  1516  1676 D vision ls: teleOpWhileLoop: lsFront position 0
02-12 21:02:45.245  1516  1676 D trayAngle: com.qualcomm.robotcore.hardware.ServoImplEx@81fd972tray102.8967056274414heading
02-12 21:02:45.252  1516  1676 D vision ls: teleOpWhileLoop: lsFront position 0
02-12 21:02:45.268  1516  1676 D trayAngle: com.qualcomm.robotcore.hardware.ServoImplEx@81fd972tray102.88373565673828heading
02-12 21:02:45.277  1516  1676 D vision ls: teleOpWhileLoop: lsFront position 0
02-12 21:02:45.292  1516  1676 D trayAngle: com.qualcomm.robotcore.hardware.ServoImplEx@81fd972tray102.9392318725586heading
02-12 21:02:45.300  1516  1676 D vision ls: teleOpWhileLoop: lsFront position 0
02-12 21:02:45.310  1516  1676 D trayAngle: com.qualcomm.robotcore.hardware.ServoImplEx@81fd972tray103.01647186279297heading
02-12 21:02:45.317  1516  1676 D vision ls: teleOpWhileLoop: lsFront position 0
02-12 21:02:45.331  1516  1676 D trayAngle: com.qualcomm.robotcore.hardware.ServoImplEx@81fd972tray103.0497055053711heading
02-12 21:02:45.343  1516  1676 D vision ls: teleOpWhileLoop: lsFront position 0
02-12 21:02:45.354  1516  1676 D trayAngle: com.qualcomm.robotcore.hardware.ServoImplEx@81fd972tray103.0362777709961heading
02-12 21:02:45.364  1516  1676 D vision ls: teleOpWhileLoop: lsFront position 0
02-12 21:02:45.376  1516  1676 D trayAngle: com.qualcomm.robotcore.hardware.ServoImplEx@81fd972tray102.93376922607422heading
02-12 21:02:45.388  1516  1676 D vision ls: teleOpWhileLoop: lsFront position 0
02-12 21:02:45.400  1516  1676 D trayAngle: com.qualcomm.robotcore.hardware.ServoImplEx@81fd972tray102.72200012207031heading
02-12 21:02:45.412  1516  1676 D vision ls: teleOpWhileLoop: lsFront position 0
02-12 21:02:45.424  1516  1676 D trayAngle: com.qualcomm.robotcore.hardware.ServoImplEx@81fd972tray102.3747329711914heading
02-12 21:02:45.431  1516  1676 D vision ls: teleOpWhileLoop: lsFront position 0
02-12 21:02:45.445  1516  1676 D trayAngle: com.qualcomm.robotcore.hardware.ServoImplEx@81fd972tray101.87451171875heading
02-12 21:02:45.457  1516  1676 D vision ls: teleOpWhileLoop: lsFront position 0
02-12 21:02:45.468  1516  1676 D trayAngle: com.qualcomm.robotcore.hardware.ServoImplEx@81fd972tray100.89662170410156heading
02-12 21:02:45.475  1516  1676 D vision ls: teleOpWhileLoop: lsFront position 0
02-12 21:02:45.488  1516  1676 D trayAngle: com.qualcomm.robotcore.hardware.ServoImplEx@81fd972tray99.94476318359375heading
02-12 21:02:45.500  1516  1676 D vision ls: teleOpWhileLoop: lsFront position 0
02-12 21:02:45.511  1516  1676 D trayAngle: com.qualcomm.robotcore.hardware.ServoImplEx@81fd972tray98.7610092163086heading
02-12 21:02:45.518  1516  1676 D vision ls: teleOpWhileLoop: lsFront position 0
02-12 21:02:45.528  1516  1676 D trayAngle: com.qualcomm.robotcore.hardware.ServoImplEx@81fd972tray97.83029174804688heading
02-12 21:02:45.540  1516  1676 D vision ls: teleOpWhileLoop: lsFront position 0
02-12 21:02:45.551  1516  1676 D trayAngle: com.qualcomm.robotcore.hardware.ServoImplEx@81fd972tray96.87548828125heading
02-12 21:02:45.568  1516  1676 D vision ls: teleOpWhileLoop: lsFront position 0
02-12 21:02:45.581  1516  1676 D trayAngle: com.qualcomm.robotcore.hardware.ServoImplEx@81fd972tray95.85708618164062heading
02-12 21:02:45.618  1516  1676 D vision ls: teleOpWhileLoop: lsFront position 0
02-12 21:02:45.633  1516  1676 D trayAngle: com.qualcomm.robotcore.hardware.ServoImplEx@81fd972tray94.93270874023438heading
02-12 21:02:45.664  1516  1676 D vision ls: teleOpWhileLoop: lsFront position 0
02-12 21:02:45.677  1516  1676 D trayAngle: com.qualcomm.robotcore.hardware.ServoImplEx@81fd972tray94.61465454101562heading
02-12 21:02:45.691  1516  1676 D vision ls: teleOpWhileLoop: lsFront position 0
02-12 21:02:45.703  1516  1676 D trayAngle: com.qualcomm.robotcore.hardware.ServoImplEx@81fd972tray94.51216125488281heading
02-12 21:02:45.715  1516  1676 D vision ls: teleOpWhileLoop: lsFront position 0
02-12 21:02:45.728  1516  1676 D trayAngle: com.qualcomm.robotcore.hardware.ServoImplEx@81fd972tray94.40116882324219heading
02-12 21:02:45.740  1516  1676 D vision ls: teleOpWhileLoop: lsFront position 0
02-12 21:02:45.752  1516  1676 D trayAngle: com.qualcomm.robotcore.hardware.ServoImplEx@81fd972tray94.3373031616211heading
02-12 21:02:45.759  1516  1676 D vision ls: teleOpWhileLoop: lsFront position 0
02-12 21:02:45.770  1516  1676 D trayAngle: com.qualcomm.robotcore.hardware.ServoImplEx@81fd972tray94.28292846679688heading
02-12 21:02:45.777  1516  1676 D vision ls: teleOpWhileLoop: lsFront position 0
02-12 21:02:45.789  1516  1676 D trayAngle: com.qualcomm.robotcore.hardware.ServoImplEx@81fd972tray94.25413513183594heading
02-12 21:02:45.796  1516  1676 D vision ls: teleOpWhileLoop: lsFront position 0
02-12 21:02:45.809  1516  1676 D trayAngle: com.qualcomm.robotcore.hardware.ServoImplEx@81fd972tray94.33040618896484heading
02-12 21:02:45.816  1516  1676 D vision ls: teleOpWhileLoop: lsFront position 0
02-12 21:02:45.829  1516  1676 D trayAngle: com.qualcomm.robotcore.hardware.ServoImplEx@81fd972tray94.54776000976562heading
02-12 21:02:45.836  1516  1676 D vision ls: teleOpWhileLoop: lsFront position 0
02-12 21:02:45.849  1516  1676 D trayAngle: com.qualcomm.robotcore.hardware.ServoImplEx@81fd972tray94.74414825439453heading
02-12 21:02:45.856  1516  1676 D vision ls: teleOpWhileLoop: lsFront position 0
02-12 21:02:45.869  1516  1676 D trayAngle: com.qualcomm.robotcore.hardware.ServoImplEx@81fd972tray94.86122131347656heading
02-12 21:02:45.885  1516  1676 D vision ls: teleOpWhileLoop: lsFront position 0
02-12 21:02:45.900  1516  1676 D trayAngle: com.qualcomm.robotcore.hardware.ServoImplEx@81fd972tray94.87150573730469heading
02-12 21:02:45.907  1516  1676 D vision ls: teleOpWhileLoop: lsFront position 0
02-12 21:02:45.918  1516  1676 D trayAngle: com.qualcomm.robotcore.hardware.ServoImplEx@81fd972tray94.86781311035156heading
02-12 21:02:45.926  1516  1676 D vision ls: teleOpWhileLoop: lsFront position 0
02-12 21:02:45.938  1516  1676 D trayAngle: com.qualcomm.robotcore.hardware.ServoImplEx@81fd972tray94.88481903076172heading
02-12 21:02:45.946  1516  1676 D vision ls: teleOpWhileLoop: lsFront position 0
02-12 21:02:45.957  1516  1676 D trayAngle: com.qualcomm.robotcore.hardware.ServoImplEx@81fd972tray94.89898681640625heading
02-12 21:02:45.964  1516  1676 D vision ls: teleOpWhileLoop: lsFront position 0
02-12 21:02:45.976  1516  1676 D trayAngle: com.qualcomm.robotcore.hardware.ServoImplEx@81fd972tray94.89588165283203heading
02-12 21:02:45.983  1516  1676 D vision ls: teleOpWhileLoop: lsFront position 0
02-12 21:02:45.995  1516  1676 D trayAngle: com.qualcomm.robotcore.hardware.ServoImplEx@81fd972tray94.90692138671875heading
02-12 21:02:46.002  1516  1676 D vision ls: teleOpWhileLoop: lsFront position 0
02-12 21:02:46.015  1516  1676 D trayAngle: com.qualcomm.robotcore.hardware.ServoImplEx@81fd972tray94.89673614501953heading
02-12 21:02:46.022  1516  1676 D vision ls: teleOpWhileLoop: lsFront position 0
02-12 21:02:46.035  1516  1676 D trayAngle: com.qualcomm.robotcore.hardware.ServoImplEx@81fd972tray94.88262176513672heading
02-12 21:02:46.043  1516  1676 D vision ls: teleOpWhileLoop: lsFront position 0
02-12 21:02:46.055  1516  1676 D trayAngle: com.qualcomm.robotcore.hardware.ServoImplEx@81fd972tray94.87893676757812heading
02-12 21:02:46.071  1516  1676 D vision ls: teleOpWhileLoop: lsFront position 0
02-12 21:02:46.083  1516  1676 D trayAngle: com.qualcomm.robotcore.hardware.ServoImplEx@81fd972tray94.87190246582031heading
02-12 21:02:46.091  1516  1676 D vision ls: teleOpWhileLoop: lsFront position 0
02-12 21:02:46.103  1516  1676 D trayAngle: com.qualcomm.robotcore.hardware.ServoImplEx@81fd972tray94.86866760253906heading
02-12 21:02:46.123  1516  1676 D vision ls: teleOpWhileLoop: lsFront position 0
02-12 21:02:46.138  1516  1676 D trayAngle: com.qualcomm.robotcore.hardware.ServoImplEx@81fd972tray94.85777282714844heading
02-12 21:02:46.149  1516  1676 D vision ls: teleOpWhileLoop: lsFront position 0
02-12 21:02:46.164  1516  1676 D trayAngle: com.qualcomm.robotcore.hardware.ServoImplEx@81fd972tray94.8505630493164heading
02-12 21:02:46.185  1516  1676 D vision ls: teleOpWhileLoop: lsFront position 0
02-12 21:02:46.197  1516  1676 D trayAngle: com.qualcomm.robotcore.hardware.ServoImplEx@81fd972tray94.85014343261719heading
02-12 21:02:46.204  1516  1676 D vision ls: teleOpWhileLoop: lsFront position 0
02-12 21:02:46.216  1516  1676 D trayAngle: com.qualcomm.robotcore.hardware.ServoImplEx@81fd972tray94.84664154052734heading
02-12 21:02:46.223  1516  1676 D vision ls: teleOpWhileLoop: lsFront position 0
02-12 21:02:46.234  1516  1676 D trayAngle: com.qualcomm.robotcore.hardware.ServoImplEx@81fd972tray94.84970092773438heading
02-12 21:02:46.242  1516  1676 D vision ls: teleOpWhileLoop: lsFront position 0
02-12 21:02:46.253  1516  1676 D trayAngle: com.qualcomm.robotcore.hardware.ServoImplEx@81fd972tray94.84954071044922heading
02-12 21:02:46.260  1516  1676 D vision ls: teleOpWhileLoop: lsFront position 0
02-12 21:02:46.272  1516  1676 D trayAngle: com.qualcomm.robotcore.hardware.ServoImplEx@81fd972tray94.84940338134766heading
02-12 21:02:46.279  1516  1676 D vision ls: teleOpWhileLoop: lsFront position 0
02-12 21:02:46.291  1516  1676 D trayAngle: com.qualcomm.robotcore.hardware.ServoImplEx@81fd972tray94.84571838378906heading
02-12 21:02:46.299  1516  1676 D vision ls: teleOpWhileLoop: lsFront position 0
02-12 21:02:46.311  1516  1676 D trayAngle: com.qualcomm.robotcore.hardware.ServoImplEx@81fd972tray94.8455581665039heading
02-12 21:02:46.319  1516  1676 D vision ls: teleOpWhileLoop: lsFront position 0
02-12 21:02:46.331  1516  1676 D trayAngle: com.qualcomm.robotcore.hardware.ServoImplEx@81fd972tray94.84911346435547heading
02-12 21:02:46.339  1516  1676 D vision ls: teleOpWhileLoop: lsFront position 0
02-12 21:02:46.351  1516  1676 D trayAngle: com.qualcomm.robotcore.hardware.ServoImplEx@81fd972tray94.85234069824219heading
02-12 21:02:46.358  1516  1676 D vision ls: teleOpWhileLoop: lsFront position 0
02-12 21:02:46.373  1516  1676 D trayAngle: com.qualcomm.robotcore.hardware.ServoImplEx@81fd972tray94.85279083251953heading
02-12 21:02:46.380  1516  1676 D vision ls: teleOpWhileLoop: lsFront position 0
02-12 21:02:46.393  1516  1676 D trayAngle: com.qualcomm.robotcore.hardware.ServoImplEx@81fd972tray94.85247039794922heading
02-12 21:02:46.403  1516  1676 D vision ls: teleOpWhileLoop: lsFront position 0
02-12 21:02:46.416  1516  1676 D trayAngle: com.qualcomm.robotcore.hardware.ServoImplEx@81fd972tray94.85617065429688heading
02-12 21:02:46.423  1516  1676 D vision ls: teleOpWhileLoop: lsFront position 0
02-12 21:02:46.441  1516  1676 D trayAngle: com.qualcomm.robotcore.hardware.ServoImplEx@81fd972tray94.84925842285156heading
02-12 21:02:46.448  1516  1676 D vision ls: teleOpWhileLoop: lsFront position 0
02-12 21:02:46.460  1516  1676 D trayAngle: com.qualcomm.robotcore.hardware.ServoImplEx@81fd972tray94.8563003540039heading
02-12 21:02:46.467  1516  1676 D vision ls: teleOpWhileLoop: lsFront position 0
02-12 21:02:46.479  1516  1676 D trayAngle: com.qualcomm.robotcore.hardware.ServoImplEx@81fd972tray94.85275268554688heading
02-12 21:02:46.486  1516  1676 D vision ls: teleOpWhileLoop: lsFront position 0
02-12 21:02:46.499  1516  1676 D trayAngle: com.qualcomm.robotcore.hardware.ServoImplEx@81fd972tray94.85324096679688heading
02-12 21:02:46.506  1516  1676 D vision ls: teleOpWhileLoop: lsFront position 0
02-12 21:02:46.519  1516  1676 D trayAngle: com.qualcomm.robotcore.hardware.ServoImplEx@81fd972tray94.84954071044922heading
02-12 21:02:46.527  1516  1676 D vision ls: teleOpWhileLoop: lsFront position 0
02-12 21:02:46.539  1516  1676 D trayAngle: com.qualcomm.robotcore.hardware.ServoImplEx@81fd972tray94.84954071044922heading
02-12 21:02:46.546  1516  1676 D vision ls: teleOpWhileLoop: lsFront position 0
02-12 21:02:46.557  1516  1676 D trayAngle: com.qualcomm.robotcore.hardware.ServoImplEx@81fd972tray94.85289764404297heading
02-12 21:02:46.573  1516  1676 D vision ls: teleOpWhileLoop: lsFront position 0
02-12 21:02:46.585  1516  1676 D trayAngle: com.qualcomm.robotcore.hardware.ServoImplEx@81fd972tray94.85289764404297heading
02-12 21:02:46.591  1516  1676 D vision ls: teleOpWhileLoop: lsFront position 0
02-12 21:02:46.603  1516  1676 D trayAngle: com.qualcomm.robotcore.hardware.ServoImplEx@81fd972tray94.85324096679688heading
02-12 21:02:46.610  1516  1676 D vision ls: teleOpWhileLoop: lsFront position 0
02-12 21:02:46.621  1516  1676 D trayAngle: com.qualcomm.robotcore.hardware.ServoImplEx@81fd972tray94.84951782226562heading
02-12 21:02:46.643  1516  1676 D vision ls: teleOpWhileLoop: lsFront position 0
02-12 21:02:46.656  1516  1676 D trayAngle: com.qualcomm.robotcore.hardware.ServoImplEx@81fd972tray94.84938049316406heading
02-12 21:02:46.667  1516  1676 D vision ls: teleOpWhileLoop: lsFront position 0
02-12 21:02:46.679  1516  1676 D trayAngle: com.qualcomm.robotcore.hardware.ServoImplEx@81fd972tray94.84922790527344heading
02-12 21:02:46.700  1516  1676 D vision ls: teleOpWhileLoop: lsFront position 0
02-12 21:02:46.711  1516  1676 D trayAngle: com.qualcomm.robotcore.hardware.ServoImplEx@81fd972tray94.8492202758789heading
02-12 21:02:46.718  1516  1676 D vision ls: teleOpWhileLoop: lsFront position 0
02-12 21:02:46.731  1516  1676 D trayAngle: com.qualcomm.robotcore.hardware.ServoImplEx@81fd972tray94.84909057617188heading
02-12 21:02:46.738  1516  1676 D vision ls: teleOpWhileLoop: lsFront position 0
02-12 21:02:46.749  1516  1676 D trayAngle: com.qualcomm.robotcore.hardware.ServoImplEx@81fd972tray94.84909057617188heading
02-12 21:02:46.756  1516  1676 D vision ls: teleOpWhileLoop: lsFront position 0
02-12 21:02:46.768  1516  1676 D trayAngle: com.qualcomm.robotcore.hardware.ServoImplEx@81fd972tray94.85276794433594heading
02-12 21:02:46.775  1516  1676 D vision ls: teleOpWhileLoop: lsFront position 0
02-12 21:02:46.787  1516  1676 D trayAngle: com.qualcomm.robotcore.hardware.ServoImplEx@81fd972tray94.85276794433594heading
02-12 21:02:46.795  1516  1676 D vision ls: teleOpWhileLoop: lsFront position 0
02-12 21:02:46.807  1516  1676 D trayAngle: com.qualcomm.robotcore.hardware.ServoImplEx@81fd972tray94.85276794433594heading
02-12 21:02:46.814  1516  1676 D vision ls: teleOpWhileLoop: lsFront position 0
02-12 21:02:46.826  1516  1676 D trayAngle: com.qualcomm.robotcore.hardware.ServoImplEx@81fd972tray94.85276794433594heading
02-12 21:02:46.833  1516  1676 D vision ls: teleOpWhileLoop: lsFront position 0
02-12 21:02:46.844  1516  1676 D trayAngle: com.qualcomm.robotcore.hardware.ServoImplEx@81fd972tray94.85276794433594heading
02-12 21:02:46.851  1516  1676 D vision ls: teleOpWhileLoop: lsFront position 0
02-12 21:02:46.862  1516  1676 D trayAngle: com.qualcomm.robotcore.hardware.ServoImplEx@81fd972tray94.85612487792969heading
02-12 21:02:46.870  1516  1676 D vision ls: teleOpWhileLoop: lsFront position 0
02-12 21:02:46.884  1516  1676 D trayAngle: com.qualcomm.robotcore.hardware.ServoImplEx@81fd972tray94.85612487792969heading
02-12 21:02:46.898  1516  1676 D vision ls: teleOpWhileLoop: lsFront position 0
02-12 21:02:46.911  1516  1676 D trayAngle: com.qualcomm.robotcore.hardware.ServoImplEx@81fd972tray94.84919738769531heading
02-12 21:02:46.922  1516  1676 D vision ls: teleOpWhileLoop: lsFront position 28
02-12 21:02:46.932  1516  1676 D trayAngle: com.qualcomm.robotcore.hardware.ServoImplEx@81fd972tray94.84929656982422heading
02-12 21:02:46.942  1516  1676 D vision ls: teleOpWhileLoop: lsFront position 70
02-12 21:02:46.954  1516  1676 D trayAngle: com.qualcomm.robotcore.hardware.ServoImplEx@81fd972tray94.84246063232422heading
02-12 21:02:46.964  1516  1676 D vision ls: teleOpWhileLoop: lsFront position 117
02-12 21:02:46.977  1516  1676 D trayAngle: com.qualcomm.robotcore.hardware.ServoImplEx@81fd972tray94.86644744873047heading
02-12 21:02:46.986  1516  1676 D vision ls: teleOpWhileLoop: lsFront position 164
02-12 21:02:46.998  1516  1676 D trayAngle: com.qualcomm.robotcore.hardware.ServoImplEx@81fd972tray94.89736938476562heading
02-12 21:02:47.008  1516  1676 D vision ls: teleOpWhileLoop: lsFront position 216
02-12 21:02:47.020  1516  1676 D trayAngle: com.qualcomm.robotcore.hardware.ServoImplEx@81fd972tray94.8540267944336heading
02-12 21:02:47.030  1516  1676 D vision ls: teleOpWhileLoop: lsFront position 269
02-12 21:02:47.043  1516  1676 D trayAngle: com.qualcomm.robotcore.hardware.ServoImplEx@81fd972tray94.82869720458984heading
02-12 21:02:47.053  1516  1676 D vision ls: teleOpWhileLoop: lsFront position 324
02-12 21:02:47.065  1516  1676 D trayAngle: com.qualcomm.robotcore.hardware.ServoImplEx@81fd972tray94.86760711669922heading
02-12 21:02:47.084  1516  1676 D vision ls: teleOpWhileLoop: lsFront position 396
02-12 21:02:47.097  1516  1676 D trayAngle: com.qualcomm.robotcore.hardware.ServoImplEx@81fd972tray94.89491271972656heading
02-12 21:02:47.107  1516  1676 D vision ls: teleOpWhileLoop: lsFront position 447
02-12 21:02:47.119  1516  1676 D trayAngle: com.qualcomm.robotcore.hardware.ServoImplEx@81fd972tray94.87037658691406heading
02-12 21:02:47.131  1516  1676 D vision ls: teleOpWhileLoop: lsFront position 503
02-12 21:02:47.144  1516  1676 D trayAngle: com.qualcomm.robotcore.hardware.ServoImplEx@81fd972tray94.86393737792969heading
02-12 21:02:47.158  1516  1676 D vision ls: teleOpWhileLoop: lsFront position 566
02-12 21:02:47.171  1516  1676 D trayAngle: com.qualcomm.robotcore.hardware.ServoImplEx@81fd972tray94.8532943725586heading
02-12 21:02:47.185  1516  1676 D vision ls: teleOpWhileLoop: lsFront position 630
02-12 21:02:47.198  1516  1676 D trayAngle: com.qualcomm.robotcore.hardware.ServoImplEx@81fd972tray94.87049102783203heading
