02-10 23:16:44.603  3038  3595 D vision ls: teleOpWhileLoop: lsFront position -1586
02-10 23:16:44.614  3038  3595 D trayAngle: com.qualcomm.robotcore.hardware.ServoImplEx@5669835tray65.48558807373047heading
02-10 23:16:44.633  3038  3595 D vision ls: teleOpWhileLoop: lsFront position -1586
02-10 23:16:44.644  3038  3595 D trayAngle: com.qualcomm.robotcore.hardware.ServoImplEx@5669835tray68.63404846191406heading
02-10 23:16:44.655  3038  3595 D vision ls: teleOpWhileLoop: lsFront position -1586
02-10 23:16:44.667  3038  3595 D trayAngle: com.qualcomm.robotcore.hardware.ServoImplEx@5669835tray70.94020080566406heading
02-10 23:16:44.674  3038  3595 D vision ls: teleOpWhileLoop: lsFront position -1586
02-10 23:16:44.690  3038  3595 D trayAngle: com.qualcomm.robotcore.hardware.ServoImplEx@5669835tray73.46939849853516heading
02-10 23:16:44.701  3038  3595 D vision ls: teleOpWhileLoop: lsFront position -1586
02-10 23:16:44.713  3038  3595 D trayAngle: com.qualcomm.robotcore.hardware.ServoImplEx@5669835tray75.94999694824219heading
02-10 23:16:44.735  3038  3595 D vision ls: teleOpWhileLoop: lsFront position -1586
02-10 23:16:44.747  3038  3595 D trayAngle: com.qualcomm.robotcore.hardware.ServoImplEx@5669835tray79.76285552978516heading
02-10 23:16:44.757  3038  3595 D vision ls: teleOpWhileLoop: lsFront position -1586
02-10 23:16:44.769  3038  3595 D trayAngle: com.qualcomm.robotcore.hardware.ServoImplEx@5669835tray82.37499237060547heading
02-10 23:16:44.779  3038  3595 D vision ls: teleOpWhileLoop: lsFront position -1586
02-10 23:16:44.791  3038  3595 D trayAngle: com.qualcomm.robotcore.hardware.ServoImplEx@5669835tray84.9368667602539heading
02-10 23:16:44.799  3038  3595 D vision ls: teleOpWhileLoop: lsFront position -1586
02-10 23:16:44.811  3038  3595 D trayAngle: com.qualcomm.robotcore.hardware.ServoImplEx@5669835tray87.36641693115234heading
02-10 23:16:44.821  3038  3595 D vision ls: teleOpWhileLoop: lsFront position -1586
02-10 23:16:44.833  3038  3595 D trayAngle: com.qualcomm.robotcore.hardware.ServoImplEx@5669835tray89.96652221679688heading
02-10 23:16:44.841  3038  3595 D vision ls: teleOpWhileLoop: lsFront position -1586
02-10 23:16:44.852  3038  3595 D trayAngle: com.qualcomm.robotcore.hardware.ServoImplEx@5669835tray92.11798095703125heading
02-10 23:16:44.862  3038  3595 D vision ls: teleOpWhileLoop: lsFront position -1586
02-10 23:16:44.874  3038  3595 D trayAngle: com.qualcomm.robotcore.hardware.ServoImplEx@5669835tray94.3558120727539heading
02-10 23:16:44.896  3038  3595 D vision ls: teleOpWhileLoop: lsFront position -1586
02-10 23:16:44.908  3038  3595 D trayAngle: com.qualcomm.robotcore.hardware.ServoImplEx@5669835tray98.04410552978516heading
02-10 23:16:44.916  3038  3595 D vision ls: teleOpWhileLoop: lsFront position -1586
02-10 23:16:44.927  3038  3595 D trayAngle: com.qualcomm.robotcore.hardware.ServoImplEx@5669835tray99.85668182373047heading
02-10 23:16:44.940  3038  3595 D vision ls: teleOpWhileLoop: lsFront position -1586
02-10 23:16:44.958  3038  3595 D trayAngle: com.qualcomm.robotcore.hardware.ServoImplEx@5669835tray102.49393463134766heading
02-10 23:16:44.967  3038  3595 D vision ls: teleOpWhileLoop: lsFront position -1586
02-10 23:16:44.979  3038  3595 D trayAngle: com.qualcomm.robotcore.hardware.ServoImplEx@5669835tray103.81056213378906heading
02-10 23:16:44.985  3038  3595 D vision ls: teleOpWhileLoop: lsFront position -1586
02-10 23:16:44.998  3038  3595 D trayAngle: com.qualcomm.robotcore.hardware.ServoImplEx@5669835tray104.5685043334961heading
02-10 23:16:45.007  3038  3595 D vision ls: teleOpWhileLoop: lsFront position -1586
02-10 23:16:45.018  3038  3595 D trayAngle: com.qualcomm.robotcore.hardware.ServoImplEx@5669835tray105.2170181274414heading
02-10 23:16:45.025  3038  3595 D vision ls: teleOpWhileLoop: lsFront position -1586
02-10 23:16:45.036  3038  3595 D trayAngle: com.qualcomm.robotcore.hardware.ServoImplEx@5669835tray105.62540435791016heading
02-10 23:16:45.043  3038  3595 D vision ls: teleOpWhileLoop: lsFront position -1586
02-10 23:16:45.054  3038  3595 D trayAngle: com.qualcomm.robotcore.hardware.ServoImplEx@5669835tray105.97364807128906heading
02-10 23:16:45.063  3038  3595 D vision ls: teleOpWhileLoop: lsFront position -1586
02-10 23:16:45.074  3038  3595 D trayAngle: com.qualcomm.robotcore.hardware.ServoImplEx@5669835tray106.24018859863281heading
02-10 23:16:45.090  3038  3595 D vision ls: teleOpWhileLoop: lsFront position -1586
02-10 23:16:45.102  3038  3595 D trayAngle: com.qualcomm.robotcore.hardware.ServoImplEx@5669835tray106.50685119628906heading
02-10 23:16:45.109  3038  3595 D vision ls: teleOpWhileLoop: lsFront position -1586
02-10 23:16:45.120  3038  3595 D trayAngle: com.qualcomm.robotcore.hardware.ServoImplEx@5669835tray106.63890075683594heading
02-10 23:16:45.136  3038  3595 D vision ls: teleOpWhileLoop: lsFront position -1586
02-10 23:16:45.148  3038  3595 D trayAngle: com.qualcomm.robotcore.hardware.ServoImplEx@5669835tray106.75975036621094heading
02-10 23:16:45.155  3038  3595 D vision ls: teleOpWhileLoop: lsFront position -1586
02-10 23:16:45.167  3038  3595 D trayAngle: com.qualcomm.robotcore.hardware.ServoImplEx@5669835tray106.8197250366211heading
02-10 23:16:45.174  3038  3595 D vision ls: teleOpWhileLoop: lsFront position -1586
02-10 23:16:45.187  3038  3595 D trayAngle: com.qualcomm.robotcore.hardware.ServoImplEx@5669835tray106.86539459228516heading
02-10 23:16:45.195  3038  3595 D vision ls: teleOpWhileLoop: lsFront position -1586
02-10 23:16:45.207  3038  3595 D trayAngle: com.qualcomm.robotcore.hardware.ServoImplEx@5669835tray106.91688537597656heading
02-10 23:16:45.214  3038  3595 D vision ls: teleOpWhileLoop: lsFront position -1586
02-10 23:16:45.226  3038  3595 D trayAngle: com.qualcomm.robotcore.hardware.ServoImplEx@5669835tray106.94564819335938heading
02-10 23:16:45.247  3038  3595 D vision ls: teleOpWhileLoop: lsFront position -1586
02-10 23:16:45.259  3038  3595 D trayAngle: com.qualcomm.robotcore.hardware.ServoImplEx@5669835tray107.01177978515625heading
02-10 23:16:45.266  3038  3595 D vision ls: teleOpWhileLoop: lsFront position -1586
02-10 23:16:45.280  3038  3595 D trayAngle: com.qualcomm.robotcore.hardware.ServoImplEx@5669835tray107.05733489990234heading
02-10 23:16:45.287  3038  3595 D vision ls: teleOpWhileLoop: lsFront position -1586
02-10 23:16:45.297  3038  3595 D trayAngle: com.qualcomm.robotcore.hardware.ServoImplEx@5669835tray107.10240936279297heading
02-10 23:16:45.304  3038  3595 D vision ls: teleOpWhileLoop: lsFront position -1586
02-10 23:16:45.316  3038  3595 D trayAngle: com.qualcomm.robotcore.hardware.ServoImplEx@5669835tray107.13755798339844heading
02-10 23:16:45.323  3038  3595 D vision ls: teleOpWhileLoop: lsFront position -1586
02-10 23:16:45.335  3038  3595 D trayAngle: com.qualcomm.robotcore.hardware.ServoImplEx@5669835tray107.16864013671875heading
02-10 23:16:45.342  3038  3595 D vision ls: teleOpWhileLoop: lsFront position -1586
02-10 23:16:45.353  3038  3595 D trayAngle: com.qualcomm.robotcore.hardware.ServoImplEx@5669835tray107.19874572753906heading
02-10 23:16:45.360  3038  3595 D vision ls: teleOpWhileLoop: lsFront position -1586
02-10 23:16:45.374  3038  3595 D trayAngle: com.qualcomm.robotcore.hardware.ServoImplEx@5669835tray107.22833251953125heading
02-10 23:16:45.383  3038  3595 D vision ls: teleOpWhileLoop: lsFront position -1586
02-10 23:16:45.396  3038  3595 D trayAngle: com.qualcomm.robotcore.hardware.ServoImplEx@5669835tray107.26905059814453heading
02-10 23:16:45.417  3038  3595 D vision ls: teleOpWhileLoop: lsFront position -1586
02-10 23:16:45.430  3038  3595 D trayAngle: com.qualcomm.robotcore.hardware.ServoImplEx@5669835tray107.32612609863281heading
02-10 23:16:45.437  3038  3595 D vision ls: teleOpWhileLoop: lsFront position -1586
02-10 23:16:45.452  3038  3595 D trayAngle: com.qualcomm.robotcore.hardware.ServoImplEx@5669835tray107.37158203125heading
02-10 23:16:45.467  3038  3595 D vision ls: teleOpWhileLoop: lsFront position -1586
02-10 23:16:45.480  3038  3595 D trayAngle: com.qualcomm.robotcore.hardware.ServoImplEx@5669835tray107.4009780883789heading
02-10 23:16:45.489  3038  3595 D vision ls: teleOpWhileLoop: lsFront position -1586
02-10 23:16:45.500  3038  3595 D trayAngle: com.qualcomm.robotcore.hardware.ServoImplEx@5669835tray107.41547393798828heading
02-10 23:16:45.507  3038  3595 D vision ls: teleOpWhileLoop: lsFront position -1586
02-10 23:16:45.521  3038  3595 D trayAngle: com.qualcomm.robotcore.hardware.ServoImplEx@5669835tray107.411376953125heading
02-10 23:16:45.534  3038  3595 D vision ls: teleOpWhileLoop: lsFront position -1586
02-10 23:16:45.546  3038  3595 D trayAngle: com.qualcomm.robotcore.hardware.ServoImplEx@5669835tray107.634033203125heading
02-10 23:16:45.552  3038  3595 D vision ls: teleOpWhileLoop: lsFront position -1586
02-10 23:16:45.565  3038  3595 D trayAngle: com.qualcomm.robotcore.hardware.ServoImplEx@5669835tray107.8871078491211heading
02-10 23:16:45.574  3038  3595 D vision ls: teleOpWhileLoop: lsFront position -1586
02-10 23:16:45.585  3038  3595 D trayAngle: com.qualcomm.robotcore.hardware.ServoImplEx@5669835tray108.03044128417969heading
02-10 23:16:45.601  3038  3595 D vision ls: teleOpWhileLoop: lsFront position -1586
02-10 23:16:45.612  3038  3595 D trayAngle: com.qualcomm.robotcore.hardware.ServoImplEx@5669835tray108.07069396972656heading
02-10 23:16:45.622  3038  3595 D vision ls: teleOpWhileLoop: lsFront position -1586
02-10 23:16:45.633  3038  3595 D trayAngle: com.qualcomm.robotcore.hardware.ServoImplEx@5669835tray108.34103393554688heading
02-10 23:16:45.646  3038  3595 D vision ls: teleOpWhileLoop: lsFront position -1586
02-10 23:16:45.657  3038  3595 D trayAngle: com.qualcomm.robotcore.hardware.ServoImplEx@5669835tray108.45433807373047heading
02-10 23:16:45.666  3038  3595 D vision ls: teleOpWhileLoop: lsFront position -1586
02-10 23:16:45.677  3038  3595 D trayAngle: com.qualcomm.robotcore.hardware.ServoImplEx@5669835tray108.3348388671875heading
02-10 23:16:45.684  3038  3595 D vision ls: teleOpWhileLoop: lsFront position -1586
02-10 23:16:45.695  3038  3595 D trayAngle: com.qualcomm.robotcore.hardware.ServoImplEx@5669835tray108.25650024414062heading
02-10 23:16:45.702  3038  3595 D vision ls: teleOpWhileLoop: lsFront position -1586
02-10 23:16:45.714  3038  3595 D trayAngle: com.qualcomm.robotcore.hardware.ServoImplEx@5669835tray108.31327819824219heading
02-10 23:16:45.722  3038  3595 D vision ls: teleOpWhileLoop: lsFront position -1586
02-10 23:16:45.733  3038  3595 D trayAngle: com.qualcomm.robotcore.hardware.ServoImplEx@5669835tray108.38419342041016heading
02-10 23:16:45.753  3038  3595 D vision ls: teleOpWhileLoop: lsFront position -1586
02-10 23:16:45.768  3038  3595 D trayAngle: com.qualcomm.robotcore.hardware.ServoImplEx@5669835tray108.40234375heading
02-10 23:16:45.774  3038  3595 D vision ls: teleOpWhileLoop: lsFront position -1586
02-10 23:16:45.785  3038  3595 D trayAngle: com.qualcomm.robotcore.hardware.ServoImplEx@5669835tray108.3251724243164heading
02-10 23:16:45.792  3038  3595 D vision ls: teleOpWhileLoop: lsFront position -1586
02-10 23:16:45.805  3038  3595 D trayAngle: com.qualcomm.robotcore.hardware.ServoImplEx@5669835tray108.34956359863281heading
02-10 23:16:45.814  3038  3595 D vision ls: teleOpWhileLoop: lsFront position -1586
02-10 23:16:45.825  3038  3595 D trayAngle: com.qualcomm.robotcore.hardware.ServoImplEx@5669835tray107.3884506225586heading
02-10 23:16:45.832  3038  3595 D vision ls: teleOpWhileLoop: lsFront position -1586
02-10 23:16:45.845  3038  3595 D trayAngle: com.qualcomm.robotcore.hardware.ServoImplEx@5669835tray83.46261596679688heading
02-10 23:16:45.858  3038  3595 D vision ls: teleOpWhileLoop: lsFront position -1586
02-10 23:16:45.870  3038  3595 D trayAngle: com.qualcomm.robotcore.hardware.ServoImplEx@5669835tray83.46261596679688heading
02-10 23:16:45.879  3038  3595 D vision ls: teleOpWhileLoop: lsFront position -1586
02-10 23:16:45.892  3038  3595 D trayAngle: com.qualcomm.robotcore.hardware.ServoImplEx@5669835tray83.46261596679688heading
02-10 23:16:45.899  3038  3595 D vision ls: teleOpWhileLoop: lsFront position -1586
02-10 23:16:45.911  3038  3595 D trayAngle: com.qualcomm.robotcore.hardware.ServoImplEx@5669835tray83.46261596679688heading
02-10 23:16:45.919  3038  3595 D vision ls: teleOpWhileLoop: lsFront position -1586
02-10 23:16:45.930  3038  3595 D trayAngle: com.qualcomm.robotcore.hardware.ServoImplEx@5669835tray83.46261596679688heading
02-10 23:16:45.937  3038  3595 D vision ls: teleOpWhileLoop: lsFront position -1586
02-10 23:16:45.954  3038  3595 D trayAngle: com.qualcomm.robotcore.hardware.ServoImplEx@5669835tray83.46261596679688heading
02-10 23:16:45.962  3038  3595 D vision ls: teleOpWhileLoop: lsFront position -1586
02-10 23:16:45.974  3038  3595 D trayAngle: com.qualcomm.robotcore.hardware.ServoImplEx@5669835tray83.46261596679688heading
02-10 23:16:45.994  3038  3595 D vision ls: teleOpWhileLoop: lsFront position -1586
02-10 23:16:46.007  3038  3595 D trayAngle: com.qualcomm.robotcore.hardware.ServoImplEx@5669835tray83.46261596679688heading
02-10 23:16:46.016  3038  3595 D vision ls: teleOpWhileLoop: lsFront position -1586
02-10 23:16:46.028  3038  3595 D trayAngle: com.qualcomm.robotcore.hardware.ServoImplEx@5669835tray83.46261596679688heading
02-10 23:16:46.034  3038  3595 D vision ls: teleOpWhileLoop: lsFront position -1586
02-10 23:16:46.047  3038  3595 D trayAngle: com.qualcomm.robotcore.hardware.ServoImplEx@5669835tray83.46261596679688heading
02-10 23:16:46.057  3038  3595 D vision ls: teleOpWhileLoop: lsFront position -1586
02-10 23:16:46.068  3038  3595 D trayAngle: com.qualcomm.robotcore.hardware.ServoImplEx@5669835tray83.46261596679688heading
02-10 23:16:46.075  3038  3595 D vision ls: teleOpWhileLoop: lsFront position -1586
02-10 23:16:46.086  3038  3595 D trayAngle: com.qualcomm.robotcore.hardware.ServoImplEx@5669835tray83.46261596679688heading
02-10 23:16:46.095  3038  3595 D vision ls: teleOpWhileLoop: lsFront position -1586
02-10 23:16:46.107  3038  3595 D trayAngle: com.qualcomm.robotcore.hardware.ServoImplEx@5669835tray83.46261596679688heading
02-10 23:16:46.129  3038  3595 D vision ls: teleOpWhileLoop: lsFront position -1586
02-10 23:16:46.139  3038  3595 D trayAngle: com.qualcomm.robotcore.hardware.ServoImplEx@5669835tray83.46261596679688heading
02-10 23:16:46.152  3038  3595 D vision ls: teleOpWhileLoop: lsFront position -1586
02-10 23:16:46.166  3038  3595 D trayAngle: com.qualcomm.robotcore.hardware.ServoImplEx@5669835tray83.46261596679688heading
02-10 23:16:46.175  3038  3595 D vision ls: teleOpWhileLoop: lsFront position -1586
02-10 23:16:46.190  3038  3595 D trayAngle: com.qualcomm.robotcore.hardware.ServoImplEx@5669835tray83.46261596679688heading
02-10 23:16:46.198  3038  3595 D vision ls: teleOpWhileLoop: lsFront position -1586
02-10 23:16:46.213  3038  3595 D trayAngle: com.qualcomm.robotcore.hardware.ServoImplEx@5669835tray83.46261596679688heading
02-10 23:16:46.226  3038  3595 D vision ls: teleOpWhileLoop: lsFront position -1586
02-10 23:16:46.241  3038  3595 D trayAngle: com.qualcomm.robotcore.hardware.ServoImplEx@5669835tray83.46261596679688heading
02-10 23:16:46.267  3038  3595 D vision ls: teleOpWhileLoop: lsFront position -1586
02-10 23:16:46.282  3038  3595 D trayAngle: com.qualcomm.robotcore.hardware.ServoImplEx@5669835tray83.46261596679688heading
02-10 23:16:46.292  3038  3595 D vision ls: teleOpWhileLoop: lsFront position -1586
02-10 23:16:46.305  3038  3595 D trayAngle: com.qualcomm.robotcore.hardware.ServoImplEx@5669835tray83.46261596679688heading
02-10 23:16:46.312  3038  3595 D vision ls: teleOpWhileLoop: lsFront position -1586
02-10 23:16:46.326  3038  3595 D trayAngle: com.qualcomm.robotcore.hardware.ServoImplEx@5669835tray83.46261596679688heading
02-10 23:16:46.336  3038  3595 D vision ls: teleOpWhileLoop: lsFront position -1586
02-10 23:16:46.350  3038  3595 D trayAngle: com.qualcomm.robotcore.hardware.ServoImplEx@5669835tray83.46261596679688heading
02-10 23:16:46.368  3038  3595 D vision ls: teleOpWhileLoop: lsFront position -1586
02-10 23:16:46.381  3038  3595 D trayAngle: com.qualcomm.robotcore.hardware.ServoImplEx@5669835tray83.46261596679688heading
02-10 23:16:46.390  3038  3595 D vision ls: teleOpWhileLoop: lsFront position -1586
02-10 23:16:46.405  3038  3595 D trayAngle: com.qualcomm.robotcore.hardware.ServoImplEx@5669835tray83.46261596679688heading
02-10 23:16:46.412  3038  3595 D vision ls: teleOpWhileLoop: lsFront position -1586
02-10 23:16:46.425  3038  3595 D trayAngle: com.qualcomm.robotcore.hardware.ServoImplEx@5669835tray83.46261596679688heading
02-10 23:16:46.432  3038  3595 D vision ls: teleOpWhileLoop: lsFront position -1586
02-10 23:16:46.440  3038  3595 W BHI260IMU: getRobotOrientationAsQuaternion(): Failed to retrieve valid quaternion from IMU. Returning the identity quaternion.
02-10 23:16:46.440  3038  3595 D imu crash: getCurrentHeading: acquisition time is 0
02-10 23:16:46.548  3038  3595 W BHI260IMU: getRobotOrientationAsQuaternion(): Failed to retrieve valid quaternion from IMU. Returning the identity quaternion.
02-10 23:16:46.548  3038  3595 D imu crash: getCurrentHeading: acquisition time is 0
02-10 23:16:46.655  3038  3595 W BHI260IMU: getRobotOrientationAsQuaternion(): Failed to retrieve valid quaternion from IMU. Returning the identity quaternion.
02-10 23:16:46.655  3038  3595 D imu crash: getCurrentHeading: acquisition time is 0
02-10 23:16:46.762  3038  3595 W BHI260IMU: getRobotOrientationAsQuaternion(): Failed to retrieve valid quaternion from IMU. Returning the identity quaternion.
02-10 23:16:46.762  3038  3595 D imu crash: getCurrentHeading: acquisition time is 0
02-10 23:16:46.869  3038  3595 W BHI260IMU: getRobotOrientationAsQuaternion(): Failed to retrieve valid quaternion from IMU. Returning the identity quaternion.
02-10 23:16:46.870  3038  3595 D imu crash: getCurrentHeading: acquisition time is 0
02-10 23:16:46.977  3038  3595 W BHI260IMU: getRobotOrientationAsQuaternion(): Failed to retrieve valid quaternion from IMU. Returning the identity quaternion.
02-10 23:16:46.977  3038  3595 D imu crash: getCurrentHeading: acquisition time is 0
02-10 23:16:47.085  3038  3595 W BHI260IMU: getRobotOrientationAsQuaternion(): Failed to retrieve valid quaternion from IMU. Returning the identity quaternion.
02-10 23:16:47.086  3038  3595 D imu crash: getCurrentHeading: acquisition time is 0
02-10 23:16:47.195  3038  3595 W BHI260IMU: getRobotOrientationAsQuaternion(): Failed to retrieve valid quaternion from IMU. Returning the identity quaternion.
02-10 23:16:47.196  3038  3595 D imu crash: getCurrentHeading: acquisition time is 0
02-10 23:16:47.304  3038  3595 W BHI260IMU: getRobotOrientationAsQuaternion(): Failed to retrieve valid quaternion from IMU. Returning the identity quaternion.
02-10 23:16:47.305  3038  3595 D imu crash: getCurrentHeading: acquisition time is 0
02-10 23:16:47.414  3038  3595 W BHI260IMU: getRobotOrientationAsQuaternion(): Failed to retrieve valid quaternion from IMU. Returning the identity quaternion.
02-10 23:16:47.414  3038  3595 D imu crash: getCurrentHeading: acquisition time is 0
02-10 23:16:47.522  3038  3595 W BHI260IMU: getRobotOrientationAsQuaternion(): Failed to retrieve valid quaternion from IMU. Returning the identity quaternion.
02-10 23:16:47.522  3038  3595 D imu crash: getCurrentHeading: acquisition time is 0
02-10 23:16:47.630  3038  3595 W BHI260IMU: getRobotOrientationAsQuaternion(): Failed to retrieve valid quaternion from IMU. Returning the identity quaternion.
02-10 23:16:47.630  3038  3595 D imu crash: getCurrentHeading: acquisition time is 0
02-10 23:16:47.737  3038  3595 W BHI260IMU: getRobotOrientationAsQuaternion(): Failed to retrieve valid quaternion from IMU. Returning the identity quaternion.
02-10 23:16:47.737  3038  3595 D imu crash: getCurrentHeading: acquisition time is 0
02-10 23:16:47.846  3038  3595 W BHI260IMU: getRobotOrientationAsQuaternion(): Failed to retrieve valid quaternion from IMU. Returning the identity quaternion.
02-10 23:16:47.846  3038  3595 D imu crash: getCurrentHeading: acquisition time is 0
02-10 23:16:47.953  3038  3595 W BHI260IMU: getRobotOrientationAsQuaternion(): Failed to retrieve valid quaternion from IMU. Returning the identity quaternion.
02-10 23:16:47.953  3038  3595 D imu crash: getCurrentHeading: acquisition time is 0
02-10 23:16:48.060  3038  3595 W BHI260IMU: getRobotOrientationAsQuaternion(): Failed to retrieve valid quaternion from IMU. Returning the identity quaternion.
02-10 23:16:48.060  3038  3595 D imu crash: getCurrentHeading: acquisition time is 0
02-10 23:16:48.168  3038  3595 W BHI260IMU: getRobotOrientationAsQuaternion(): Failed to retrieve valid quaternion from IMU. Returning the identity quaternion.
02-10 23:16:48.168  3038  3595 D imu crash: getCurrentHeading: acquisition time is 0
02-10 23:16:48.275  3038  3595 W BHI260IMU: getRobotOrientationAsQuaternion(): Failed to retrieve valid quaternion from IMU. Returning the identity quaternion.
02-10 23:16:48.276  3038  3595 D imu crash: getCurrentHeading: acquisition time is 0
02-10 23:16:48.383  3038  3595 W BHI260IMU: getRobotOrientationAsQuaternion(): Failed to retrieve valid quaternion from IMU. Returning the identity quaternion.
02-10 23:16:48.384  3038  3595 D imu crash: getCurrentHeading: acquisition time is 0
02-10 23:16:48.442  3038  3133 V Robocol : received command: CMD_INIT_OP_MODE(15552) $Stop$Robot$
02-10 23:16:48.463  3038  3595 E LynxI2cDeviceSynch: placeholder: readTimestamped
02-10 23:16:48.465  3038  3595 W BHI260IMU: getRobotOrientationAsQuaternion(): Failed to retrieve valid quaternion from IMU. Returning the identity quaternion.
02-10 23:16:48.469  3038  3595 W BHI260IMU: getRobotOrientationAsQuaternion(): Failed to retrieve valid quaternion from IMU. Returning the identity quaternion.
02-10 23:16:48.469  3038  3595 D trayAngle: com.qualcomm.robotcore.hardware.ServoImplEx@5669835tray-0.0heading
02-10 23:16:48.472  3038  3595 D RobotCore: User runOpModeMethod exited
02-10 23:16:48.472  3038  3595 V RobotCore: thread: ...terminating 'OpModeThread'
02-10 23:16:48.478  3038  3165 I RobotCore: Attempting to switch to OpMode $Stop$Robot$
02-10 23:16:48.478  3038  3165 I RobotCore: ******************** STOP - OPMODE /storage/emulated/0/FIRST/matchlogs/Match-0-RedTeleOp.txt ********************
02-10 23:16:48.487  3038  3165 D HardwareMap: Clearing which device instances have been retrieved
02-10 23:16:48.488  3038  3599 I RobotCore: saving match logcat to /storage/emulated/0/FIRST/matchlogs/Match-0-RedTeleOp.txt
02-10 23:16:48.488  3038  3599 I RobotCore: logging command line: exec logcat -d -T '2-10 23:16:29.000' -f '/storage/emulated/0/FIRST/matchlogs/Match-0-RedTeleOp.txt' -n4 -v threadtime UsbRequestJNI:S UsbRequest:S art:W ThreadPool:W System:W ExtendedExtractor:W OMXClient:W MediaPlayer:W dalvikvm:W  *:V
02-10 23:16:48.490  3038  3601 V RobotCore: thread: 'OpModeThread' starting...
02-10 23:16:48.526  3038  3136 V Robocol : sending CMD_NOTIFY_INIT_OP_MODE(40613), attempt: 0
02-10 23:16:48.527  3038  3136 V Robocol : sending CMD_NOTIFY_RUN_OP_MODE(40614), attempt: 0
02-10 23:16:48.674  3038  3599 I RobotCore: Done running exec logcat -d -T '2-10 23:16:29.000' -f '/storage/emulated/0/FIRST/matchlogs/Match-0-RedTeleOp.txt' -n4 -v threadtime UsbRequestJNI:S UsbRequest:S art:W ThreadPool:W System:W ExtendedExtractor:W OMXClient:W MediaPlayer:W dalvikvm:W  *:V
02-10 23:16:48.674  3038  3599 I RobotCore: exiting match logcat for /storage/emulated/0/FIRST/matchlogs/Match-0-RedTeleOp.txt
02-10 23:16:48.881  3038  3133 V Robocol : received command: CMD_SET_MATCH_NUMBER(15578) 0
02-10 23:16:48.884  3038  3133 V Robocol : received command: CMD_INIT_OP_MODE(15579) RedTeleOp
02-10 23:16:48.914  3038  3601 V RobotCore: thread: ...terminating 'OpModeThread'
02-10 23:16:48.918  3038  3165 I RobotCore: Attempting to switch to OpMode RedTeleOp
02-10 23:16:48.920  3038  3165 I RobotCore: ******************** START - OPMODE RedTeleOp ********************
02-10 23:16:49.094  3038  3165 D HardwareMap: Clearing which device instances have been retrieved
02-10 23:16:49.100  3038  3603 V RobotCore: thread: 'OpModeThread' starting...
02-10 23:16:49.104  3038  3603 D AprilTagDetectorJNI: Creating 36h11 tag family
02-10 23:16:49.104  3038  3603 D AprilTagDetectorJNI: Initializing april tag detector
02-10 23:16:49.126  3038  3136 V Robocol : sending CMD_NOTIFY_INIT_OP_MODE(40654), attempt: 0
02-10 23:16:49.294  3038  3603 I I2C     : Automatically initializing I2C device BHI260IMU (BHI260 IMU on USB (embedded); module 173; bus 0; addr7=0x28)
02-10 23:16:49.296  3038  3603 V BHI260IMU: Suppressing I2C warnings while we check for a BHI260AP IMU
02-10 23:16:49.299  3038  3603 V BHI260IMU: Found BHI260AP IMU
02-10 23:16:49.313  3038  3603 D BHI260IMU: Firmware version: 20
02-10 23:16:49.320  3038  3133 V Robocol : received command: CMD_RUN_OP_MODE(15604) RedTeleOp
02-10 23:16:49.330  3038  3603 V BHI260IMU: Suppressing I2C warnings while we check for a BHI260AP IMU
02-10 23:16:49.334  3038  3603 V BHI260IMU: Found BHI260AP IMU
02-10 23:16:49.349  3038  3603 D BHI260IMU: Firmware version: 20
02-10 23:16:49.366  3038  3136 V Robocol : sending CMD_NOTIFY_RUN_OP_MODE(40667), attempt: 0
02-10 23:16:50.139  3038  3603 D vision ls: teleOpWhileLoop: lsFront position 0
02-10 23:16:50.151  3038  3603 D trayAngle: com.qualcomm.robotcore.hardware.ServoImplEx@5669835tray83.73832702636719heading
02-10 23:16:50.166  3038  3603 D vision ls: teleOpWhileLoop: lsFront position 0
02-10 23:16:50.184  3038  3603 D trayAngle: com.qualcomm.robotcore.hardware.ServoImplEx@5669835tray83.01227569580078heading
02-10 23:16:50.200  3038  3603 D vision ls: teleOpWhileLoop: lsFront position 0
02-10 23:16:50.218  3038  3603 D trayAngle: com.qualcomm.robotcore.hardware.ServoImplEx@5669835tray82.81383514404297heading
02-10 23:16:50.225  3038  3603 D vision ls: teleOpWhileLoop: lsFront position 0
02-10 23:16:50.233  3038  3047 D AprilTagDetectorJNI: Freeing april tag JNI context object
02-10 23:16:50.233  3038  3047 D AprilTagDetectorJNI: Freeing april tag detector
02-10 23:16:50.233  3038  3047 D AprilTagDetectorJNI: Freeing tag family tag36h11
02-10 23:16:50.233  3038  3047 D AprilTagDetectorJNI: Freed april tag JNI context object
02-10 23:16:50.237  3038  3603 D trayAngle: com.qualcomm.robotcore.hardware.ServoImplEx@5669835tray83.14717102050781heading
02-10 23:16:50.245  3038  3603 D vision ls: teleOpWhileLoop: lsFront position 0
02-10 23:16:50.257  3038  3603 D trayAngle: com.qualcomm.robotcore.hardware.ServoImplEx@5669835tray83.97392272949219heading
02-10 23:16:50.264  3038  3603 D vision ls: teleOpWhileLoop: lsFront position 0
02-10 23:16:50.276  3038  3603 D trayAngle: com.qualcomm.robotcore.hardware.ServoImplEx@5669835tray84.90352630615234heading
02-10 23:16:50.289  3038  3603 D vision ls: teleOpWhileLoop: lsFront position 0
02-10 23:16:50.300  3038  3603 D trayAngle: com.qualcomm.robotcore.hardware.ServoImplEx@5669835tray86.12490844726562heading
02-10 23:16:50.308  3038  3603 D vision ls: teleOpWhileLoop: lsFront position 0
02-10 23:16:50.321  3038  3603 D trayAngle: com.qualcomm.robotcore.hardware.ServoImplEx@5669835tray87.14435577392578heading
02-10 23:16:50.334  3038  3603 D vision ls: teleOpWhileLoop: lsFront position 0
02-10 23:16:50.346  3038  3603 D trayAngle: com.qualcomm.robotcore.hardware.ServoImplEx@5669835tray88.32672119140625heading
02-10 23:16:50.353  3038  3603 D vision ls: teleOpWhileLoop: lsFront position 0
02-10 23:16:50.368  3038  3603 D trayAngle: com.qualcomm.robotcore.hardware.ServoImplEx@5669835tray89.21817016601562heading
02-10 23:16:50.376  3038  3603 D vision ls: teleOpWhileLoop: lsFront position 0
02-10 23:16:50.393  3038  3603 D trayAngle: com.qualcomm.robotcore.hardware.ServoImplEx@5669835tray89.95700073242188heading
02-10 23:16:50.409  3038  3603 D vision ls: teleOpWhileLoop: lsFront position 0
02-10 23:16:50.423  3038  3603 D trayAngle: com.qualcomm.robotcore.hardware.ServoImplEx@5669835tray90.46652221679688heading
02-10 23:16:50.430  3038  3603 D vision ls: teleOpWhileLoop: lsFront position 0
02-10 23:16:50.441  3038  3603 D trayAngle: com.qualcomm.robotcore.hardware.ServoImplEx@5669835tray90.72635650634766heading
02-10 23:16:50.454  3038  3603 D vision ls: teleOpWhileLoop: lsFront position 0
02-10 23:16:50.465  3038  3603 D trayAngle: com.qualcomm.robotcore.hardware.ServoImplEx@5669835tray91.03083801269531heading
02-10 23:16:50.473  3038  3603 D vision ls: teleOpWhileLoop: lsFront position 0
02-10 23:16:50.486  3038  3603 D trayAngle: com.qualcomm.robotcore.hardware.ServoImplEx@5669835tray91.0920639038086heading
02-10 23:16:50.498  3038  3603 D vision ls: teleOpWhileLoop: lsFront position 0
02-10 23:16:50.509  3038  3603 D trayAngle: com.qualcomm.robotcore.hardware.ServoImplEx@5669835tray91.03788757324219heading
02-10 23:16:50.516  3038  3603 D vision ls: teleOpWhileLoop: lsFront position 0
02-10 23:16:50.529  3038  3603 D trayAngle: com.qualcomm.robotcore.hardware.ServoImplEx@5669835tray90.94305419921875heading
02-10 23:16:50.541  3038  3603 D vision ls: teleOpWhileLoop: lsFront position 0
02-10 23:16:50.552  3038  3603 D trayAngle: com.qualcomm.robotcore.hardware.ServoImplEx@5669835tray90.8534164428711heading
02-10 23:16:50.584  3038  3603 D vision ls: teleOpWhileLoop: lsFront position 0
02-10 23:16:50.597  3038  3603 D trayAngle: com.qualcomm.robotcore.hardware.ServoImplEx@5669835tray90.55572509765625heading
02-10 23:16:50.621  3038  3603 D vision ls: teleOpWhileLoop: lsFront position 0
02-10 23:16:50.633  3038  3603 D trayAngle: com.qualcomm.robotcore.hardware.ServoImplEx@5669835tray90.6104507446289heading
02-10 23:16:50.648  3038  3603 D vision ls: teleOpWhileLoop: lsFront position 0
02-10 23:16:50.662  3038  3603 D trayAngle: com.qualcomm.robotcore.hardware.ServoImplEx@5669835tray90.2287826538086heading
02-10 23:16:50.671  3038  3603 D vision ls: teleOpWhileLoop: lsFront position 0
02-10 23:16:50.682  3038  3603 D trayAngle: com.qualcomm.robotcore.hardware.ServoImplEx@5669835tray89.69188690185547heading
02-10 23:16:50.691  3038  3603 D vision ls: teleOpWhileLoop: lsFront position 0
02-10 23:16:50.702  3038  3603 D trayAngle: com.qualcomm.robotcore.hardware.ServoImplEx@5669835tray88.80294036865234heading
02-10 23:16:50.708  3038  3603 D vision ls: teleOpWhileLoop: lsFront position 0
02-10 23:16:50.721  3038  3603 D trayAngle: com.qualcomm.robotcore.hardware.ServoImplEx@5669835tray87.9919662475586heading
02-10 23:16:50.734  3038  3603 D vision ls: teleOpWhileLoop: lsFront position 0
02-10 23:16:50.745  3038  3603 D trayAngle: com.qualcomm.robotcore.hardware.ServoImplEx@5669835tray86.22918701171875heading
02-10 23:16:50.753  3038  3603 D vision ls: teleOpWhileLoop: lsFront position 0
02-10 23:16:50.766  3038  3603 D trayAngle: com.qualcomm.robotcore.hardware.ServoImplEx@5669835tray84.40534973144531heading
02-10 23:16:50.778  3038  3603 D vision ls: teleOpWhileLoop: lsFront position 0
02-10 23:16:50.790  3038  3603 D trayAngle: com.qualcomm.robotcore.hardware.ServoImplEx@5669835tray81.5037612915039heading
02-10 23:16:50.796  3038  3603 D vision ls: teleOpWhileLoop: lsFront position 0
02-10 23:16:50.808  3038  3603 D trayAngle: com.qualcomm.robotcore.hardware.ServoImplEx@5669835tray79.00943756103516heading
02-10 23:16:50.821  3038  3603 D vision ls: teleOpWhileLoop: lsFront position 0
02-10 23:16:50.832  3038  3603 D trayAngle: com.qualcomm.robotcore.hardware.ServoImplEx@5669835tray75.17525482177734heading
02-10 23:16:50.841  3038  3603 D vision ls: teleOpWhileLoop: lsFront position 0
02-10 23:16:50.853  3038  3603 D trayAngle: com.qualcomm.robotcore.hardware.ServoImplEx@5669835tray71.8061752319336heading
02-10 23:16:50.860  3038  3603 D vision ls: teleOpWhileLoop: lsFront position 0
02-10 23:16:50.873  3038  3603 D trayAngle: com.qualcomm.robotcore.hardware.ServoImplEx@5669835tray68.21440124511719heading
02-10 23:16:50.881  3038  3603 D vision ls: teleOpWhileLoop: lsFront position 0
02-10 23:16:50.896  3038  3603 D trayAngle: com.qualcomm.robotcore.hardware.ServoImplEx@5669835tray63.807987213134766heading
02-10 23:16:50.904  3038  3603 D vision ls: teleOpWhileLoop: lsFront position 0
02-10 23:16:50.916  3038  3603 D trayAngle: com.qualcomm.robotcore.hardware.ServoImplEx@5669835tray60.95886993408203heading
02-10 23:16:50.924  3038  3603 D vision ls: teleOpWhileLoop: lsFront position 0
02-10 23:16:50.935  3038  3603 D trayAngle: com.qualcomm.robotcore.hardware.ServoImplEx@5669835tray58.77384948730469heading
02-10 23:16:50.946  3038  3603 D vision ls: teleOpWhileLoop: lsFront position 0
02-10 23:16:50.958  3038  3603 D trayAngle: com.qualcomm.robotcore.hardware.ServoImplEx@5669835tray56.077640533447266heading
02-10 23:16:50.973  3038  3603 D vision ls: teleOpWhileLoop: lsFront position 0
02-10 23:16:50.986  3038  3603 D trayAngle: com.qualcomm.robotcore.hardware.ServoImplEx@5669835tray51.90433883666992heading
02-10 23:16:50.992  3038  3603 D vision ls: teleOpWhileLoop: lsFront position 0
02-10 23:16:51.004  3038  3603 D trayAngle: com.qualcomm.robotcore.hardware.ServoImplEx@5669835tray49.16571807861328heading
02-10 23:16:51.016  3038  3603 D vision ls: teleOpWhileLoop: lsFront position 0
02-10 23:16:51.030  3038  3603 D trayAngle: com.qualcomm.robotcore.hardware.ServoImplEx@5669835tray45.27656173706055heading
02-10 23:16:51.037  3038  3603 D vision ls: teleOpWhileLoop: lsFront position 0
02-10 23:16:51.052  3038  3603 D trayAngle: com.qualcomm.robotcore.hardware.ServoImplEx@5669835tray42.16714096069336heading
02-10 23:16:51.065  3038  3603 D vision ls: teleOpWhileLoop: lsFront position 0
02-10 23:16:51.076  3038  3603 D trayAngle: com.qualcomm.robotcore.hardware.ServoImplEx@5669835tray39.2320556640625heading
02-10 23:16:51.108  3038  3603 D vision ls: teleOpWhileLoop: lsFront position 0
02-10 23:16:51.122  3038  3603 D trayAngle: com.qualcomm.robotcore.hardware.ServoImplEx@5669835tray35.633419036865234heading
02-10 23:16:51.163  3038  3603 D vision ls: teleOpWhileLoop: lsFront position 0
02-10 23:16:51.175  3038  3603 D trayAngle: com.qualcomm.robotcore.hardware.ServoImplEx@5669835tray35.435279846191406heading
02-10 23:16:51.189  3038  3603 D vision ls: teleOpWhileLoop: lsFront position 0
02-10 23:16:51.201  3038  3603 D trayAngle: com.qualcomm.robotcore.hardware.ServoImplEx@5669835tray34.98499298095703heading
02-10 23:16:51.212  3038  3603 D vision ls: teleOpWhileLoop: lsFront position 0
02-10 23:16:51.236  3038  3603 D trayAngle: com.qualcomm.robotcore.hardware.ServoImplEx@5669835tray33.03144073486328heading
02-10 23:16:51.250  3038  3603 D vision ls: teleOpWhileLoop: lsFront position 0
02-10 23:16:51.262  3038  3603 D trayAngle: com.qualcomm.robotcore.hardware.ServoImplEx@5669835tray30.617820739746094heading
02-10 23:16:51.268  3038  3603 D vision ls: teleOpWhileLoop: lsFront position 0
02-10 23:16:51.280  3038  3603 D trayAngle: com.qualcomm.robotcore.hardware.ServoImplEx@5669835tray28.814769744873047heading
02-10 23:16:51.292  3038  3603 D vision ls: teleOpWhileLoop: lsFront position 0
02-10 23:16:51.304  3038  3603 D trayAngle: com.qualcomm.robotcore.hardware.ServoImplEx@5669835tray26.78196144104004heading
02-10 23:16:51.311  3038  3603 D vision ls: teleOpWhileLoop: lsFront position 0
02-10 23:16:51.323  3038  3603 D trayAngle: com.qualcomm.robotcore.hardware.ServoImplEx@5669835tray25.294658660888672heading
02-10 23:16:51.335  3038  3603 D vision ls: teleOpWhileLoop: lsFront position 0
02-10 23:16:51.347  3038  3603 D trayAngle: com.qualcomm.robotcore.hardware.ServoImplEx@5669835tray24.18700408935547heading
02-10 23:16:51.355  3038  3603 D vision ls: teleOpWhileLoop: lsFront position 0
02-10 23:16:51.366  3038  3603 D trayAngle: com.qualcomm.robotcore.hardware.ServoImplEx@5669835tray23.672775268554688heading
02-10 23:16:51.378  3038  3603 D vision ls: teleOpWhileLoop: lsFront position 0
02-10 23:16:51.390  3038  3603 D trayAngle: com.qualcomm.robotcore.hardware.ServoImplEx@5669835tray23.197345733642578heading
02-10 23:16:51.397  3038  3603 D vision ls: teleOpWhileLoop: lsFront position 0
02-10 23:16:51.411  3038  3603 D trayAngle: com.qualcomm.robotcore.hardware.ServoImplEx@5669835tray22.962549209594727heading
02-10 23:16:51.418  3038  3603 D vision ls: teleOpWhileLoop: lsFront position 0
02-10 23:16:51.428  3038  3603 D trayAngle: com.qualcomm.robotcore.hardware.ServoImplEx@5669835tray22.817588806152344heading
02-10 23:16:51.435  3038  3603 D vision ls: teleOpWhileLoop: lsFront position 0
02-10 23:16:51.447  3038  3603 D trayAngle: com.qualcomm.robotcore.hardware.ServoImplEx@5669835tray22.643739700317383heading
02-10 23:16:51.458  3038  3603 D vision ls: teleOpWhileLoop: lsFront position 1
02-10 23:16:51.470  3038  3603 D trayAngle: com.qualcomm.robotcore.hardware.ServoImplEx@5669835tray22.45460319519043heading
02-10 23:16:51.477  3038  3603 D vision ls: teleOpWhileLoop: lsFront position 1
02-10 23:16:51.490  3038  3603 D trayAngle: com.qualcomm.robotcore.hardware.ServoImplEx@5669835tray22.30562973022461heading
02-10 23:16:51.502  3038  3603 D vision ls: teleOpWhileLoop: lsFront position 2
02-10 23:16:51.514  3038  3603 D trayAngle: com.qualcomm.robotcore.hardware.ServoImplEx@5669835tray22.246620178222656heading
02-10 23:16:51.523  3038  3603 D vision ls: teleOpWhileLoop: lsFront position 2
02-10 23:16:51.535  3038  3603 D trayAngle: com.qualcomm.robotcore.hardware.ServoImplEx@5669835tray22.21565818786621heading
02-10 23:16:51.542  3038  3603 D vision ls: teleOpWhileLoop: lsFront position 2
02-10 23:16:51.554  3038  3603 D trayAngle: com.qualcomm.robotcore.hardware.ServoImplEx@5669835tray22.078039169311523heading
02-10 23:16:51.561  3038  3603 D vision ls: teleOpWhileLoop: lsFront position 2
02-10 23:16:51.574  3038  3603 D trayAngle: com.qualcomm.robotcore.hardware.ServoImplEx@5669835tray21.914058685302734heading
02-10 23:16:51.581  3038  3603 D vision ls: teleOpWhileLoop: lsFront position 2
02-10 23:16:51.592  3038  3603 D trayAngle: com.qualcomm.robotcore.hardware.ServoImplEx@5669835tray21.877378463745117heading
02-10 23:16:51.626  3038  3603 D vision ls: teleOpWhileLoop: lsFront position 2
02-10 23:16:51.637  3038  3603 D trayAngle: com.qualcomm.robotcore.hardware.ServoImplEx@5669835tray21.803693771362305heading
02-10 23:16:51.647  3038  3603 D vision ls: teleOpWhileLoop: lsFront position 2
02-10 23:16:51.658  3038  3603 D trayAngle: com.qualcomm.robotcore.hardware.ServoImplEx@5669835tray21.818580627441406heading
02-10 23:16:51.678  3038  3603 D vision ls: teleOpWhileLoop: lsFront position 2
02-10 23:16:51.690  3038  3603 D trayAngle: com.qualcomm.robotcore.hardware.ServoImplEx@5669835tray21.82959747314453heading
02-10 23:16:51.697  3038  3603 D vision ls: teleOpWhileLoop: lsFront position 2
02-10 23:16:51.708  3038  3603 D trayAngle: com.qualcomm.robotcore.hardware.ServoImplEx@5669835tray21.83190155029297heading
02-10 23:16:51.715  3038  3603 D vision ls: teleOpWhileLoop: lsFront position 2
02-10 23:16:51.724  3038  3603 D trayAngle: com.qualcomm.robotcore.hardware.ServoImplEx@5669835tray21.854373931884766heading
02-10 23:16:51.742  3038  3603 D vision ls: teleOpWhileLoop: lsFront position 2
02-10 23:16:51.752  3038  3603 D trayAngle: com.qualcomm.robotcore.hardware.ServoImplEx@5669835tray21.827730178833008heading
02-10 23:16:51.759  3038  3603 D vision ls: teleOpWhileLoop: lsFront position 2
02-10 23:16:51.772  3038  3603 D trayAngle: com.qualcomm.robotcore.hardware.ServoImplEx@5669835tray21.806617736816406heading
02-10 23:16:51.787  3038  3603 D vision ls: teleOpWhileLoop: lsFront position 2
02-10 23:16:51.800  3038  3603 D trayAngle: com.qualcomm.robotcore.hardware.ServoImplEx@5669835tray21.829517364501953heading
02-10 23:16:51.811  3038  3603 D vision ls: teleOpWhileLoop: lsFront position 2
02-10 23:16:51.824  3038  3603 D trayAngle: com.qualcomm.robotcore.hardware.ServoImplEx@5669835tray21.80220603942871heading
02-10 23:16:51.831  3038  3603 D vision ls: teleOpWhileLoop: lsFront position 2
02-10 23:16:51.844  3038  3603 D trayAngle: com.qualcomm.robotcore.hardware.ServoImplEx@5669835tray21.821590423583984heading
02-10 23:16:51.856  3038  3603 D vision ls: teleOpWhileLoop: lsFront position 2
02-10 23:16:51.868  3038  3603 D trayAngle: com.qualcomm.robotcore.hardware.ServoImplEx@5669835tray21.722900390625heading
02-10 23:16:51.875  3038  3603 D vision ls: teleOpWhileLoop: lsFront position 2
02-10 23:16:51.887  3038  3603 D trayAngle: com.qualcomm.robotcore.hardware.ServoImplEx@5669835tray21.630483627319336heading
02-10 23:16:51.899  3038  3603 D vision ls: teleOpWhileLoop: lsFront position 2
02-10 23:16:51.912  3038  3603 D trayAngle: com.qualcomm.robotcore.hardware.ServoImplEx@5669835tray21.575998306274414heading
02-10 23:16:51.920  3038  3603 D vision ls: teleOpWhileLoop: lsFront position 2
02-10 23:16:51.931  3038  3603 D trayAngle: com.qualcomm.robotcore.hardware.ServoImplEx@5669835tray21.585832595825195heading
02-10 23:16:51.938  3038  3603 D vision ls: teleOpWhileLoop: lsFront position 2
02-10 23:16:51.950  3038  3603 D trayAngle: com.qualcomm.robotcore.hardware.ServoImplEx@5669835tray21.60403060913086heading
02-10 23:16:51.957  3038  3603 D vision ls: teleOpWhileLoop: lsFront position 2
02-10 23:16:51.969  3038  3603 D trayAngle: com.qualcomm.robotcore.hardware.ServoImplEx@5669835tray21.576519012451172heading
02-10 23:16:51.976  3038  3603 D vision ls: teleOpWhileLoop: lsFront position 2
02-10 23:16:51.987  3038  3603 D trayAngle: com.qualcomm.robotcore.hardware.ServoImplEx@5669835tray21.599328994750977heading
02-10 23:16:51.995  3038  3603 D vision ls: teleOpWhileLoop: lsFront position 2
02-10 23:16:52.008  3038  3603 D trayAngle: com.qualcomm.robotcore.hardware.ServoImplEx@5669835tray21.57630729675293heading
02-10 23:16:52.016  3038  3603 D vision ls: teleOpWhileLoop: lsFront position 2
02-10 23:16:52.027  3038  3603 D trayAngle: com.qualcomm.robotcore.hardware.ServoImplEx@5669835tray21.567596435546875heading
02-10 23:16:52.034  3038  3603 D vision ls: teleOpWhileLoop: lsFront position 2
02-10 23:16:52.047  3038  3603 D trayAngle: com.qualcomm.robotcore.hardware.ServoImplEx@5669835tray21.558801651000977heading
02-10 23:16:52.055  3038  3603 D vision ls: teleOpWhileLoop: lsFront position 2
02-10 23:16:52.067  3038  3603 D trayAngle: com.qualcomm.robotcore.hardware.ServoImplEx@5669835tray21.532123565673828heading
02-10 23:16:52.074  3038  3603 D vision ls: teleOpWhileLoop: lsFront position 2
02-10 23:16:52.088  3038  3603 D trayAngle: com.qualcomm.robotcore.hardware.ServoImplEx@5669835tray21.514610290527344heading
02-10 23:16:52.094  3038  3603 D vision ls: teleOpWhileLoop: lsFront position 2
02-10 23:16:52.106  3038  3603 D trayAngle: com.qualcomm.robotcore.hardware.ServoImplEx@5669835tray21.51103973388672heading
02-10 23:16:52.144  3038  3603 D vision ls: teleOpWhileLoop: lsFront position 2
02-10 23:16:52.160  3038  3603 D trayAngle: com.qualcomm.robotcore.hardware.ServoImplEx@5669835tray21.55369758605957heading
02-10 23:16:52.193  3038  3603 D vision ls: teleOpWhileLoop: lsFront position 2
02-10 23:16:52.207  3038  3603 D trayAngle: com.qualcomm.robotcore.hardware.ServoImplEx@5669835tray22.16905975341797heading
02-10 23:16:52.220  3038  3603 D vision ls: teleOpWhileLoop: lsFront position 2
02-10 23:16:52.233  3038  3603 D trayAngle: com.qualcomm.robotcore.hardware.ServoImplEx@5669835tray23.18115997314453heading
02-10 23:16:52.242  3038  3603 D vision ls: teleOpWhileLoop: lsFront position 2
02-10 23:16:52.254  3038  3603 D trayAngle: com.qualcomm.robotcore.hardware.ServoImplEx@5669835tray24.410741806030273heading
02-10 23:16:52.261  3038  3603 D vision ls: teleOpWhileLoop: lsFront position 2
02-10 23:16:52.274  3038  3603 D trayAngle: com.qualcomm.robotcore.hardware.ServoImplEx@5669835tray25.562664031982422heading
02-10 23:16:52.282  3038  3603 D vision ls: teleOpWhileLoop: lsFront position 2
02-10 23:16:52.296  3038  3603 D trayAngle: com.qualcomm.robotcore.hardware.ServoImplEx@5669835tray27.032512664794922heading
02-10 23:16:52.318  3038  3603 D vision ls: teleOpWhileLoop: lsFront position 2
02-10 23:16:52.330  3038  3603 D trayAngle: com.qualcomm.robotcore.hardware.ServoImplEx@5669835tray29.632957458496094heading
02-10 23:16:52.342  3038  3603 D vision ls: teleOpWhileLoop: lsFront position 2
02-10 23:16:52.354  3038  3603 D trayAngle: com.qualcomm.robotcore.hardware.ServoImplEx@5669835tray31.170055389404297heading
02-10 23:16:52.368  3038  3603 D vision ls: teleOpWhileLoop: lsFront position 2
02-10 23:16:52.378  3038  3603 D trayAngle: com.qualcomm.robotcore.hardware.ServoImplEx@5669835tray32.410911560058594heading
02-10 23:16:52.386  3038  3603 D vision ls: teleOpWhileLoop: lsFront position 2
02-10 23:16:52.396  3038  3603 D trayAngle: com.qualcomm.robotcore.hardware.ServoImplEx@5669835tray32.84067153930664heading
02-10 23:16:52.411  3038  3603 D vision ls: teleOpWhileLoop: lsFront position 2
02-10 23:16:52.426  3038  3603 D trayAngle: com.qualcomm.robotcore.hardware.ServoImplEx@5669835tray32.958770751953125heading
02-10 23:16:52.433  3038  3603 D vision ls: teleOpWhileLoop: lsFront position 2
02-10 23:16:52.446  3038  3603 D trayAngle: com.qualcomm.robotcore.hardware.ServoImplEx@5669835tray32.85752868652344heading
02-10 23:16:52.457  3038  3603 D vision ls: teleOpWhileLoop: lsFront position 2
02-10 23:16:52.469  3038  3603 D trayAngle: com.qualcomm.robotcore.hardware.ServoImplEx@5669835tray32.69878005981445heading
02-10 23:16:52.481  3038  3603 D vision ls: teleOpWhileLoop: lsFront position 2
02-10 23:16:52.494  3038  3603 D trayAngle: com.qualcomm.robotcore.hardware.ServoImplEx@5669835tray32.56034469604492heading
02-10 23:16:52.507  3038  3603 D vision ls: teleOpWhileLoop: lsFront position 2
02-10 23:16:52.521  3038  3603 D trayAngle: com.qualcomm.robotcore.hardware.ServoImplEx@5669835tray32.489532470703125heading
02-10 23:16:52.533  3038  3603 D vision ls: teleOpWhileLoop: lsFront position 2
02-10 23:16:52.545  3038  3603 D trayAngle: com.qualcomm.robotcore.hardware.ServoImplEx@5669835tray32.40734100341797heading
02-10 23:16:52.553  3038  3603 D vision ls: teleOpWhileLoop: lsFront position 2
02-10 23:16:52.567  3038  3603 D trayAngle: com.qualcomm.robotcore.hardware.ServoImplEx@5669835tray32.331783294677734heading
02-10 23:16:52.580  3038  3603 D vision ls: teleOpWhileLoop: lsFront position 2
02-10 23:16:52.592  3038  3603 D trayAngle: com.qualcomm.robotcore.hardware.ServoImplEx@5669835tray32.35316848754883heading
02-10 23:16:52.600  3038  3603 D vision ls: teleOpWhileLoop: lsFront position 2
02-10 23:16:52.612  3038  3603 D trayAngle: com.qualcomm.robotcore.hardware.ServoImplEx@5669835tray32.29157638549805heading
02-10 23:16:52.649  3038  3603 D vision ls: teleOpWhileLoop: lsFront position 2
02-10 23:16:52.666  3038  3603 D trayAngle: com.qualcomm.robotcore.hardware.ServoImplEx@5669835tray32.34331512451172heading
02-10 23:16:52.694  3038  3603 D vision ls: teleOpWhileLoop: lsFront position 2
02-10 23:16:52.707  3038  3603 D trayAngle: com.qualcomm.robotcore.hardware.ServoImplEx@5669835tray32.45272445678711heading
02-10 23:16:52.720  3038  3603 D vision ls: teleOpWhileLoop: lsFront position 2
02-10 23:16:52.735  3038  3603 D trayAngle: com.qualcomm.robotcore.hardware.ServoImplEx@5669835tray32.40799331665039heading
02-10 23:16:52.748  3038  3603 D vision ls: teleOpWhileLoop: lsFront position 2
02-10 23:16:52.761  3038  3603 D trayAngle: com.qualcomm.robotcore.hardware.ServoImplEx@5669835tray32.65462875366211heading
02-10 23:16:52.774  3038  3603 D vision ls: teleOpWhileLoop: lsFront position 2
02-10 23:16:52.789  3038  3603 D trayAngle: com.qualcomm.robotcore.hardware.ServoImplEx@5669835tray33.701255798339844heading
02-10 23:16:52.797  3038  3603 D vision ls: teleOpWhileLoop: lsFront position 2
02-10 23:16:52.811  3038  3603 D trayAngle: com.qualcomm.robotcore.hardware.ServoImplEx@5669835tray35.55967712402344heading
02-10 23:16:52.833  3038  3603 D vision ls: teleOpWhileLoop: lsFront position 2
02-10 23:16:52.851  3038  3603 D trayAngle: com.qualcomm.robotcore.hardware.ServoImplEx@5669835tray40.28899383544922heading
02-10 23:16:52.864  3038  3603 D vision ls: teleOpWhileLoop: lsFront position 2
02-10 23:16:52.878  3038  3603 D trayAngle: com.qualcomm.robotcore.hardware.ServoImplEx@5669835tray44.43141174316406heading
02-10 23:16:52.891  3038  3603 D vision ls: teleOpWhileLoop: lsFront position 2
02-10 23:16:52.906  3038  3603 D trayAngle: com.qualcomm.robotcore.hardware.ServoImplEx@5669835tray48.568580627441406heading
02-10 23:16:52.914  3038  3603 D vision ls: teleOpWhileLoop: lsFront position 2
02-10 23:16:52.929  3038  3603 D trayAngle: com.qualcomm.robotcore.hardware.ServoImplEx@5669835tray51.534461975097656heading
02-10 23:16:52.937  3038  3603 D vision ls: teleOpWhileLoop: lsFront position 2
02-10 23:16:52.947  3038  3603 D trayAngle: com.qualcomm.robotcore.hardware.ServoImplEx@5669835tray52.82396697998047heading
02-10 23:16:52.955  3038  3603 D vision ls: teleOpWhileLoop: lsFront position 2
02-10 23:16:52.967  3038  3603 D trayAngle: com.qualcomm.robotcore.hardware.ServoImplEx@5669835tray53.3134765625heading
02-10 23:16:52.980  3038  3603 D vision ls: teleOpWhileLoop: lsFront position 2
02-10 23:16:52.992  3038  3603 D trayAngle: com.qualcomm.robotcore.hardware.ServoImplEx@5669835tray53.4661979675293heading
02-10 23:16:52.999  3038  3603 D vision ls: teleOpWhileLoop: lsFront position 2
02-10 23:16:53.011  3038  3603 D trayAngle: com.qualcomm.robotcore.hardware.ServoImplEx@5669835tray53.336971282958984heading
02-10 23:16:53.023  3038  3603 D vision ls: teleOpWhileLoop: lsFront position 2
02-10 23:16:53.035  3038  3603 D trayAngle: com.qualcomm.robotcore.hardware.ServoImplEx@5669835tray53.12002944946289heading
02-10 23:16:53.048  3038  3603 D vision ls: teleOpWhileLoop: lsFront position 2
02-10 23:16:53.060  3038  3603 D trayAngle: com.qualcomm.robotcore.hardware.ServoImplEx@5669835tray53.01633834838867heading
