02-10 23:16:53.067  3038  3603 D vision ls: teleOpWhileLoop: lsFront position 2
02-10 23:16:53.082  3038  3603 D trayAngle: com.qualcomm.robotcore.hardware.ServoImplEx@5669835tray53.02186965942383heading
02-10 23:16:53.094  3038  3603 D vision ls: teleOpWhileLoop: lsFront position 2
02-10 23:16:53.106  3038  3603 D trayAngle: com.qualcomm.robotcore.hardware.ServoImplEx@5669835tray53.01093673706055heading
02-10 23:16:53.113  3038  3603 D vision ls: teleOpWhileLoop: lsFront position 2
02-10 23:16:53.127  3038  3603 D trayAngle: com.qualcomm.robotcore.hardware.ServoImplEx@5669835tray52.94990158081055heading
02-10 23:16:53.170  3038  3603 D vision ls: teleOpWhileLoop: lsFront position 2
02-10 23:16:53.186  3038  3603 D trayAngle: com.qualcomm.robotcore.hardware.ServoImplEx@5669835tray52.924617767333984heading
02-10 23:16:53.218  3038  3603 D vision ls: teleOpWhileLoop: lsFront position 2
02-10 23:16:53.230  3038  3603 D trayAngle: com.qualcomm.robotcore.hardware.ServoImplEx@5669835tray52.7881965637207heading
02-10 23:16:53.237  3038  3603 D vision ls: teleOpWhileLoop: lsFront position 2
02-10 23:16:53.249  3038  3603 D trayAngle: com.qualcomm.robotcore.hardware.ServoImplEx@5669835tray52.7147216796875heading
02-10 23:16:53.257  3038  3603 D vision ls: teleOpWhileLoop: lsFront position 2
02-10 23:16:53.269  3038  3603 D trayAngle: com.qualcomm.robotcore.hardware.ServoImplEx@5669835tray52.71088409423828heading
02-10 23:16:53.276  3038  3603 D vision ls: teleOpWhileLoop: lsFront position 2
02-10 23:16:53.288  3038  3603 D trayAngle: com.qualcomm.robotcore.hardware.ServoImplEx@5669835tray52.76212692260742heading
02-10 23:16:53.295  3038  3603 D vision ls: teleOpWhileLoop: lsFront position 2
02-10 23:16:53.308  3038  3603 D trayAngle: com.qualcomm.robotcore.hardware.ServoImplEx@5669835tray52.77313232421875heading
02-10 23:16:53.315  3038  3603 D vision ls: teleOpWhileLoop: lsFront position 2
02-10 23:16:53.326  3038  3603 D trayAngle: com.qualcomm.robotcore.hardware.ServoImplEx@5669835tray52.772605895996094heading
02-10 23:16:53.333  3038  3603 D vision ls: teleOpWhileLoop: lsFront position 2
02-10 23:16:53.344  3038  3603 D trayAngle: com.qualcomm.robotcore.hardware.ServoImplEx@5669835tray52.85967254638672heading
02-10 23:16:53.351  3038  3603 D vision ls: teleOpWhileLoop: lsFront position 2
02-10 23:16:53.363  3038  3603 D trayAngle: com.qualcomm.robotcore.hardware.ServoImplEx@5669835tray52.92129135131836heading
02-10 23:16:53.384  3038  3603 D vision ls: teleOpWhileLoop: lsFront position 2
02-10 23:16:53.395  3038  3603 D trayAngle: com.qualcomm.robotcore.hardware.ServoImplEx@5669835tray52.97687530517578heading
02-10 23:16:53.403  3038  3603 D vision ls: teleOpWhileLoop: lsFront position 2
02-10 23:16:53.415  3038  3603 D trayAngle: com.qualcomm.robotcore.hardware.ServoImplEx@5669835tray53.057960510253906heading
02-10 23:16:53.430  3038  3603 D vision ls: teleOpWhileLoop: lsFront position 2
02-10 23:16:53.443  3038  3603 D trayAngle: com.qualcomm.robotcore.hardware.ServoImplEx@5669835tray53.36466598510742heading
02-10 23:16:53.455  3038  3603 D vision ls: teleOpWhileLoop: lsFront position 2
02-10 23:16:53.467  3038  3603 D trayAngle: com.qualcomm.robotcore.hardware.ServoImplEx@5669835tray53.768836975097656heading
02-10 23:16:53.474  3038  3603 D vision ls: teleOpWhileLoop: lsFront position 2
02-10 23:16:53.484  3038  3603 D trayAngle: com.qualcomm.robotcore.hardware.ServoImplEx@5669835tray54.235355377197266heading
02-10 23:16:53.496  3038  3603 D vision ls: teleOpWhileLoop: lsFront position 2
02-10 23:16:53.507  3038  3603 D trayAngle: com.qualcomm.robotcore.hardware.ServoImplEx@5669835tray54.80609130859375heading
02-10 23:16:53.514  3038  3603 D vision ls: teleOpWhileLoop: lsFront position 2
02-10 23:16:53.527  3038  3603 D trayAngle: com.qualcomm.robotcore.hardware.ServoImplEx@5669835tray55.38820266723633heading
02-10 23:16:53.539  3038  3603 D vision ls: teleOpWhileLoop: lsFront position 2
02-10 23:16:53.551  3038  3603 D trayAngle: com.qualcomm.robotcore.hardware.ServoImplEx@5669835tray55.9713249206543heading
02-10 23:16:53.557  3038  3603 D vision ls: teleOpWhileLoop: lsFront position 2
02-10 23:16:53.569  3038  3603 D trayAngle: com.qualcomm.robotcore.hardware.ServoImplEx@5669835tray56.4041748046875heading
02-10 23:16:53.576  3038  3603 D vision ls: teleOpWhileLoop: lsFront position 2
02-10 23:16:53.587  3038  3603 D trayAngle: com.qualcomm.robotcore.hardware.ServoImplEx@5669835tray56.64845657348633heading
02-10 23:16:53.594  3038  3603 D vision ls: teleOpWhileLoop: lsFront position 2
02-10 23:16:53.606  3038  3603 D trayAngle: com.qualcomm.robotcore.hardware.ServoImplEx@5669835tray56.78089141845703heading
02-10 23:16:53.613  3038  3603 D vision ls: teleOpWhileLoop: lsFront position 2
02-10 23:16:53.626  3038  3603 D trayAngle: com.qualcomm.robotcore.hardware.ServoImplEx@5669835tray56.86593246459961heading
02-10 23:16:53.632  3038  3603 D vision ls: teleOpWhileLoop: lsFront position 2
02-10 23:16:53.645  3038  3603 D trayAngle: com.qualcomm.robotcore.hardware.ServoImplEx@5669835tray56.90751266479492heading
02-10 23:16:53.679  3038  3603 D vision ls: teleOpWhileLoop: lsFront position 2
02-10 23:16:53.689  3038  3603 D trayAngle: com.qualcomm.robotcore.hardware.ServoImplEx@5669835tray56.912296295166016heading
02-10 23:16:53.696  3038  3603 D vision ls: teleOpWhileLoop: lsFront position 2
02-10 23:16:53.707  3038  3603 D trayAngle: com.qualcomm.robotcore.hardware.ServoImplEx@5669835tray56.90283966064453heading
02-10 23:16:53.724  3038  3603 D vision ls: teleOpWhileLoop: lsFront position 2
02-10 23:16:53.736  3038  3603 D trayAngle: com.qualcomm.robotcore.hardware.ServoImplEx@5669835tray56.862266540527344heading
02-10 23:16:53.743  3038  3603 D vision ls: teleOpWhileLoop: lsFront position 2
02-10 23:16:53.758  3038  3603 D trayAngle: com.qualcomm.robotcore.hardware.ServoImplEx@5669835tray56.841468811035156heading
02-10 23:16:53.765  3038  3603 D vision ls: teleOpWhileLoop: lsFront position 2
02-10 23:16:53.780  3038  3603 D trayAngle: com.qualcomm.robotcore.hardware.ServoImplEx@5669835tray56.82582092285156heading
02-10 23:16:53.787  3038  3603 D vision ls: teleOpWhileLoop: lsFront position 2
02-10 23:16:53.804  3038  3603 D trayAngle: com.qualcomm.robotcore.hardware.ServoImplEx@5669835tray56.831512451171875heading
02-10 23:16:53.817  3038  3603 D vision ls: teleOpWhileLoop: lsFront position 2
02-10 23:16:53.832  3038  3603 D trayAngle: com.qualcomm.robotcore.hardware.ServoImplEx@5669835tray56.8569450378418heading
02-10 23:16:53.839  3038  3603 D vision ls: teleOpWhileLoop: lsFront position 2
02-10 23:16:53.850  3038  3603 D trayAngle: com.qualcomm.robotcore.hardware.ServoImplEx@5669835tray56.7763671875heading
02-10 23:16:53.862  3038  3603 D vision ls: teleOpWhileLoop: lsFront position 2
02-10 23:16:53.873  3038  3603 D trayAngle: com.qualcomm.robotcore.hardware.ServoImplEx@5669835tray56.7313117980957heading
02-10 23:16:53.881  3038  3603 D vision ls: teleOpWhileLoop: lsFront position 2
02-10 23:16:53.893  3038  3603 D trayAngle: com.qualcomm.robotcore.hardware.ServoImplEx@5669835tray56.78639221191406heading
02-10 23:16:53.924  3038  3603 D vision ls: teleOpWhileLoop: lsFront position 2
02-10 23:16:53.936  3038  3603 D trayAngle: com.qualcomm.robotcore.hardware.ServoImplEx@5669835tray56.846920013427734heading
02-10 23:16:53.943  3038  3603 D vision ls: teleOpWhileLoop: lsFront position 2
02-10 23:16:53.955  3038  3603 D trayAngle: com.qualcomm.robotcore.hardware.ServoImplEx@5669835tray56.852970123291016heading
02-10 23:16:53.962  3038  3603 D vision ls: teleOpWhileLoop: lsFront position 2
02-10 23:16:53.973  3038  3603 D trayAngle: com.qualcomm.robotcore.hardware.ServoImplEx@5669835tray56.848148345947266heading
02-10 23:16:53.981  3038  3603 D vision ls: teleOpWhileLoop: lsFront position 2
02-10 23:16:53.993  3038  3603 D trayAngle: com.qualcomm.robotcore.hardware.ServoImplEx@5669835tray56.76502227783203heading
02-10 23:16:54.001  3038  3603 D vision ls: teleOpWhileLoop: lsFront position 2
02-10 23:16:54.012  3038  3603 D trayAngle: com.qualcomm.robotcore.hardware.ServoImplEx@5669835tray56.775230407714844heading
02-10 23:16:54.019  3038  3603 D vision ls: teleOpWhileLoop: lsFront position 2
02-10 23:16:54.031  3038  3603 D trayAngle: com.qualcomm.robotcore.hardware.ServoImplEx@5669835tray56.7764892578125heading
02-10 23:16:54.039  3038  3603 D vision ls: teleOpWhileLoop: lsFront position 2
02-10 23:16:54.052  3038  3603 D trayAngle: com.qualcomm.robotcore.hardware.ServoImplEx@5669835tray56.738521575927734heading
02-10 23:16:54.064  3038  3603 D vision ls: teleOpWhileLoop: lsFront position 2
02-10 23:16:54.076  3038  3603 D trayAngle: com.qualcomm.robotcore.hardware.ServoImplEx@5669835tray56.6314811706543heading
02-10 23:16:54.089  3038  3603 D vision ls: teleOpWhileLoop: lsFront position 2
02-10 23:16:54.102  3038  3603 D trayAngle: com.qualcomm.robotcore.hardware.ServoImplEx@5669835tray56.57500457763672heading
02-10 23:16:54.109  3038  3603 D vision ls: teleOpWhileLoop: lsFront position 2
02-10 23:16:54.122  3038  3603 D trayAngle: com.qualcomm.robotcore.hardware.ServoImplEx@5669835tray56.604888916015625heading
02-10 23:16:54.129  3038  3603 D vision ls: teleOpWhileLoop: lsFront position 2
02-10 23:16:54.141  3038  3603 D trayAngle: com.qualcomm.robotcore.hardware.ServoImplEx@5669835tray56.62484359741211heading
02-10 23:16:54.149  3038  3603 D vision ls: teleOpWhileLoop: lsFront position 2
02-10 23:16:54.163  3038  3603 D trayAngle: com.qualcomm.robotcore.hardware.ServoImplEx@5669835tray56.543155670166016heading
02-10 23:16:54.199  3038  3603 D vision ls: teleOpWhileLoop: lsFront position 2
02-10 23:16:54.216  3038  3603 D trayAngle: com.qualcomm.robotcore.hardware.ServoImplEx@5669835tray56.55569839477539heading
02-10 23:16:54.231  3038  3603 D vision ls: teleOpWhileLoop: lsFront position 2
02-10 23:16:54.244  3038  3603 D trayAngle: com.qualcomm.robotcore.hardware.ServoImplEx@5669835tray56.60199737548828heading
02-10 23:16:54.255  3038  3603 D vision ls: teleOpWhileLoop: lsFront position 2
02-10 23:16:54.267  3038  3603 D trayAngle: com.qualcomm.robotcore.hardware.ServoImplEx@5669835tray56.587154388427734heading
02-10 23:16:54.274  3038  3603 D vision ls: teleOpWhileLoop: lsFront position 2
02-10 23:16:54.287  3038  3603 D trayAngle: com.qualcomm.robotcore.hardware.ServoImplEx@5669835tray56.59138488769531heading
02-10 23:16:54.303  3038  3603 D vision ls: teleOpWhileLoop: lsFront position 2
02-10 23:16:54.315  3038  3603 D trayAngle: com.qualcomm.robotcore.hardware.ServoImplEx@5669835tray56.55179214477539heading
02-10 23:16:54.328  3038  3603 D vision ls: teleOpWhileLoop: lsFront position 2
02-10 23:16:54.340  3038  3603 D trayAngle: com.qualcomm.robotcore.hardware.ServoImplEx@5669835tray56.527103424072266heading
02-10 23:16:54.347  3038  3603 D vision ls: teleOpWhileLoop: lsFront position 2
02-10 23:16:54.359  3038  3603 D trayAngle: com.qualcomm.robotcore.hardware.ServoImplEx@5669835tray56.52320098876953heading
02-10 23:16:54.371  3038  3603 D vision ls: teleOpWhileLoop: lsFront position 2
02-10 23:16:54.383  3038  3603 D trayAngle: com.qualcomm.robotcore.hardware.ServoImplEx@5669835tray56.53193283081055heading
02-10 23:16:54.390  3038  3603 D vision ls: teleOpWhileLoop: lsFront position 2
02-10 23:16:54.401  3038  3603 D trayAngle: com.qualcomm.robotcore.hardware.ServoImplEx@5669835tray56.632755279541016heading
02-10 23:16:54.425  3038  3603 D vision ls: teleOpWhileLoop: lsFront position 2
02-10 23:16:54.436  3038  3603 D trayAngle: com.qualcomm.robotcore.hardware.ServoImplEx@5669835tray56.806819915771484heading
02-10 23:16:54.451  3038  3603 D vision ls: teleOpWhileLoop: lsFront position 2
02-10 23:16:54.464  3038  3603 D trayAngle: com.qualcomm.robotcore.hardware.ServoImplEx@5669835tray56.78200149536133heading
02-10 23:16:54.472  3038  3603 D vision ls: teleOpWhileLoop: lsFront position 2
02-10 23:16:54.485  3038  3603 D trayAngle: com.qualcomm.robotcore.hardware.ServoImplEx@5669835tray56.791603088378906heading
02-10 23:16:54.492  3038  3603 D vision ls: teleOpWhileLoop: lsFront position 2
02-10 23:16:54.503  3038  3603 D trayAngle: com.qualcomm.robotcore.hardware.ServoImplEx@5669835tray56.88746643066406heading
02-10 23:16:54.510  3038  3603 D vision ls: teleOpWhileLoop: lsFront position 2
02-10 23:16:54.523  3038  3603 D trayAngle: com.qualcomm.robotcore.hardware.ServoImplEx@5669835tray83.46261596679688heading
02-10 23:16:54.530  3038  3603 D vision ls: teleOpWhileLoop: lsFront position 2
02-10 23:16:54.542  3038  3603 D trayAngle: com.qualcomm.robotcore.hardware.ServoImplEx@5669835tray83.46261596679688heading
02-10 23:16:54.549  3038  3603 D vision ls: teleOpWhileLoop: lsFront position 2
02-10 23:16:54.562  3038  3603 D trayAngle: com.qualcomm.robotcore.hardware.ServoImplEx@5669835tray83.46261596679688heading
02-10 23:16:54.569  3038  3603 D vision ls: teleOpWhileLoop: lsFront position 2
02-10 23:16:54.580  3038  3603 D trayAngle: com.qualcomm.robotcore.hardware.ServoImplEx@5669835tray83.46261596679688heading
02-10 23:16:54.587  3038  3603 D vision ls: teleOpWhileLoop: lsFront position 2
02-10 23:16:54.600  3038  3603 D trayAngle: com.qualcomm.robotcore.hardware.ServoImplEx@5669835tray83.46261596679688heading
02-10 23:16:54.607  3038  3603 D vision ls: teleOpWhileLoop: lsFront position 2
02-10 23:16:54.619  3038  3603 D trayAngle: com.qualcomm.robotcore.hardware.ServoImplEx@5669835tray83.46261596679688heading
02-10 23:16:54.626  3038  3603 D vision ls: teleOpWhileLoop: lsFront position 2
02-10 23:16:54.642  3038  3603 D trayAngle: com.qualcomm.robotcore.hardware.ServoImplEx@5669835tray83.46261596679688heading
02-10 23:16:54.653  3038  3603 D vision ls: teleOpWhileLoop: lsFront position 2
02-10 23:16:54.666  3038  3603 D trayAngle: com.qualcomm.robotcore.hardware.ServoImplEx@5669835tray83.46261596679688heading
02-10 23:16:54.673  3038  3603 D vision ls: teleOpWhileLoop: lsFront position 2
02-10 23:16:54.685  3038  3603 D trayAngle: com.qualcomm.robotcore.hardware.ServoImplEx@5669835tray83.46261596679688heading
02-10 23:16:54.718  3038  3603 D vision ls: teleOpWhileLoop: lsFront position 2
02-10 23:16:54.731  3038  3603 D trayAngle: com.qualcomm.robotcore.hardware.ServoImplEx@5669835tray83.46261596679688heading
02-10 23:16:54.750  3038  3603 D vision ls: teleOpWhileLoop: lsFront position 2
02-10 23:16:54.763  3038  3603 D trayAngle: com.qualcomm.robotcore.hardware.ServoImplEx@5669835tray83.46261596679688heading
02-10 23:16:54.775  3038  3603 D vision ls: teleOpWhileLoop: lsFront position 2
02-10 23:16:54.787  3038  3603 D trayAngle: com.qualcomm.robotcore.hardware.ServoImplEx@5669835tray83.46261596679688heading
02-10 23:16:54.794  3038  3603 D vision ls: teleOpWhileLoop: lsFront position 2
02-10 23:16:54.808  3038  3603 D trayAngle: com.qualcomm.robotcore.hardware.ServoImplEx@5669835tray83.46261596679688heading
02-10 23:16:54.828  3038  3603 D vision ls: teleOpWhileLoop: lsFront position 2
02-10 23:16:54.841  3038  3603 D trayAngle: com.qualcomm.robotcore.hardware.ServoImplEx@5669835tray83.46261596679688heading
02-10 23:16:54.853  3038  3603 D vision ls: teleOpWhileLoop: lsFront position 2
02-10 23:16:54.865  3038  3603 D trayAngle: com.qualcomm.robotcore.hardware.ServoImplEx@5669835tray83.46261596679688heading
02-10 23:16:54.873  3038  3603 D vision ls: teleOpWhileLoop: lsFront position 2
02-10 23:16:54.887  3038  3603 D trayAngle: com.qualcomm.robotcore.hardware.ServoImplEx@5669835tray83.46261596679688heading
02-10 23:16:54.901  3038  3603 D vision ls: teleOpWhileLoop: lsFront position 2
02-10 23:16:54.916  3038  3603 D trayAngle: com.qualcomm.robotcore.hardware.ServoImplEx@5669835tray83.46261596679688heading
02-10 23:16:54.924  3038  3603 D vision ls: teleOpWhileLoop: lsFront position 2
02-10 23:16:54.940  3038  3603 D trayAngle: com.qualcomm.robotcore.hardware.ServoImplEx@5669835tray83.46261596679688heading
02-10 23:16:54.967  3038  3603 D vision ls: teleOpWhileLoop: lsFront position 2
02-10 23:16:54.982  3038  3603 D trayAngle: com.qualcomm.robotcore.hardware.ServoImplEx@5669835tray83.46261596679688heading
02-10 23:16:54.990  3038  3603 D vision ls: teleOpWhileLoop: lsFront position 2
02-10 23:16:55.006  3038  3603 D trayAngle: com.qualcomm.robotcore.hardware.ServoImplEx@5669835tray83.46261596679688heading
02-10 23:16:55.014  3038  3603 D vision ls: teleOpWhileLoop: lsFront position 2
02-10 23:16:55.029  3038  3603 D trayAngle: com.qualcomm.robotcore.hardware.ServoImplEx@5669835tray83.46261596679688heading
02-10 23:16:55.037  3038  3603 D vision ls: teleOpWhileLoop: lsFront position 2
02-10 23:16:55.050  3038  3603 D trayAngle: com.qualcomm.robotcore.hardware.ServoImplEx@5669835tray83.46261596679688heading
02-10 23:16:55.057  3038  3603 D vision ls: teleOpWhileLoop: lsFront position 2
02-10 23:16:55.073  3038  3603 D trayAngle: com.qualcomm.robotcore.hardware.ServoImplEx@5669835tray83.46261596679688heading
02-10 23:16:55.082  3038  3603 D vision ls: teleOpWhileLoop: lsFront position 2
02-10 23:16:55.096  3038  3603 D trayAngle: com.qualcomm.robotcore.hardware.ServoImplEx@5669835tray83.46261596679688heading
02-10 23:16:55.104  3038  3603 D vision ls: teleOpWhileLoop: lsFront position 2
02-10 23:16:55.118  3038  3603 D trayAngle: com.qualcomm.robotcore.hardware.ServoImplEx@5669835tray83.46261596679688heading
02-10 23:16:55.127  3038  3603 D vision ls: teleOpWhileLoop: lsFront position 2
02-10 23:16:55.135  3038  3603 W BHI260IMU: getRobotOrientationAsQuaternion(): Failed to retrieve valid quaternion from IMU. Returning the identity quaternion.
02-10 23:16:55.136  3038  3603 D imu crash: getCurrentHeading: acquisition time is 0
02-10 23:16:55.244  3038  3603 W BHI260IMU: getRobotOrientationAsQuaternion(): Failed to retrieve valid quaternion from IMU. Returning the identity quaternion.
02-10 23:16:55.244  3038  3603 D imu crash: getCurrentHeading: acquisition time is 0
02-10 23:16:55.351  3038  3603 W BHI260IMU: getRobotOrientationAsQuaternion(): Failed to retrieve valid quaternion from IMU. Returning the identity quaternion.
02-10 23:16:55.351  3038  3603 D imu crash: getCurrentHeading: acquisition time is 0
02-10 23:16:55.458  3038  3603 W BHI260IMU: getRobotOrientationAsQuaternion(): Failed to retrieve valid quaternion from IMU. Returning the identity quaternion.
02-10 23:16:55.459  3038  3603 D imu crash: getCurrentHeading: acquisition time is 0
02-10 23:16:55.565  3038  3603 W BHI260IMU: getRobotOrientationAsQuaternion(): Failed to retrieve valid quaternion from IMU. Returning the identity quaternion.
02-10 23:16:55.566  3038  3603 D imu crash: getCurrentHeading: acquisition time is 0
02-10 23:16:55.672  3038  3603 W BHI260IMU: getRobotOrientationAsQuaternion(): Failed to retrieve valid quaternion from IMU. Returning the identity quaternion.
02-10 23:16:55.673  3038  3603 D imu crash: getCurrentHeading: acquisition time is 0
02-10 23:16:55.780  3038  3603 W BHI260IMU: getRobotOrientationAsQuaternion(): Failed to retrieve valid quaternion from IMU. Returning the identity quaternion.
02-10 23:16:55.781  3038  3603 D imu crash: getCurrentHeading: acquisition time is 0
02-10 23:16:55.888  3038  3603 W BHI260IMU: getRobotOrientationAsQuaternion(): Failed to retrieve valid quaternion from IMU. Returning the identity quaternion.
02-10 23:16:55.888  3038  3603 D imu crash: getCurrentHeading: acquisition time is 0
02-10 23:16:55.995  3038  3603 W BHI260IMU: getRobotOrientationAsQuaternion(): Failed to retrieve valid quaternion from IMU. Returning the identity quaternion.
02-10 23:16:55.995  3038  3603 D imu crash: getCurrentHeading: acquisition time is 0
02-10 23:16:56.102  3038  3603 W BHI260IMU: getRobotOrientationAsQuaternion(): Failed to retrieve valid quaternion from IMU. Returning the identity quaternion.
02-10 23:16:56.102  3038  3603 D imu crash: getCurrentHeading: acquisition time is 0
02-10 23:16:56.210  3038  3603 W BHI260IMU: getRobotOrientationAsQuaternion(): Failed to retrieve valid quaternion from IMU. Returning the identity quaternion.
02-10 23:16:56.210  3038  3603 D imu crash: getCurrentHeading: acquisition time is 0
02-10 23:16:56.317  3038  3603 W BHI260IMU: getRobotOrientationAsQuaternion(): Failed to retrieve valid quaternion from IMU. Returning the identity quaternion.
02-10 23:16:56.318  3038  3603 D imu crash: getCurrentHeading: acquisition time is 0
02-10 23:16:56.424  3038  3603 W BHI260IMU: getRobotOrientationAsQuaternion(): Failed to retrieve valid quaternion from IMU. Returning the identity quaternion.
02-10 23:16:56.425  3038  3603 D imu crash: getCurrentHeading: acquisition time is 0
02-10 23:16:56.531  3038  3603 W BHI260IMU: getRobotOrientationAsQuaternion(): Failed to retrieve valid quaternion from IMU. Returning the identity quaternion.
02-10 23:16:56.531  3038  3603 D imu crash: getCurrentHeading: acquisition time is 0
02-10 23:16:56.638  3038  3603 W BHI260IMU: getRobotOrientationAsQuaternion(): Failed to retrieve valid quaternion from IMU. Returning the identity quaternion.
02-10 23:16:56.639  3038  3603 D imu crash: getCurrentHeading: acquisition time is 0
02-10 23:16:56.745  3038  3603 W BHI260IMU: getRobotOrientationAsQuaternion(): Failed to retrieve valid quaternion from IMU. Returning the identity quaternion.
02-10 23:16:56.746  3038  3603 D imu crash: getCurrentHeading: acquisition time is 0
02-10 23:16:56.856  3038  3603 W BHI260IMU: getRobotOrientationAsQuaternion(): Failed to retrieve valid quaternion from IMU. Returning the identity quaternion.
02-10 23:16:56.856  3038  3603 D imu crash: getCurrentHeading: acquisition time is 0
02-10 23:16:56.967  3038  3603 W BHI260IMU: getRobotOrientationAsQuaternion(): Failed to retrieve valid quaternion from IMU. Returning the identity quaternion.
02-10 23:16:56.968  3038  3603 D imu crash: getCurrentHeading: acquisition time is 0
02-10 23:16:57.042  3038  3133 V Robocol : received command: CMD_INIT_OP_MODE(16063) $Stop$Robot$
02-10 23:16:57.064  3038  3603 E LynxI2cDeviceSynch: placeholder: readTimestamped
02-10 23:16:57.065  3038  3603 W BHI260IMU: getRobotOrientationAsQuaternion(): Failed to retrieve valid quaternion from IMU. Returning the identity quaternion.
02-10 23:16:57.070  3038  3603 W BHI260IMU: getRobotOrientationAsQuaternion(): Failed to retrieve valid quaternion from IMU. Returning the identity quaternion.
02-10 23:16:57.070  3038  3603 D trayAngle: com.qualcomm.robotcore.hardware.ServoImplEx@5669835tray-0.0heading
02-10 23:16:57.072  3038  3603 D RobotCore: User runOpModeMethod exited
02-10 23:16:57.072  3038  3603 V RobotCore: thread: ...terminating 'OpModeThread'
02-10 23:16:57.077  3038  3165 I RobotCore: Attempting to switch to OpMode $Stop$Robot$
02-10 23:16:57.077  3038  3165 I RobotCore: ******************** STOP - OPMODE /storage/emulated/0/FIRST/matchlogs/Match-0-RedTeleOp.txt ********************
02-10 23:16:57.084  3038  3165 D HardwareMap: Clearing which device instances have been retrieved
02-10 23:16:57.084  3038  3605 I RobotCore: saving match logcat to /storage/emulated/0/FIRST/matchlogs/Match-0-RedTeleOp.txt
02-10 23:16:57.084  3038  3605 I RobotCore: logging command line: exec logcat -d -T '2-10 23:16:48.000' -f '/storage/emulated/0/FIRST/matchlogs/Match-0-RedTeleOp.txt' -n4 -v threadtime UsbRequestJNI:S UsbRequest:S art:W ThreadPool:W System:W ExtendedExtractor:W OMXClient:W MediaPlayer:W dalvikvm:W  *:V
02-10 23:16:57.088  3038  3607 V RobotCore: thread: 'OpModeThread' starting...
02-10 23:16:57.126  3038  3136 V Robocol : sending CMD_NOTIFY_INIT_OP_MODE(41136), attempt: 0
02-10 23:16:57.127  3038  3136 V Robocol : sending CMD_NOTIFY_RUN_OP_MODE(41137), attempt: 0
02-10 23:16:57.181  3038  3605 I RobotCore: Done running exec logcat -d -T '2-10 23:16:48.000' -f '/storage/emulated/0/FIRST/matchlogs/Match-0-RedTeleOp.txt' -n4 -v threadtime UsbRequestJNI:S UsbRequest:S art:W ThreadPool:W System:W ExtendedExtractor:W OMXClient:W MediaPlayer:W dalvikvm:W  *:V
02-10 23:16:57.181  3038  3605 I RobotCore: exiting match logcat for /storage/emulated/0/FIRST/matchlogs/Match-0-RedTeleOp.txt
02-10 23:16:57.560  3038  3133 V Robocol : received command: CMD_SET_MATCH_NUMBER(16090) 0
02-10 23:16:57.564  3038  3133 V Robocol : received command: CMD_INIT_OP_MODE(16091) RedTeleOp
02-10 23:16:57.596  3038  3607 V RobotCore: thread: ...terminating 'OpModeThread'
02-10 23:16:57.600  3038  3165 I RobotCore: Attempting to switch to OpMode RedTeleOp
02-10 23:16:57.601  3038  3165 I RobotCore: ******************** START - OPMODE RedTeleOp ********************
02-10 23:16:57.774  3038  3165 D HardwareMap: Clearing which device instances have been retrieved
02-10 23:16:57.777  3038  3610 V RobotCore: thread: 'OpModeThread' starting...
02-10 23:16:57.780  3038  3610 D AprilTagDetectorJNI: Creating 36h11 tag family
02-10 23:16:57.781  3038  3610 D AprilTagDetectorJNI: Initializing april tag detector
02-10 23:16:57.806  3038  3136 V Robocol : sending CMD_NOTIFY_INIT_OP_MODE(41180), attempt: 0
02-10 23:16:57.963  3038  3610 I I2C     : Automatically initializing I2C device BHI260IMU (BHI260 IMU on USB (embedded); module 173; bus 0; addr7=0x28)
02-10 23:16:57.964  3038  3610 V BHI260IMU: Suppressing I2C warnings while we check for a BHI260AP IMU
02-10 23:16:57.967  3038  3610 V BHI260IMU: Found BHI260AP IMU
02-10 23:16:57.980  3038  3610 D BHI260IMU: Firmware version: 20
02-10 23:16:57.994  3038  3610 V BHI260IMU: Suppressing I2C warnings while we check for a BHI260AP IMU
02-10 23:16:57.996  3038  3610 V BHI260IMU: Found BHI260AP IMU
02-10 23:16:58.010  3038  3610 D BHI260IMU: Firmware version: 20
02-10 23:16:58.039  3038  3133 V Robocol : received command: CMD_RUN_OP_MODE(16112) RedTeleOp
02-10 23:16:58.086  3038  3136 V Robocol : sending CMD_NOTIFY_RUN_OP_MODE(41187), attempt: 0
02-10 23:16:58.791  3038  3610 D vision ls: teleOpWhileLoop: lsFront position 0
02-10 23:16:58.806  3038  3610 D trayAngle: com.qualcomm.robotcore.hardware.ServoImplEx@5669835tray82.96841430664062heading
02-10 23:16:58.822  3038  3610 D vision ls: teleOpWhileLoop: lsFront position 0
02-10 23:16:58.837  3038  3610 D trayAngle: com.qualcomm.robotcore.hardware.ServoImplEx@5669835tray83.01654815673828heading
02-10 23:16:58.846  3038  3610 D vision ls: teleOpWhileLoop: lsFront position 0
02-10 23:16:58.860  3038  3610 D trayAngle: com.qualcomm.robotcore.hardware.ServoImplEx@5669835tray82.9280776977539heading
02-10 23:16:58.868  3038  3610 D vision ls: teleOpWhileLoop: lsFront position 0
02-10 23:16:58.881  3038  3610 D trayAngle: com.qualcomm.robotcore.hardware.ServoImplEx@5669835tray82.91423797607422heading
02-10 23:16:58.888  3038  3610 D vision ls: teleOpWhileLoop: lsFront position 0
02-10 23:16:58.901  3038  3610 D trayAngle: com.qualcomm.robotcore.hardware.ServoImplEx@5669835tray83.01366424560547heading
02-10 23:16:58.908  3038  3610 D vision ls: teleOpWhileLoop: lsFront position 0
02-10 23:16:58.921  3038  3610 D trayAngle: com.qualcomm.robotcore.hardware.ServoImplEx@5669835tray82.99800109863281heading
02-10 23:16:58.932  3038  3610 D vision ls: teleOpWhileLoop: lsFront position 0
02-10 23:16:58.945  3038  3610 D trayAngle: com.qualcomm.robotcore.hardware.ServoImplEx@5669835tray82.99266815185547heading
02-10 23:16:58.957  3038  3610 D vision ls: teleOpWhileLoop: lsFront position 0
02-10 23:16:58.970  3038  3610 D trayAngle: com.qualcomm.robotcore.hardware.ServoImplEx@5669835tray83.01221466064453heading
02-10 23:16:58.975  3038  3047 D AprilTagDetectorJNI: Freeing april tag JNI context object
02-10 23:16:58.975  3038  3047 D AprilTagDetectorJNI: Freeing april tag detector
02-10 23:16:58.975  3038  3047 D AprilTagDetectorJNI: Freeing tag family tag36h11
02-10 23:16:58.975  3038  3047 D AprilTagDetectorJNI: Freed april tag JNI context object
02-10 23:16:58.977  3038  3610 D vision ls: teleOpWhileLoop: lsFront position 0
02-10 23:16:58.988  3038  3610 D trayAngle: com.qualcomm.robotcore.hardware.ServoImplEx@5669835tray83.03164672851562heading
02-10 23:16:58.999  3038  3610 D vision ls: teleOpWhileLoop: lsFront position 0
02-10 23:16:59.010  3038  3610 D trayAngle: com.qualcomm.robotcore.hardware.ServoImplEx@5669835tray83.0464096069336heading
02-10 23:16:59.021  3038  3610 D vision ls: teleOpWhileLoop: lsFront position 0
02-10 23:16:59.033  3038  3610 D trayAngle: com.qualcomm.robotcore.hardware.ServoImplEx@5669835tray83.06637573242188heading
02-10 23:16:59.040  3038  3610 D vision ls: teleOpWhileLoop: lsFront position 0
02-10 23:16:59.053  3038  3610 D trayAngle: com.qualcomm.robotcore.hardware.ServoImplEx@5669835tray83.04239654541016heading
02-10 23:16:59.067  3038  3610 D vision ls: teleOpWhileLoop: lsFront position 0
02-10 23:16:59.082  3038  3610 D trayAngle: com.qualcomm.robotcore.hardware.ServoImplEx@5669835tray83.07376098632812heading
02-10 23:16:59.093  3038  3610 D vision ls: teleOpWhileLoop: lsFront position 0
02-10 23:16:59.104  3038  3610 D trayAngle: com.qualcomm.robotcore.hardware.ServoImplEx@5669835tray83.19276428222656heading
02-10 23:16:59.111  3038  3610 D vision ls: teleOpWhileLoop: lsFront position 0
02-10 23:16:59.124  3038  3610 D trayAngle: com.qualcomm.robotcore.hardware.ServoImplEx@5669835tray83.3462142944336heading
02-10 23:16:59.136  3038  3610 D vision ls: teleOpWhileLoop: lsFront position 0
02-10 23:16:59.148  3038  3610 D trayAngle: com.qualcomm.robotcore.hardware.ServoImplEx@5669835tray83.4260025024414heading
02-10 23:16:59.155  3038  3610 D vision ls: teleOpWhileLoop: lsFront position 0
02-10 23:16:59.167  3038  3610 D trayAngle: com.qualcomm.robotcore.hardware.ServoImplEx@5669835tray83.34728240966797heading
02-10 23:16:59.179  3038  3610 D vision ls: teleOpWhileLoop: lsFront position 0
02-10 23:16:59.191  3038  3610 D trayAngle: com.qualcomm.robotcore.hardware.ServoImplEx@5669835tray83.09030151367188heading
02-10 23:16:59.200  3038  3610 D vision ls: teleOpWhileLoop: lsFront position 0
02-10 23:16:59.212  3038  3610 D trayAngle: com.qualcomm.robotcore.hardware.ServoImplEx@5669835tray82.52120208740234heading
02-10 23:16:59.245  3038  3610 D vision ls: teleOpWhileLoop: lsFront position 0
02-10 23:16:59.256  3038  3610 D trayAngle: com.qualcomm.robotcore.hardware.ServoImplEx@5669835tray80.1019287109375heading
02-10 23:16:59.267  3038  3610 D vision ls: teleOpWhileLoop: lsFront position 0
02-10 23:16:59.280  3038  3610 D trayAngle: com.qualcomm.robotcore.hardware.ServoImplEx@5669835tray78.4554443359375heading
02-10 23:16:59.301  3038  3610 D vision ls: teleOpWhileLoop: lsFront position 0
02-10 23:16:59.315  3038  3610 D trayAngle: com.qualcomm.robotcore.hardware.ServoImplEx@5669835tray75.48226928710938heading
02-10 23:16:59.327  3038  3610 D vision ls: teleOpWhileLoop: lsFront position 0
02-10 23:16:59.341  3038  3610 D trayAngle: com.qualcomm.robotcore.hardware.ServoImplEx@5669835tray73.34021759033203heading
02-10 23:16:59.364  3038  3610 D vision ls: teleOpWhileLoop: lsFront position 0
02-10 23:16:59.378  3038  3610 D trayAngle: com.qualcomm.robotcore.hardware.ServoImplEx@5669835tray70.06193542480469heading
02-10 23:16:59.390  3038  3610 D vision ls: teleOpWhileLoop: lsFront position 0
02-10 23:16:59.400  3038  3610 D trayAngle: com.qualcomm.robotcore.hardware.ServoImplEx@5669835tray67.76508331298828heading
02-10 23:16:59.412  3038  3610 D vision ls: teleOpWhileLoop: lsFront position 0
02-10 23:16:59.425  3038  3610 D trayAngle: com.qualcomm.robotcore.hardware.ServoImplEx@5669835tray64.94707489013672heading
02-10 23:16:59.432  3038  3610 D vision ls: teleOpWhileLoop: lsFront position 0
02-10 23:16:59.446  3038  3610 D trayAngle: com.qualcomm.robotcore.hardware.ServoImplEx@5669835tray62.430747985839844heading
02-10 23:16:59.458  3038  3610 D vision ls: teleOpWhileLoop: lsFront position 0
02-10 23:16:59.473  3038  3610 D trayAngle: com.qualcomm.robotcore.hardware.ServoImplEx@5669835tray58.70991134643555heading
02-10 23:16:59.480  3038  3610 D vision ls: teleOpWhileLoop: lsFront position 0
02-10 23:16:59.494  3038  3610 D trayAngle: com.qualcomm.robotcore.hardware.ServoImplEx@5669835tray55.57280731201172heading
02-10 23:16:59.507  3038  3610 D vision ls: teleOpWhileLoop: lsFront position 0
02-10 23:16:59.520  3038  3610 D trayAngle: com.qualcomm.robotcore.hardware.ServoImplEx@5669835tray51.541290283203125heading
02-10 23:16:59.533  3038  3610 D vision ls: teleOpWhileLoop: lsFront position 0
02-10 23:16:59.545  3038  3610 D trayAngle: com.qualcomm.robotcore.hardware.ServoImplEx@5669835tray47.600852966308594heading
02-10 23:16:59.552  3038  3610 D vision ls: teleOpWhileLoop: lsFront position 0
02-10 23:16:59.567  3038  3610 D trayAngle: com.qualcomm.robotcore.hardware.ServoImplEx@5669835tray44.466102600097656heading
02-10 23:16:59.579  3038  3610 D vision ls: teleOpWhileLoop: lsFront position 0
02-10 23:16:59.592  3038  3610 D trayAngle: com.qualcomm.robotcore.hardware.ServoImplEx@5669835tray41.39126968383789heading
02-10 23:16:59.600  3038  3610 D vision ls: teleOpWhileLoop: lsFront position 0
02-10 23:16:59.612  3038  3610 D trayAngle: com.qualcomm.robotcore.hardware.ServoImplEx@5669835tray39.14086151123047heading
02-10 23:16:59.624  3038  3610 D vision ls: teleOpWhileLoop: lsFront position 0
02-10 23:16:59.637  3038  3610 D trayAngle: com.qualcomm.robotcore.hardware.ServoImplEx@5669835tray36.77572250366211heading
02-10 23:16:59.644  3038  3610 D vision ls: teleOpWhileLoop: lsFront position 0
02-10 23:16:59.655  3038  3610 D trayAngle: com.qualcomm.robotcore.hardware.ServoImplEx@5669835tray35.23191833496094heading
02-10 23:16:59.663  3038  3610 D vision ls: teleOpWhileLoop: lsFront position 0
02-10 23:16:59.675  3038  3610 D trayAngle: com.qualcomm.robotcore.hardware.ServoImplEx@5669835tray34.206336975097656heading
02-10 23:16:59.683  3038  3610 D vision ls: teleOpWhileLoop: lsFront position 0
02-10 23:16:59.695  3038  3610 D trayAngle: com.qualcomm.robotcore.hardware.ServoImplEx@5669835tray33.7927131652832heading
02-10 23:16:59.703  3038  3610 D vision ls: teleOpWhileLoop: lsFront position 0
02-10 23:16:59.715  3038  3610 D trayAngle: com.qualcomm.robotcore.hardware.ServoImplEx@5669835tray33.72167205810547heading
02-10 23:16:59.730  3038  3610 D vision ls: teleOpWhileLoop: lsFront position 0
02-10 23:16:59.742  3038  3610 D trayAngle: com.qualcomm.robotcore.hardware.ServoImplEx@5669835tray33.80316162109375heading
02-10 23:16:59.763  3038  3610 D vision ls: teleOpWhileLoop: lsFront position 0
02-10 23:16:59.776  3038  3610 D trayAngle: com.qualcomm.robotcore.hardware.ServoImplEx@5669835tray33.93592071533203heading
02-10 23:16:59.787  3038  3610 D vision ls: teleOpWhileLoop: lsFront position 0
02-10 23:16:59.801  3038  3610 D trayAngle: com.qualcomm.robotcore.hardware.ServoImplEx@5669835tray34.00658416748047heading
02-10 23:16:59.833  3038  3610 D vision ls: teleOpWhileLoop: lsFront position 0
02-10 23:16:59.846  3038  3610 D trayAngle: com.qualcomm.robotcore.hardware.ServoImplEx@5669835tray33.977996826171875heading
02-10 23:16:59.867  3038  3610 D vision ls: teleOpWhileLoop: lsFront position 0
02-10 23:16:59.880  3038  3610 D trayAngle: com.qualcomm.robotcore.hardware.ServoImplEx@5669835tray33.886268615722656heading
02-10 23:16:59.890  3038  3610 D vision ls: teleOpWhileLoop: lsFront position 0
02-10 23:16:59.901  3038  3610 D trayAngle: com.qualcomm.robotcore.hardware.ServoImplEx@5669835tray33.386924743652344heading
02-10 23:16:59.908  3038  3610 D vision ls: teleOpWhileLoop: lsFront position 0
02-10 23:16:59.920  3038  3610 D trayAngle: com.qualcomm.robotcore.hardware.ServoImplEx@5669835tray32.390350341796875heading
02-10 23:16:59.931  3038  3610 D vision ls: teleOpWhileLoop: lsFront position 0
02-10 23:16:59.943  3038  3610 D trayAngle: com.qualcomm.robotcore.hardware.ServoImplEx@5669835tray30.38711166381836heading
02-10 23:16:59.949  3038  3610 D vision ls: teleOpWhileLoop: lsFront position 0
02-10 23:16:59.972  3038  3610 D trayAngle: com.qualcomm.robotcore.hardware.ServoImplEx@5669835tray27.209108352661133heading
02-10 23:16:59.983  3038  3610 D vision ls: teleOpWhileLoop: lsFront position 0
02-10 23:16:59.996  3038  3610 D trayAngle: com.qualcomm.robotcore.hardware.ServoImplEx@5669835tray23.987327575683594heading
02-10 23:17:00.011  3038  3610 D vision ls: teleOpWhileLoop: lsFront position 0
02-10 23:17:00.025  3038  3610 D trayAngle: com.qualcomm.robotcore.hardware.ServoImplEx@5669835tray20.536787033081055heading
02-10 23:17:00.032  3038  3610 D vision ls: teleOpWhileLoop: lsFront position 0
02-10 23:17:00.046  3038  3610 D trayAngle: com.qualcomm.robotcore.hardware.ServoImplEx@5669835tray18.439781188964844heading
02-10 23:17:00.058  3038  3610 D vision ls: teleOpWhileLoop: lsFront position 0
02-10 23:17:00.071  3038  3610 D trayAngle: com.qualcomm.robotcore.hardware.ServoImplEx@5669835tray17.481210708618164heading
02-10 23:17:00.081  3038  3610 D vision ls: teleOpWhileLoop: lsFront position 0
02-10 23:17:00.093  3038  3610 D trayAngle: com.qualcomm.robotcore.hardware.ServoImplEx@5669835tray17.417299270629883heading
02-10 23:17:00.106  3038  3610 D vision ls: teleOpWhileLoop: lsFront position 0
02-10 23:17:00.119  3038  3610 D trayAngle: com.qualcomm.robotcore.hardware.ServoImplEx@5669835tray17.247234344482422heading
02-10 23:17:00.131  3038  3610 D vision ls: teleOpWhileLoop: lsFront position 0
02-10 23:17:00.143  3038  3610 D trayAngle: com.qualcomm.robotcore.hardware.ServoImplEx@5669835tray17.126358032226562heading
02-10 23:17:00.150  3038  3610 D vision ls: teleOpWhileLoop: lsFront position 0
02-10 23:17:00.161  3038  3610 D trayAngle: com.qualcomm.robotcore.hardware.ServoImplEx@5669835tray17.082990646362305heading
02-10 23:17:00.168  3038  3610 D vision ls: teleOpWhileLoop: lsFront position 0
02-10 23:17:00.179  3038  3610 D trayAngle: com.qualcomm.robotcore.hardware.ServoImplEx@5669835tray16.94364356994629heading
02-10 23:17:00.186  3038  3610 D vision ls: teleOpWhileLoop: lsFront position 0
02-10 23:17:00.196  3038  3610 D trayAngle: com.qualcomm.robotcore.hardware.ServoImplEx@5669835tray16.82805824279785heading
02-10 23:17:00.203  3038  3610 D vision ls: teleOpWhileLoop: lsFront position 0
02-10 23:17:00.216  3038  3610 D trayAngle: com.qualcomm.robotcore.hardware.ServoImplEx@5669835tray16.75823974609375heading
02-10 23:17:00.223  3038  3610 D vision ls: teleOpWhileLoop: lsFront position 0
02-10 23:17:00.234  3038  3610 D trayAngle: com.qualcomm.robotcore.hardware.ServoImplEx@5669835tray16.671201705932617heading
02-10 23:17:00.250  3038  3610 D vision ls: teleOpWhileLoop: lsFront position 0
02-10 23:17:00.263  3038  3610 D trayAngle: com.qualcomm.robotcore.hardware.ServoImplEx@5669835tray16.599775314331055heading
02-10 23:17:00.284  3038  3610 D vision ls: teleOpWhileLoop: lsFront position 0
02-10 23:17:00.298  3038  3610 D trayAngle: com.qualcomm.robotcore.hardware.ServoImplEx@5669835tray16.51327133178711heading
02-10 23:17:00.307  3038  3610 D vision ls: teleOpWhileLoop: lsFront position 0
02-10 23:17:00.324  3038  3610 D trayAngle: com.qualcomm.robotcore.hardware.ServoImplEx@5669835tray16.466842651367188heading
02-10 23:17:00.346  3038  3610 D vision ls: teleOpWhileLoop: lsFront position 0
02-10 23:17:00.359  3038  3610 D trayAngle: com.qualcomm.robotcore.hardware.ServoImplEx@5669835tray16.48505973815918heading
02-10 23:17:00.377  3038  3610 D vision ls: teleOpWhileLoop: lsFront position 0
02-10 23:17:00.390  3038  3610 D trayAngle: com.qualcomm.robotcore.hardware.ServoImplEx@5669835tray16.513742446899414heading
02-10 23:17:00.396  3038  3610 D vision ls: teleOpWhileLoop: lsFront position 0
02-10 23:17:00.413  3038  3610 D trayAngle: com.qualcomm.robotcore.hardware.ServoImplEx@5669835tray16.55558967590332heading
02-10 23:17:00.423  3038  3610 D vision ls: teleOpWhileLoop: lsFront position 0
02-10 23:17:00.435  3038  3610 D trayAngle: com.qualcomm.robotcore.hardware.ServoImplEx@5669835tray16.584678649902344heading
02-10 23:17:00.442  3038  3610 D vision ls: teleOpWhileLoop: lsFront position 0
02-10 23:17:00.456  3038  3610 D trayAngle: com.qualcomm.robotcore.hardware.ServoImplEx@5669835tray16.621784210205078heading
02-10 23:17:00.463  3038  3610 D vision ls: teleOpWhileLoop: lsFront position 0
02-10 23:17:00.475  3038  3610 D trayAngle: com.qualcomm.robotcore.hardware.ServoImplEx@5669835tray16.651517868041992heading
02-10 23:17:00.483  3038  3610 D vision ls: teleOpWhileLoop: lsFront position 0
02-10 23:17:00.494  3038  3610 D trayAngle: com.qualcomm.robotcore.hardware.ServoImplEx@5669835tray16.69268035888672heading
02-10 23:17:00.501  3038  3610 D vision ls: teleOpWhileLoop: lsFront position 0
02-10 23:17:00.512  3038  3610 D trayAngle: com.qualcomm.robotcore.hardware.ServoImplEx@5669835tray16.73865509033203heading
02-10 23:17:00.521  3038  3610 D vision ls: teleOpWhileLoop: lsFront position 0
02-10 23:17:00.532  3038  3610 D trayAngle: com.qualcomm.robotcore.hardware.ServoImplEx@5669835tray16.803266525268555heading
02-10 23:17:00.541  3038  3610 D vision ls: teleOpWhileLoop: lsFront position 0
02-10 23:17:00.553  3038  3610 D trayAngle: com.qualcomm.robotcore.hardware.ServoImplEx@5669835tray16.899080276489258heading
02-10 23:17:00.559  3038  3610 D vision ls: teleOpWhileLoop: lsFront position 0
02-10 23:17:00.572  3038  3610 D trayAngle: com.qualcomm.robotcore.hardware.ServoImplEx@5669835tray17.00872802734375heading
02-10 23:17:00.584  3038  3610 D vision ls: teleOpWhileLoop: lsFront position 0
02-10 23:17:00.595  3038  3610 D trayAngle: com.qualcomm.robotcore.hardware.ServoImplEx@5669835tray18.066192626953125heading
02-10 23:17:00.604  3038  3610 D vision ls: teleOpWhileLoop: lsFront position 0
02-10 23:17:00.615  3038  3610 D trayAngle: com.qualcomm.robotcore.hardware.ServoImplEx@5669835tray18.730379104614258heading
02-10 23:17:00.625  3038  3610 D vision ls: teleOpWhileLoop: lsFront position 0
02-10 23:17:00.637  3038  3610 D trayAngle: com.qualcomm.robotcore.hardware.ServoImplEx@5669835tray19.343456268310547heading
02-10 23:17:00.647  3038  3610 D vision ls: teleOpWhileLoop: lsFront position 0
02-10 23:17:00.658  3038  3610 D trayAngle: com.qualcomm.robotcore.hardware.ServoImplEx@5669835tray19.725156784057617heading
02-10 23:17:00.665  3038  3610 D vision ls: teleOpWhileLoop: lsFront position 0
02-10 23:17:00.677  3038  3610 D trayAngle: com.qualcomm.robotcore.hardware.ServoImplEx@5669835tray19.97547149658203heading
02-10 23:17:00.686  3038  3610 D vision ls: teleOpWhileLoop: lsFront position 0
02-10 23:17:00.698  3038  3610 D trayAngle: com.qualcomm.robotcore.hardware.ServoImplEx@5669835tray20.22901153564453heading
02-10 23:17:00.705  3038  3610 D vision ls: teleOpWhileLoop: lsFront position 0
02-10 23:17:00.716  3038  3610 D trayAngle: com.qualcomm.robotcore.hardware.ServoImplEx@5669835tray20.374996185302734heading
02-10 23:17:00.723  3038  3610 D vision ls: teleOpWhileLoop: lsFront position 0
02-10 23:17:00.735  3038  3610 D trayAngle: com.qualcomm.robotcore.hardware.ServoImplEx@5669835tray20.528900146484375heading
02-10 23:17:00.744  3038  3610 D vision ls: teleOpWhileLoop: lsFront position 0
02-10 23:17:00.756  3038  3610 D trayAngle: com.qualcomm.robotcore.hardware.ServoImplEx@5669835tray20.656177520751953heading
02-10 23:17:00.786  3038  3610 D vision ls: teleOpWhileLoop: lsFront position 0
02-10 23:17:00.799  3038  3610 D trayAngle: com.qualcomm.robotcore.hardware.ServoImplEx@5669835tray20.895614624023438heading
02-10 23:17:00.809  3038  3610 D vision ls: teleOpWhileLoop: lsFront position 0
02-10 23:17:00.821  3038  3610 D trayAngle: com.qualcomm.robotcore.hardware.ServoImplEx@5669835tray20.968154907226562heading
02-10 23:17:00.828  3038  3610 D vision ls: teleOpWhileLoop: lsFront position 0
02-10 23:17:00.841  3038  3610 D trayAngle: com.qualcomm.robotcore.hardware.ServoImplEx@5669835tray21.03242301940918heading
02-10 23:17:00.864  3038  3610 D vision ls: teleOpWhileLoop: lsFront position 0
02-10 23:17:00.875  3038  3610 D trayAngle: com.qualcomm.robotcore.hardware.ServoImplEx@5669835tray21.23325538635254heading
02-10 23:17:00.882  3038  3610 D vision ls: teleOpWhileLoop: lsFront position 0
02-10 23:17:00.893  3038  3610 D trayAngle: com.qualcomm.robotcore.hardware.ServoImplEx@5669835tray21.37784194946289heading
02-10 23:17:00.906  3038  3610 D vision ls: teleOpWhileLoop: lsFront position 0
02-10 23:17:00.917  3038  3610 D trayAngle: com.qualcomm.robotcore.hardware.ServoImplEx@5669835tray21.53369903564453heading
02-10 23:17:00.931  3038  3610 D vision ls: teleOpWhileLoop: lsFront position 0
02-10 23:17:00.942  3038  3610 D trayAngle: com.qualcomm.robotcore.hardware.ServoImplEx@5669835tray21.661224365234375heading
02-10 23:17:00.948  3038  3610 D vision ls: teleOpWhileLoop: lsFront position 0
02-10 23:17:00.959  3038  3610 D trayAngle: com.qualcomm.robotcore.hardware.ServoImplEx@5669835tray21.744049072265625heading
02-10 23:17:00.968  3038  3610 D vision ls: teleOpWhileLoop: lsFront position 0
02-10 23:17:00.979  3038  3610 D trayAngle: com.qualcomm.robotcore.hardware.ServoImplEx@5669835tray21.8150634765625heading
02-10 23:17:00.986  3038  3610 D vision ls: teleOpWhileLoop: lsFront position 0
02-10 23:17:00.996  3038  3610 D trayAngle: com.qualcomm.robotcore.hardware.ServoImplEx@5669835tray21.857555389404297heading
02-10 23:17:01.003  3038  3610 D vision ls: teleOpWhileLoop: lsFront position 0
02-10 23:17:01.015  3038  3610 D trayAngle: com.qualcomm.robotcore.hardware.ServoImplEx@5669835tray21.928462982177734heading
02-10 23:17:01.025  3038  3610 D vision ls: teleOpWhileLoop: lsFront position 0
02-10 23:17:01.038  3038  3610 D trayAngle: com.qualcomm.robotcore.hardware.ServoImplEx@5669835tray22.002222061157227heading
02-10 23:17:01.048  3038  3610 D vision ls: teleOpWhileLoop: lsFront position 0
02-10 23:17:01.060  3038  3610 D trayAngle: com.qualcomm.robotcore.hardware.ServoImplEx@5669835tray22.237751007080078heading
02-10 23:17:01.068  3038  3610 D vision ls: teleOpWhileLoop: lsFront position 0
02-10 23:17:01.081  3038  3610 D trayAngle: com.qualcomm.robotcore.hardware.ServoImplEx@5669835tray22.660072326660156heading
02-10 23:17:01.097  3038  3610 D vision ls: teleOpWhileLoop: lsFront position 0
02-10 23:17:01.110  3038  3610 D trayAngle: com.qualcomm.robotcore.hardware.ServoImplEx@5669835tray23.6392822265625heading
02-10 23:17:01.117  3038  3610 D vision ls: teleOpWhileLoop: lsFront position 0
02-10 23:17:01.131  3038  3610 D trayAngle: com.qualcomm.robotcore.hardware.ServoImplEx@5669835tray24.511526107788086heading
02-10 23:17:01.143  3038  3610 D vision ls: teleOpWhileLoop: lsFront position 0
02-10 23:17:01.157  3038  3610 D trayAngle: com.qualcomm.robotcore.hardware.ServoImplEx@5669835tray25.90707015991211heading
02-10 23:17:01.165  3038  3610 D vision ls: teleOpWhileLoop: lsFront position 0
02-10 23:17:01.177  3038  3610 D trayAngle: com.qualcomm.robotcore.hardware.ServoImplEx@5669835tray27.13569450378418heading
02-10 23:17:01.184  3038  3610 D vision ls: teleOpWhileLoop: lsFront position 0
02-10 23:17:01.195  3038  3610 D trayAngle: com.qualcomm.robotcore.hardware.ServoImplEx@5669835tray28.36216926574707heading
02-10 23:17:01.202  3038  3610 D vision ls: teleOpWhileLoop: lsFront position 0
02-10 23:17:01.213  3038  3610 D trayAngle: com.qualcomm.robotcore.hardware.ServoImplEx@5669835tray29.51457405090332heading
02-10 23:17:01.220  3038  3610 D vision ls: teleOpWhileLoop: lsFront position 0
02-10 23:17:01.230  3038  3610 D trayAngle: com.qualcomm.robotcore.hardware.ServoImplEx@5669835tray30.770963668823242heading
02-10 23:17:01.237  3038  3610 D vision ls: teleOpWhileLoop: lsFront position 0
02-10 23:17:01.247  3038  3610 D trayAngle: com.qualcomm.robotcore.hardware.ServoImplEx@5669835tray32.07429885864258heading
02-10 23:17:01.254  3038  3610 D vision ls: teleOpWhileLoop: lsFront position 0
02-10 23:17:01.265  3038  3610 D trayAngle: com.qualcomm.robotcore.hardware.ServoImplEx@5669835tray33.2984619140625heading
02-10 23:17:01.294  3038  3610 D vision ls: teleOpWhileLoop: lsFront position 0
02-10 23:17:01.307  3038  3610 D trayAngle: com.qualcomm.robotcore.hardware.ServoImplEx@5669835tray36.173954010009766heading
02-10 23:17:01.319  3038  3610 D vision ls: teleOpWhileLoop: lsFront position 0
02-10 23:17:01.333  3038  3610 D trayAngle: com.qualcomm.robotcore.hardware.ServoImplEx@5669835tray37.99443054199219heading
02-10 23:17:01.347  3038  3610 D vision ls: teleOpWhileLoop: lsFront position 0
02-10 23:17:01.360  3038  3610 D trayAngle: com.qualcomm.robotcore.hardware.ServoImplEx@5669835tray40.1398811340332heading
02-10 23:17:01.387  3038  3610 D vision ls: teleOpWhileLoop: lsFront position 0
02-10 23:17:01.400  3038  3610 D trayAngle: com.qualcomm.robotcore.hardware.ServoImplEx@5669835tray43.84550857543945heading
02-10 23:17:01.409  3038  3610 D vision ls: teleOpWhileLoop: lsFront position 0
02-10 23:17:01.423  3038  3610 D trayAngle: com.qualcomm.robotcore.hardware.ServoImplEx@5669835tray45.548091888427734heading
02-10 23:17:01.431  3038  3610 D vision ls: teleOpWhileLoop: lsFront position 0
02-10 23:17:01.445  3038  3610 D trayAngle: com.qualcomm.robotcore.hardware.ServoImplEx@5669835tray46.84018325805664heading
02-10 23:17:01.466  3038  3610 D vision ls: teleOpWhileLoop: lsFront position 0
02-10 23:17:01.482  3038  3610 D trayAngle: com.qualcomm.robotcore.hardware.ServoImplEx@5669835tray48.732337951660156heading
02-10 23:17:01.493  3038  3610 D vision ls: teleOpWhileLoop: lsFront position 0
02-10 23:17:01.506  3038  3610 D trayAngle: com.qualcomm.robotcore.hardware.ServoImplEx@5669835tray49.64146041870117heading
02-10 23:17:01.515  3038  3610 D vision ls: teleOpWhileLoop: lsFront position 0
02-10 23:17:01.528  3038  3610 D trayAngle: com.qualcomm.robotcore.hardware.ServoImplEx@5669835tray50.273040771484375heading
02-10 23:17:01.540  3038  3610 D vision ls: teleOpWhileLoop: lsFront position 0
02-10 23:17:01.554  3038  3610 D trayAngle: com.qualcomm.robotcore.hardware.ServoImplEx@5669835tray51.93440628051758heading
02-10 23:17:01.562  3038  3610 D vision ls: teleOpWhileLoop: lsFront position 0
