02-10 23:17:01.575  3038  3610 D trayAngle: com.qualcomm.robotcore.hardware.ServoImplEx@5669835tray53.12910461425781heading
02-10 23:17:01.590  3038  3610 D vision ls: teleOpWhileLoop: lsFront position 0
02-10 23:17:01.604  3038  3610 D trayAngle: com.qualcomm.robotcore.hardware.ServoImplEx@5669835tray54.83566665649414heading
02-10 23:17:01.619  3038  3610 D vision ls: teleOpWhileLoop: lsFront position 0
02-10 23:17:01.634  3038  3610 D trayAngle: com.qualcomm.robotcore.hardware.ServoImplEx@5669835tray55.84086608886719heading
02-10 23:17:01.642  3038  3610 D vision ls: teleOpWhileLoop: lsFront position 0
02-10 23:17:01.656  3038  3610 D trayAngle: com.qualcomm.robotcore.hardware.ServoImplEx@5669835tray55.74118423461914heading
02-10 23:17:01.669  3038  3610 D vision ls: teleOpWhileLoop: lsFront position 0
02-10 23:17:01.685  3038  3610 D trayAngle: com.qualcomm.robotcore.hardware.ServoImplEx@5669835tray55.15986633300781heading
02-10 23:17:01.697  3038  3610 D vision ls: teleOpWhileLoop: lsFront position 0
02-10 23:17:01.712  3038  3610 D trayAngle: com.qualcomm.robotcore.hardware.ServoImplEx@5669835tray53.51076889038086heading
02-10 23:17:01.720  3038  3610 D vision ls: teleOpWhileLoop: lsFront position 0
02-10 23:17:01.735  3038  3610 D trayAngle: com.qualcomm.robotcore.hardware.ServoImplEx@5669835tray51.19694900512695heading
02-10 23:17:01.747  3038  3610 D vision ls: teleOpWhileLoop: lsFront position 0
02-10 23:17:01.763  3038  3610 D trayAngle: com.qualcomm.robotcore.hardware.ServoImplEx@5669835tray47.59385299682617heading
02-10 23:17:01.770  3038  3610 D vision ls: teleOpWhileLoop: lsFront position 0
02-10 23:17:01.786  3038  3610 D trayAngle: com.qualcomm.robotcore.hardware.ServoImplEx@5669835tray43.80548095703125heading
02-10 23:17:01.822  3038  3610 D vision ls: teleOpWhileLoop: lsFront position 0
02-10 23:17:01.836  3038  3610 D trayAngle: com.qualcomm.robotcore.hardware.ServoImplEx@5669835tray34.51040267944336heading
02-10 23:17:01.857  3038  3610 D vision ls: teleOpWhileLoop: lsFront position 0
02-10 23:17:01.870  3038  3610 D trayAngle: com.qualcomm.robotcore.hardware.ServoImplEx@5669835tray28.633058547973633heading
02-10 23:17:01.891  3038  3610 D vision ls: teleOpWhileLoop: lsFront position 0
02-10 23:17:01.906  3038  3610 D trayAngle: com.qualcomm.robotcore.hardware.ServoImplEx@5669835tray22.95010757446289heading
02-10 23:17:01.920  3038  3610 D vision ls: teleOpWhileLoop: lsFront position 0
02-10 23:17:01.935  3038  3610 D trayAngle: com.qualcomm.robotcore.hardware.ServoImplEx@5669835tray18.98594856262207heading
02-10 23:17:01.946  3038  3610 D vision ls: teleOpWhileLoop: lsFront position 0
02-10 23:17:01.961  3038  3610 D trayAngle: com.qualcomm.robotcore.hardware.ServoImplEx@5669835tray16.211023330688477heading
02-10 23:17:01.980  3038  3610 D vision ls: teleOpWhileLoop: lsFront position 0
02-10 23:17:01.992  3038  3610 D trayAngle: com.qualcomm.robotcore.hardware.ServoImplEx@5669835tray13.790040016174316heading
02-10 23:17:01.999  3038  3610 D vision ls: teleOpWhileLoop: lsFront position 0
02-10 23:17:02.016  3038  3610 D trayAngle: com.qualcomm.robotcore.hardware.ServoImplEx@5669835tray12.391448974609375heading
02-10 23:17:02.024  3038  3610 D vision ls: teleOpWhileLoop: lsFront position 0
02-10 23:17:02.040  3038  3610 D trayAngle: com.qualcomm.robotcore.hardware.ServoImplEx@5669835tray11.317036628723145heading
02-10 23:17:02.048  3038  3610 D vision ls: teleOpWhileLoop: lsFront position 0
02-10 23:17:02.059  3038  3610 D trayAngle: com.qualcomm.robotcore.hardware.ServoImplEx@5669835tray10.708481788635254heading
02-10 23:17:02.066  3038  3610 D vision ls: teleOpWhileLoop: lsFront position 0
02-10 23:17:02.077  3038  3610 D trayAngle: com.qualcomm.robotcore.hardware.ServoImplEx@5669835tray10.270252227783203heading
02-10 23:17:02.086  3038  3610 D vision ls: teleOpWhileLoop: lsFront position 0
02-10 23:17:02.099  3038  3610 D trayAngle: com.qualcomm.robotcore.hardware.ServoImplEx@5669835tray9.879192352294922heading
02-10 23:17:02.112  3038  3610 D vision ls: teleOpWhileLoop: lsFront position 0
02-10 23:17:02.124  3038  3610 D trayAngle: com.qualcomm.robotcore.hardware.ServoImplEx@5669835tray9.570880889892578heading
02-10 23:17:02.130  3038  3610 D vision ls: teleOpWhileLoop: lsFront position 0
02-10 23:17:02.142  3038  3610 D trayAngle: com.qualcomm.robotcore.hardware.ServoImplEx@5669835tray9.42524242401123heading
02-10 23:17:02.149  3038  3610 D vision ls: teleOpWhileLoop: lsFront position 0
02-10 23:17:02.161  3038  3610 D trayAngle: com.qualcomm.robotcore.hardware.ServoImplEx@5669835tray9.223417282104492heading
02-10 23:17:02.168  3038  3610 D vision ls: teleOpWhileLoop: lsFront position 0
02-10 23:17:02.181  3038  3610 D trayAngle: com.qualcomm.robotcore.hardware.ServoImplEx@5669835tray9.022253036499023heading
02-10 23:17:02.188  3038  3610 D vision ls: teleOpWhileLoop: lsFront position 0
02-10 23:17:02.201  3038  3610 D trayAngle: com.qualcomm.robotcore.hardware.ServoImplEx@5669835tray8.889514923095703heading
02-10 23:17:02.208  3038  3610 D vision ls: teleOpWhileLoop: lsFront position 0
02-10 23:17:02.221  3038  3610 D trayAngle: com.qualcomm.robotcore.hardware.ServoImplEx@5669835tray8.860227584838867heading
02-10 23:17:02.228  3038  3610 D vision ls: teleOpWhileLoop: lsFront position 0
02-10 23:17:02.242  3038  3610 D trayAngle: com.qualcomm.robotcore.hardware.ServoImplEx@5669835tray8.8399076461792heading
02-10 23:17:02.249  3038  3610 D vision ls: teleOpWhileLoop: lsFront position 0
02-10 23:17:02.262  3038  3610 D trayAngle: com.qualcomm.robotcore.hardware.ServoImplEx@5669835tray8.827333450317383heading
02-10 23:17:02.268  3038  3610 D vision ls: teleOpWhileLoop: lsFront position 0
02-10 23:17:02.282  3038  3610 D trayAngle: com.qualcomm.robotcore.hardware.ServoImplEx@5669835tray8.840609550476074heading
02-10 23:17:02.289  3038  3610 D vision ls: teleOpWhileLoop: lsFront position 0
02-10 23:17:02.301  3038  3610 D trayAngle: com.qualcomm.robotcore.hardware.ServoImplEx@5669835tray8.87570858001709heading
02-10 23:17:02.332  3038  3610 D vision ls: teleOpWhileLoop: lsFront position 0
02-10 23:17:02.347  3038  3610 D trayAngle: com.qualcomm.robotcore.hardware.ServoImplEx@5669835tray8.946694374084473heading
02-10 23:17:02.357  3038  3610 D vision ls: teleOpWhileLoop: lsFront position 0
02-10 23:17:02.369  3038  3610 D trayAngle: com.qualcomm.robotcore.hardware.ServoImplEx@5669835tray9.025527954101562heading
02-10 23:17:02.394  3038  3610 D vision ls: teleOpWhileLoop: lsFront position 0
02-10 23:17:02.407  3038  3610 D trayAngle: com.qualcomm.robotcore.hardware.ServoImplEx@5669835tray9.158151626586914heading
02-10 23:17:02.417  3038  3610 D vision ls: teleOpWhileLoop: lsFront position 0
02-10 23:17:02.430  3038  3610 D trayAngle: com.qualcomm.robotcore.hardware.ServoImplEx@5669835tray9.231975555419922heading
02-10 23:17:02.441  3038  3610 D vision ls: teleOpWhileLoop: lsFront position 0
02-10 23:17:02.454  3038  3610 D trayAngle: com.qualcomm.robotcore.hardware.ServoImplEx@5669835tray9.281245231628418heading
02-10 23:17:02.464  3038  3610 D vision ls: teleOpWhileLoop: lsFront position 0
02-10 23:17:02.477  3038  3610 D trayAngle: com.qualcomm.robotcore.hardware.ServoImplEx@5669835tray9.308093070983887heading
02-10 23:17:02.496  3038  3610 D vision ls: teleOpWhileLoop: lsFront position 0
02-10 23:17:02.510  3038  3610 D trayAngle: com.qualcomm.robotcore.hardware.ServoImplEx@5669835tray9.37118911743164heading
02-10 23:17:02.517  3038  3610 D vision ls: teleOpWhileLoop: lsFront position 0
02-10 23:17:02.529  3038  3610 D trayAngle: com.qualcomm.robotcore.hardware.ServoImplEx@5669835tray9.60200023651123heading
02-10 23:17:02.541  3038  3610 D vision ls: teleOpWhileLoop: lsFront position 0
02-10 23:17:02.552  3038  3610 D trayAngle: com.qualcomm.robotcore.hardware.ServoImplEx@5669835tray10.083904266357422heading
02-10 23:17:02.560  3038  3610 D vision ls: teleOpWhileLoop: lsFront position 0
02-10 23:17:02.573  3038  3610 D trayAngle: com.qualcomm.robotcore.hardware.ServoImplEx@5669835tray10.721311569213867heading
02-10 23:17:02.585  3038  3610 D vision ls: teleOpWhileLoop: lsFront position 0
02-10 23:17:02.598  3038  3610 D trayAngle: com.qualcomm.robotcore.hardware.ServoImplEx@5669835tray11.68056583404541heading
02-10 23:17:02.611  3038  3610 D vision ls: teleOpWhileLoop: lsFront position 0
02-10 23:17:02.626  3038  3610 D trayAngle: com.qualcomm.robotcore.hardware.ServoImplEx@5669835tray13.181896209716797heading
02-10 23:17:02.633  3038  3610 D vision ls: teleOpWhileLoop: lsFront position 0
02-10 23:17:02.645  3038  3610 D trayAngle: com.qualcomm.robotcore.hardware.ServoImplEx@5669835tray14.247015953063965heading
02-10 23:17:02.656  3038  3610 D vision ls: teleOpWhileLoop: lsFront position 0
02-10 23:17:02.668  3038  3610 D trayAngle: com.qualcomm.robotcore.hardware.ServoImplEx@5669835tray15.632339477539062heading
02-10 23:17:02.674  3038  3610 D vision ls: teleOpWhileLoop: lsFront position 0
02-10 23:17:02.688  3038  3610 D trayAngle: com.qualcomm.robotcore.hardware.ServoImplEx@5669835tray16.93560791015625heading
02-10 23:17:02.698  3038  3610 D vision ls: teleOpWhileLoop: lsFront position 0
02-10 23:17:02.713  3038  3610 D trayAngle: com.qualcomm.robotcore.hardware.ServoImplEx@5669835tray18.5894718170166heading
02-10 23:17:02.720  3038  3610 D vision ls: teleOpWhileLoop: lsFront position 0
02-10 23:17:02.732  3038  3610 D trayAngle: com.qualcomm.robotcore.hardware.ServoImplEx@5669835tray20.089340209960938heading
02-10 23:17:02.738  3038  3610 D vision ls: teleOpWhileLoop: lsFront position 0
02-10 23:17:02.751  3038  3610 D trayAngle: com.qualcomm.robotcore.hardware.ServoImplEx@5669835tray21.56572151184082heading
02-10 23:17:02.758  3038  3610 D vision ls: teleOpWhileLoop: lsFront position 0
02-10 23:17:02.771  3038  3610 D trayAngle: com.qualcomm.robotcore.hardware.ServoImplEx@5669835tray23.33484649658203heading
02-10 23:17:02.782  3038  3610 D vision ls: teleOpWhileLoop: lsFront position 0
02-10 23:17:02.794  3038  3610 D trayAngle: com.qualcomm.robotcore.hardware.ServoImplEx@5669835tray25.4311580657959heading
02-10 23:17:02.802  3038  3610 D vision ls: teleOpWhileLoop: lsFront position 0
02-10 23:17:02.813  3038  3610 D trayAngle: com.qualcomm.robotcore.hardware.ServoImplEx@5669835tray27.113115310668945heading
02-10 23:17:02.847  3038  3610 D vision ls: teleOpWhileLoop: lsFront position 0
02-10 23:17:02.862  3038  3610 D trayAngle: com.qualcomm.robotcore.hardware.ServoImplEx@5669835tray31.68079376220703heading
02-10 23:17:02.875  3038  3610 D vision ls: teleOpWhileLoop: lsFront position 0
02-10 23:17:02.886  3038  3610 D trayAngle: com.qualcomm.robotcore.hardware.ServoImplEx@5669835tray33.83723831176758heading
02-10 23:17:02.912  3038  3610 D vision ls: teleOpWhileLoop: lsFront position 0
02-10 23:17:02.924  3038  3610 D trayAngle: com.qualcomm.robotcore.hardware.ServoImplEx@5669835tray37.73470687866211heading
02-10 23:17:02.934  3038  3610 D vision ls: teleOpWhileLoop: lsFront position 0
02-10 23:17:02.946  3038  3610 D trayAngle: com.qualcomm.robotcore.hardware.ServoImplEx@5669835tray39.87221145629883heading
02-10 23:17:02.952  3038  3610 D vision ls: teleOpWhileLoop: lsFront position 0
02-10 23:17:02.964  3038  3610 D trayAngle: com.qualcomm.robotcore.hardware.ServoImplEx@5669835tray41.773616790771484heading
02-10 23:17:02.971  3038  3610 D vision ls: teleOpWhileLoop: lsFront position 0
02-10 23:17:02.983  3038  3610 D trayAngle: com.qualcomm.robotcore.hardware.ServoImplEx@5669835tray43.54854965209961heading
02-10 23:17:02.989  3038  3610 D vision ls: teleOpWhileLoop: lsFront position 0
02-10 23:17:03.002  3038  3610 D trayAngle: com.qualcomm.robotcore.hardware.ServoImplEx@5669835tray45.43533706665039heading
02-10 23:17:03.025  3038  3610 D vision ls: teleOpWhileLoop: lsFront position 0
02-10 23:17:03.036  3038  3610 D trayAngle: com.qualcomm.robotcore.hardware.ServoImplEx@5669835tray49.12614822387695heading
02-10 23:17:03.048  3038  3610 D vision ls: teleOpWhileLoop: lsFront position 0
02-10 23:17:03.059  3038  3610 D trayAngle: com.qualcomm.robotcore.hardware.ServoImplEx@5669835tray51.44186782836914heading
02-10 23:17:03.066  3038  3610 D vision ls: teleOpWhileLoop: lsFront position 0
02-10 23:17:03.078  3038  3610 D trayAngle: com.qualcomm.robotcore.hardware.ServoImplEx@5669835tray53.33653259277344heading
02-10 23:17:03.088  3038  3610 D vision ls: teleOpWhileLoop: lsFront position 0
02-10 23:17:03.104  3038  3610 D trayAngle: com.qualcomm.robotcore.hardware.ServoImplEx@5669835tray55.83390426635742heading
02-10 23:17:03.111  3038  3610 D vision ls: teleOpWhileLoop: lsFront position 0
02-10 23:17:03.123  3038  3610 D trayAngle: com.qualcomm.robotcore.hardware.ServoImplEx@5669835tray58.02397155761719heading
02-10 23:17:03.134  3038  3610 D vision ls: teleOpWhileLoop: lsFront position 0
02-10 23:17:03.145  3038  3610 D trayAngle: com.qualcomm.robotcore.hardware.ServoImplEx@5669835tray60.02220153808594heading
02-10 23:17:03.153  3038  3610 D vision ls: teleOpWhileLoop: lsFront position 0
02-10 23:17:03.165  3038  3610 D trayAngle: com.qualcomm.robotcore.hardware.ServoImplEx@5669835tray61.62635803222656heading
02-10 23:17:03.175  3038  3610 D vision ls: teleOpWhileLoop: lsFront position 0
02-10 23:17:03.187  3038  3610 D trayAngle: com.qualcomm.robotcore.hardware.ServoImplEx@5669835tray63.31104278564453heading
02-10 23:17:03.194  3038  3610 D vision ls: teleOpWhileLoop: lsFront position 0
02-10 23:17:03.205  3038  3610 D trayAngle: com.qualcomm.robotcore.hardware.ServoImplEx@5669835tray64.42927551269531heading
02-10 23:17:03.215  3038  3610 D vision ls: teleOpWhileLoop: lsFront position 0
02-10 23:17:03.227  3038  3610 D trayAngle: com.qualcomm.robotcore.hardware.ServoImplEx@5669835tray65.28611755371094heading
02-10 23:17:03.234  3038  3610 D vision ls: teleOpWhileLoop: lsFront position 0
02-10 23:17:03.247  3038  3610 D trayAngle: com.qualcomm.robotcore.hardware.ServoImplEx@5669835tray65.8072280883789heading
02-10 23:17:03.257  3038  3610 D vision ls: teleOpWhileLoop: lsFront position 0
02-10 23:17:03.271  3038  3610 D trayAngle: com.qualcomm.robotcore.hardware.ServoImplEx@5669835tray66.38880920410156heading
02-10 23:17:03.279  3038  3610 D vision ls: teleOpWhileLoop: lsFront position 0
02-10 23:17:03.294  3038  3610 D trayAngle: com.qualcomm.robotcore.hardware.ServoImplEx@5669835tray66.81890106201172heading
02-10 23:17:03.304  3038  3610 D vision ls: teleOpWhileLoop: lsFront position 0
02-10 23:17:03.317  3038  3610 D trayAngle: com.qualcomm.robotcore.hardware.ServoImplEx@5669835tray67.26375579833984heading
02-10 23:17:03.352  3038  3610 D vision ls: teleOpWhileLoop: lsFront position 0
02-10 23:17:03.365  3038  3610 D trayAngle: com.qualcomm.robotcore.hardware.ServoImplEx@5669835tray67.9073486328125heading
02-10 23:17:03.380  3038  3610 D vision ls: teleOpWhileLoop: lsFront position 0
02-10 23:17:03.393  3038  3610 D trayAngle: com.qualcomm.robotcore.hardware.ServoImplEx@5669835tray68.13758087158203heading
02-10 23:17:03.407  3038  3610 D vision ls: teleOpWhileLoop: lsFront position 0
02-10 23:17:03.419  3038  3610 D trayAngle: com.qualcomm.robotcore.hardware.ServoImplEx@5669835tray68.3336410522461heading
02-10 23:17:03.440  3038  3610 D vision ls: teleOpWhileLoop: lsFront position 0
02-10 23:17:03.451  3038  3610 D trayAngle: com.qualcomm.robotcore.hardware.ServoImplEx@5669835tray68.54790496826172heading
02-10 23:17:03.460  3038  3610 D vision ls: teleOpWhileLoop: lsFront position 0
02-10 23:17:03.473  3038  3610 D trayAngle: com.qualcomm.robotcore.hardware.ServoImplEx@5669835tray68.6531982421875heading
02-10 23:17:03.481  3038  3610 D vision ls: teleOpWhileLoop: lsFront position 0
02-10 23:17:03.495  3038  3610 D trayAngle: com.qualcomm.robotcore.hardware.ServoImplEx@5669835tray68.6777114868164heading
02-10 23:17:03.502  3038  3610 D vision ls: teleOpWhileLoop: lsFront position 0
02-10 23:17:03.516  3038  3610 D trayAngle: com.qualcomm.robotcore.hardware.ServoImplEx@5669835tray68.78758239746094heading
02-10 23:17:03.525  3038  3610 D vision ls: teleOpWhileLoop: lsFront position 0
02-10 23:17:03.538  3038  3610 D trayAngle: com.qualcomm.robotcore.hardware.ServoImplEx@5669835tray68.937744140625heading
02-10 23:17:03.550  3038  3610 D vision ls: teleOpWhileLoop: lsFront position 0
02-10 23:17:03.564  3038  3610 D trayAngle: com.qualcomm.robotcore.hardware.ServoImplEx@5669835tray69.06214904785156heading
02-10 23:17:03.584  3038  3610 D vision ls: teleOpWhileLoop: lsFront position 0
02-10 23:17:03.596  3038  3610 D trayAngle: com.qualcomm.robotcore.hardware.ServoImplEx@5669835tray69.06704711914062heading
02-10 23:17:03.611  3038  3610 D vision ls: teleOpWhileLoop: lsFront position 0
02-10 23:17:03.623  3038  3610 D trayAngle: com.qualcomm.robotcore.hardware.ServoImplEx@5669835tray69.04745483398438heading
02-10 23:17:03.630  3038  3610 D vision ls: teleOpWhileLoop: lsFront position 0
02-10 23:17:03.643  3038  3610 D trayAngle: com.qualcomm.robotcore.hardware.ServoImplEx@5669835tray69.08277893066406heading
02-10 23:17:03.653  3038  3610 D vision ls: teleOpWhileLoop: lsFront position 0
02-10 23:17:03.664  3038  3610 D trayAngle: com.qualcomm.robotcore.hardware.ServoImplEx@5669835tray69.2214584350586heading
02-10 23:17:03.671  3038  3610 D vision ls: teleOpWhileLoop: lsFront position 0
02-10 23:17:03.682  3038  3610 D trayAngle: com.qualcomm.robotcore.hardware.ServoImplEx@5669835tray69.44120788574219heading
02-10 23:17:03.691  3038  3610 D vision ls: teleOpWhileLoop: lsFront position 0
02-10 23:17:03.704  3038  3610 D trayAngle: com.qualcomm.robotcore.hardware.ServoImplEx@5669835tray69.64653778076172heading
02-10 23:17:03.711  3038  3610 D vision ls: teleOpWhileLoop: lsFront position 0
02-10 23:17:03.723  3038  3610 D trayAngle: com.qualcomm.robotcore.hardware.ServoImplEx@5669835tray69.80137634277344heading
02-10 23:17:03.735  3038  3610 D vision ls: teleOpWhileLoop: lsFront position 0
02-10 23:17:03.747  3038  3610 D trayAngle: com.qualcomm.robotcore.hardware.ServoImplEx@5669835tray69.95467376708984heading
02-10 23:17:03.754  3038  3610 D vision ls: teleOpWhileLoop: lsFront position 0
02-10 23:17:03.767  3038  3610 D trayAngle: com.qualcomm.robotcore.hardware.ServoImplEx@5669835tray70.01385498046875heading
02-10 23:17:03.778  3038  3610 D vision ls: teleOpWhileLoop: lsFront position 0
02-10 23:17:03.791  3038  3610 D trayAngle: com.qualcomm.robotcore.hardware.ServoImplEx@5669835tray70.04322052001953heading
02-10 23:17:03.797  3038  3610 D vision ls: teleOpWhileLoop: lsFront position 0
02-10 23:17:03.811  3038  3610 D trayAngle: com.qualcomm.robotcore.hardware.ServoImplEx@5669835tray70.05857849121094heading
02-10 23:17:03.818  3038  3610 D vision ls: teleOpWhileLoop: lsFront position 0
02-10 23:17:03.832  3038  3610 D trayAngle: com.qualcomm.robotcore.hardware.ServoImplEx@5669835tray70.01856231689453heading
02-10 23:17:03.861  3038  3610 D vision ls: teleOpWhileLoop: lsFront position 0
02-10 23:17:03.876  3038  3610 D trayAngle: com.qualcomm.robotcore.hardware.ServoImplEx@5669835tray69.89418029785156heading
02-10 23:17:03.892  3038  3610 D vision ls: teleOpWhileLoop: lsFront position 0
02-10 23:17:03.905  3038  3610 D trayAngle: com.qualcomm.robotcore.hardware.ServoImplEx@5669835tray69.87449645996094heading
02-10 23:17:03.921  3038  3610 D vision ls: teleOpWhileLoop: lsFront position 0
02-10 23:17:03.932  3038  3610 D trayAngle: com.qualcomm.robotcore.hardware.ServoImplEx@5669835tray70.13334655761719heading
02-10 23:17:03.952  3038  3610 D vision ls: teleOpWhileLoop: lsFront position 0
02-10 23:17:03.964  3038  3610 D trayAngle: com.qualcomm.robotcore.hardware.ServoImplEx@5669835tray70.61127471923828heading
02-10 23:17:03.976  3038  3610 D vision ls: teleOpWhileLoop: lsFront position 0
02-10 23:17:03.989  3038  3610 D trayAngle: com.qualcomm.robotcore.hardware.ServoImplEx@5669835tray71.27334594726562heading
02-10 23:17:03.996  3038  3610 D vision ls: teleOpWhileLoop: lsFront position 0
02-10 23:17:04.009  3038  3610 D trayAngle: com.qualcomm.robotcore.hardware.ServoImplEx@5669835tray72.31707763671875heading
02-10 23:17:04.022  3038  3610 D vision ls: teleOpWhileLoop: lsFront position 0
02-10 23:17:04.037  3038  3610 D trayAngle: com.qualcomm.robotcore.hardware.ServoImplEx@5669835tray74.3078842163086heading
02-10 23:17:04.050  3038  3610 D vision ls: teleOpWhileLoop: lsFront position 0
02-10 23:17:04.060  3038  3610 D trayAngle: com.qualcomm.robotcore.hardware.ServoImplEx@5669835tray76.58876037597656heading
02-10 23:17:04.068  3038  3610 D vision ls: teleOpWhileLoop: lsFront position 0
02-10 23:17:04.080  3038  3610 D trayAngle: com.qualcomm.robotcore.hardware.ServoImplEx@5669835tray77.84630584716797heading
02-10 23:17:04.098  3038  3610 D vision ls: teleOpWhileLoop: lsFront position 0
02-10 23:17:04.111  3038  3610 D trayAngle: com.qualcomm.robotcore.hardware.ServoImplEx@5669835tray79.21736145019531heading
02-10 23:17:04.119  3038  3610 D vision ls: teleOpWhileLoop: lsFront position 0
02-10 23:17:04.133  3038  3610 D trayAngle: com.qualcomm.robotcore.hardware.ServoImplEx@5669835tray79.78137969970703heading
02-10 23:17:04.147  3038  3610 D vision ls: teleOpWhileLoop: lsFront position 0
02-10 23:17:04.159  3038  3610 D trayAngle: com.qualcomm.robotcore.hardware.ServoImplEx@5669835tray80.2705307006836heading
02-10 23:17:04.172  3038  3610 D vision ls: teleOpWhileLoop: lsFront position 0
02-10 23:17:04.183  3038  3610 D trayAngle: com.qualcomm.robotcore.hardware.ServoImplEx@5669835tray80.59192657470703heading
02-10 23:17:04.190  3038  3610 D vision ls: teleOpWhileLoop: lsFront position 0
02-10 23:17:04.200  3038  3610 D trayAngle: com.qualcomm.robotcore.hardware.ServoImplEx@5669835tray80.65116119384766heading
02-10 23:17:04.214  3038  3610 D vision ls: teleOpWhileLoop: lsFront position 0
02-10 23:17:04.228  3038  3610 D trayAngle: com.qualcomm.robotcore.hardware.ServoImplEx@5669835tray80.45812225341797heading
02-10 23:17:04.236  3038  3610 D vision ls: teleOpWhileLoop: lsFront position 0
02-10 23:17:04.249  3038  3610 D trayAngle: com.qualcomm.robotcore.hardware.ServoImplEx@5669835tray80.30979919433594heading
02-10 23:17:04.261  3038  3610 D vision ls: teleOpWhileLoop: lsFront position 0
02-10 23:17:04.275  3038  3610 D trayAngle: com.qualcomm.robotcore.hardware.ServoImplEx@5669835tray80.09758758544922heading
02-10 23:17:04.282  3038  3610 D vision ls: teleOpWhileLoop: lsFront position 0
02-10 23:17:04.296  3038  3610 D trayAngle: com.qualcomm.robotcore.hardware.ServoImplEx@5669835tray79.97486877441406heading
02-10 23:17:04.308  3038  3610 D vision ls: teleOpWhileLoop: lsFront position 0
02-10 23:17:04.320  3038  3610 D trayAngle: com.qualcomm.robotcore.hardware.ServoImplEx@5669835tray79.7575912475586heading
02-10 23:17:04.328  3038  3610 D vision ls: teleOpWhileLoop: lsFront position 0
02-10 23:17:04.340  3038  3610 D trayAngle: com.qualcomm.robotcore.hardware.ServoImplEx@5669835tray79.68336486816406heading
02-10 23:17:04.372  3038  3610 D vision ls: teleOpWhileLoop: lsFront position 0
02-10 23:17:04.385  3038  3610 D trayAngle: com.qualcomm.robotcore.hardware.ServoImplEx@5669835tray79.61376190185547heading
02-10 23:17:04.395  3038  3610 D vision ls: teleOpWhileLoop: lsFront position 0
02-10 23:17:04.405  3038  3610 D trayAngle: com.qualcomm.robotcore.hardware.ServoImplEx@5669835tray79.57902526855469heading
02-10 23:17:04.425  3038  3610 D vision ls: teleOpWhileLoop: lsFront position 0
02-10 23:17:04.437  3038  3610 D trayAngle: com.qualcomm.robotcore.hardware.ServoImplEx@5669835tray79.51463317871094heading
02-10 23:17:04.445  3038  3610 D vision ls: teleOpWhileLoop: lsFront position 0
02-10 23:17:04.459  3038  3610 D trayAngle: com.qualcomm.robotcore.hardware.ServoImplEx@5669835tray79.505126953125heading
02-10 23:17:04.482  3038  3610 D vision ls: teleOpWhileLoop: lsFront position 0
02-10 23:17:04.497  3038  3610 D trayAngle: com.qualcomm.robotcore.hardware.ServoImplEx@5669835tray79.48554992675781heading
02-10 23:17:04.509  3038  3610 D vision ls: teleOpWhileLoop: lsFront position 0
02-10 23:17:04.521  3038  3610 D trayAngle: com.qualcomm.robotcore.hardware.ServoImplEx@5669835tray79.36808776855469heading
02-10 23:17:04.530  3038  3610 D vision ls: teleOpWhileLoop: lsFront position 0
02-10 23:17:04.542  3038  3610 D trayAngle: com.qualcomm.robotcore.hardware.ServoImplEx@5669835tray79.23448944091797heading
02-10 23:17:04.549  3038  3610 D vision ls: teleOpWhileLoop: lsFront position 0
02-10 23:17:04.560  3038  3610 D trayAngle: com.qualcomm.robotcore.hardware.ServoImplEx@5669835tray79.15431213378906heading
02-10 23:17:04.571  3038  3610 D vision ls: teleOpWhileLoop: lsFront position 0
02-10 23:17:04.584  3038  3610 D trayAngle: com.qualcomm.robotcore.hardware.ServoImplEx@5669835tray79.44096374511719heading
02-10 23:17:04.590  3038  3610 D vision ls: teleOpWhileLoop: lsFront position 0
02-10 23:17:04.603  3038  3610 D trayAngle: com.qualcomm.robotcore.hardware.ServoImplEx@5669835tray80.05435943603516heading
02-10 23:17:04.621  3038  3610 D vision ls: teleOpWhileLoop: lsFront position 0
02-10 23:17:04.636  3038  3610 D trayAngle: com.qualcomm.robotcore.hardware.ServoImplEx@5669835tray81.64205169677734heading
02-10 23:17:04.647  3038  3610 D vision ls: teleOpWhileLoop: lsFront position 0
02-10 23:17:04.659  3038  3610 D trayAngle: com.qualcomm.robotcore.hardware.ServoImplEx@5669835tray83.0513916015625heading
02-10 23:17:04.666  3038  3610 D vision ls: teleOpWhileLoop: lsFront position 0
02-10 23:17:04.679  3038  3610 D trayAngle: com.qualcomm.robotcore.hardware.ServoImplEx@5669835tray84.55970001220703heading
02-10 23:17:04.691  3038  3610 D vision ls: teleOpWhileLoop: lsFront position 0
02-10 23:17:04.704  3038  3610 D trayAngle: com.qualcomm.robotcore.hardware.ServoImplEx@5669835tray86.70205688476562heading
02-10 23:17:04.710  3038  3610 D vision ls: teleOpWhileLoop: lsFront position 0
02-10 23:17:04.722  3038  3610 D trayAngle: com.qualcomm.robotcore.hardware.ServoImplEx@5669835tray88.607666015625heading
02-10 23:17:04.733  3038  3610 D vision ls: teleOpWhileLoop: lsFront position 0
02-10 23:17:04.744  3038  3610 D trayAngle: com.qualcomm.robotcore.hardware.ServoImplEx@5669835tray91.02638244628906heading
02-10 23:17:04.751  3038  3610 D vision ls: teleOpWhileLoop: lsFront position 0
02-10 23:17:04.763  3038  3610 D trayAngle: com.qualcomm.robotcore.hardware.ServoImplEx@5669835tray93.67613983154297heading
02-10 23:17:04.770  3038  3610 D vision ls: teleOpWhileLoop: lsFront position 0
02-10 23:17:04.782  3038  3610 D trayAngle: com.qualcomm.robotcore.hardware.ServoImplEx@5669835tray96.30572509765625heading
02-10 23:17:04.789  3038  3610 D vision ls: teleOpWhileLoop: lsFront position 0
02-10 23:17:04.801  3038  3610 D trayAngle: com.qualcomm.robotcore.hardware.ServoImplEx@5669835tray99.4214096069336heading
02-10 23:17:04.808  3038  3610 D vision ls: teleOpWhileLoop: lsFront position 0
02-10 23:17:04.819  3038  3610 D trayAngle: com.qualcomm.robotcore.hardware.ServoImplEx@5669835tray102.83203125heading
02-10 23:17:04.826  3038  3610 D vision ls: teleOpWhileLoop: lsFront position 0
02-10 23:17:04.837  3038  3610 D trayAngle: com.qualcomm.robotcore.hardware.ServoImplEx@5669835tray106.4449691772461heading
02-10 23:17:04.852  3038  3610 D vision ls: teleOpWhileLoop: lsFront position 0
02-10 23:17:04.868  3038  3610 D trayAngle: com.qualcomm.robotcore.hardware.ServoImplEx@5669835tray112.28705596923828heading
02-10 23:17:04.901  3038  3610 D vision ls: teleOpWhileLoop: lsFront position 0
02-10 23:17:04.913  3038  3610 D trayAngle: com.qualcomm.robotcore.hardware.ServoImplEx@5669835tray122.13593292236328heading
02-10 23:17:04.929  3038  3610 D vision ls: teleOpWhileLoop: lsFront position 0
02-10 23:17:04.940  3038  3610 D trayAngle: com.qualcomm.robotcore.hardware.ServoImplEx@5669835tray127.33970642089844heading
02-10 23:17:04.952  3038  3610 D vision ls: teleOpWhileLoop: lsFront position 0
02-10 23:17:04.967  3038  3610 D trayAngle: com.qualcomm.robotcore.hardware.ServoImplEx@5669835tray131.90655517578125heading
02-10 23:17:04.988  3038  3610 D vision ls: teleOpWhileLoop: lsFront position 0
02-10 23:17:05.002  3038  3610 D trayAngle: com.qualcomm.robotcore.hardware.ServoImplEx@5669835tray136.1942138671875heading
02-10 23:17:05.014  3038  3610 D vision ls: teleOpWhileLoop: lsFront position 0
02-10 23:17:05.028  3038  3610 D trayAngle: com.qualcomm.robotcore.hardware.ServoImplEx@5669835tray137.78358459472656heading
02-10 23:17:05.036  3038  3610 D vision ls: teleOpWhileLoop: lsFront position 0
02-10 23:17:05.051  3038  3610 D trayAngle: com.qualcomm.robotcore.hardware.ServoImplEx@5669835tray138.36656188964844heading
02-10 23:17:05.065  3038  3610 D vision ls: teleOpWhileLoop: lsFront position 0
02-10 23:17:05.085  3038  3610 D trayAngle: com.qualcomm.robotcore.hardware.ServoImplEx@5669835tray138.85690307617188heading
02-10 23:17:05.099  3038  3610 D vision ls: teleOpWhileLoop: lsFront position 0
02-10 23:17:05.117  3038  3610 D trayAngle: com.qualcomm.robotcore.hardware.ServoImplEx@5669835tray139.27615356445312heading
02-10 23:17:05.126  3038  3610 D vision ls: teleOpWhileLoop: lsFront position 0
02-10 23:17:05.140  3038  3610 D trayAngle: com.qualcomm.robotcore.hardware.ServoImplEx@5669835tray139.4903564453125heading
02-10 23:17:05.148  3038  3610 D vision ls: teleOpWhileLoop: lsFront position 0
02-10 23:17:05.160  3038  3610 D trayAngle: com.qualcomm.robotcore.hardware.ServoImplEx@5669835tray139.6010284423828heading
02-10 23:17:05.167  3038  3610 D vision ls: teleOpWhileLoop: lsFront position 0
02-10 23:17:05.177  3038  3610 D trayAngle: com.qualcomm.robotcore.hardware.ServoImplEx@5669835tray139.7690887451172heading
02-10 23:17:05.184  3038  3610 D vision ls: teleOpWhileLoop: lsFront position 0
02-10 23:17:05.195  3038  3610 D trayAngle: com.qualcomm.robotcore.hardware.ServoImplEx@5669835tray139.8589324951172heading
02-10 23:17:05.219  3038  3610 D vision ls: teleOpWhileLoop: lsFront position 0
02-10 23:17:05.230  3038  3610 D trayAngle: com.qualcomm.robotcore.hardware.ServoImplEx@5669835tray139.99327087402344heading
02-10 23:17:05.237  3038  3610 D vision ls: teleOpWhileLoop: lsFront position 0
02-10 23:17:05.249  3038  3610 D trayAngle: com.qualcomm.robotcore.hardware.ServoImplEx@5669835tray139.9960479736328heading
02-10 23:17:05.262  3038  3610 D vision ls: teleOpWhileLoop: lsFront position 0
02-10 23:17:05.275  3038  3610 D trayAngle: com.qualcomm.robotcore.hardware.ServoImplEx@5669835tray139.96533203125heading
02-10 23:17:05.282  3038  3610 D vision ls: teleOpWhileLoop: lsFront position 0
02-10 23:17:05.295  3038  3610 D trayAngle: com.qualcomm.robotcore.hardware.ServoImplEx@5669835tray139.653564453125heading
02-10 23:17:05.308  3038  3610 D vision ls: teleOpWhileLoop: lsFront position 0
02-10 23:17:05.323  3038  3610 D trayAngle: com.qualcomm.robotcore.hardware.ServoImplEx@5669835tray138.548095703125heading
02-10 23:17:05.336  3038  3610 D vision ls: teleOpWhileLoop: lsFront position 0
02-10 23:17:05.349  3038  3610 D trayAngle: com.qualcomm.robotcore.hardware.ServoImplEx@5669835tray136.63104248046875heading
02-10 23:17:05.356  3038  3610 D vision ls: teleOpWhileLoop: lsFront position 0
02-10 23:17:05.370  3038  3610 D trayAngle: com.qualcomm.robotcore.hardware.ServoImplEx@5669835tray134.7906951904297heading
02-10 23:17:05.410  3038  3610 D vision ls: teleOpWhileLoop: lsFront position 0
02-10 23:17:05.424  3038  3610 D trayAngle: com.qualcomm.robotcore.hardware.ServoImplEx@5669835tray127.61869049072266heading
02-10 23:17:05.448  3038  3610 D vision ls: teleOpWhileLoop: lsFront position 0
02-10 23:17:05.463  3038  3610 D trayAngle: com.qualcomm.robotcore.hardware.ServoImplEx@5669835tray83.46261596679688heading
02-10 23:17:05.477  3038  3610 D vision ls: teleOpWhileLoop: lsFront position 0
02-10 23:17:05.491  3038  3610 D trayAngle: com.qualcomm.robotcore.hardware.ServoImplEx@5669835tray83.46261596679688heading
02-10 23:17:05.513  3038  3610 D vision ls: teleOpWhileLoop: lsFront position 0
02-10 23:17:05.527  3038  3610 D trayAngle: com.qualcomm.robotcore.hardware.ServoImplEx@5669835tray83.46261596679688heading
02-10 23:17:05.540  3038  3610 D vision ls: teleOpWhileLoop: lsFront position 0
02-10 23:17:05.551  3038  3610 D trayAngle: com.qualcomm.robotcore.hardware.ServoImplEx@5669835tray83.46261596679688heading
02-10 23:17:05.560  3038  3610 D vision ls: teleOpWhileLoop: lsFront position 0
02-10 23:17:05.573  3038  3610 D trayAngle: com.qualcomm.robotcore.hardware.ServoImplEx@5669835tray83.46261596679688heading
02-10 23:17:05.581  3038  3610 D vision ls: teleOpWhileLoop: lsFront position 0
02-10 23:17:05.594  3038  3610 D trayAngle: com.qualcomm.robotcore.hardware.ServoImplEx@5669835tray83.46261596679688heading
02-10 23:17:05.602  3038  3610 D vision ls: teleOpWhileLoop: lsFront position 0
02-10 23:17:05.615  3038  3610 D trayAngle: com.qualcomm.robotcore.hardware.ServoImplEx@5669835tray83.46261596679688heading
02-10 23:17:05.625  3038  3610 D vision ls: teleOpWhileLoop: lsFront position 0
02-10 23:17:05.640  3038  3610 D trayAngle: com.qualcomm.robotcore.hardware.ServoImplEx@5669835tray83.46261596679688heading
02-10 23:17:05.649  3038  3610 D vision ls: teleOpWhileLoop: lsFront position 0
02-10 23:17:05.663  3038  3610 D trayAngle: com.qualcomm.robotcore.hardware.ServoImplEx@5669835tray83.46261596679688heading
02-10 23:17:05.670  3038  3610 D vision ls: teleOpWhileLoop: lsFront position 0
02-10 23:17:05.683  3038  3610 D trayAngle: com.qualcomm.robotcore.hardware.ServoImplEx@5669835tray83.46261596679688heading
02-10 23:17:05.690  3038  3610 D vision ls: teleOpWhileLoop: lsFront position 0
02-10 23:17:05.702  3038  3610 D trayAngle: com.qualcomm.robotcore.hardware.ServoImplEx@5669835tray83.46261596679688heading
02-10 23:17:05.709  3038  3610 D vision ls: teleOpWhileLoop: lsFront position 0
02-10 23:17:05.720  3038  3610 D trayAngle: com.qualcomm.robotcore.hardware.ServoImplEx@5669835tray83.46261596679688heading
02-10 23:17:05.728  3038  3610 D vision ls: teleOpWhileLoop: lsFront position 0
02-10 23:17:05.739  3038  3610 D trayAngle: com.qualcomm.robotcore.hardware.ServoImplEx@5669835tray83.46261596679688heading
02-10 23:17:05.746  3038  3610 D vision ls: teleOpWhileLoop: lsFront position 0
02-10 23:17:05.758  3038  3610 D trayAngle: com.qualcomm.robotcore.hardware.ServoImplEx@5669835tray83.46261596679688heading
02-10 23:17:05.765  3038  3610 D vision ls: teleOpWhileLoop: lsFront position 0
02-10 23:17:05.776  3038  3610 D trayAngle: com.qualcomm.robotcore.hardware.ServoImplEx@5669835tray83.46261596679688heading
02-10 23:17:05.783  3038  3610 D vision ls: teleOpWhileLoop: lsFront position 0
02-10 23:17:05.795  3038  3610 D trayAngle: com.qualcomm.robotcore.hardware.ServoImplEx@5669835tray83.46261596679688heading
02-10 23:17:05.802  3038  3610 D vision ls: teleOpWhileLoop: lsFront position 0
02-10 23:17:05.813  3038  3610 D trayAngle: com.qualcomm.robotcore.hardware.ServoImplEx@5669835tray83.46261596679688heading
02-10 23:17:05.831  3038  3610 D vision ls: teleOpWhileLoop: lsFront position 0
02-10 23:17:05.843  3038  3610 D trayAngle: com.qualcomm.robotcore.hardware.ServoImplEx@5669835tray83.46261596679688heading
02-10 23:17:05.854  3038  3610 D vision ls: teleOpWhileLoop: lsFront position 0
02-10 23:17:05.866  3038  3610 D trayAngle: com.qualcomm.robotcore.hardware.ServoImplEx@5669835tray83.46261596679688heading
02-10 23:17:05.873  3038  3610 D vision ls: teleOpWhileLoop: lsFront position 0
02-10 23:17:05.885  3038  3610 D trayAngle: com.qualcomm.robotcore.hardware.ServoImplEx@5669835tray83.46261596679688heading
02-10 23:17:05.922  3038  3610 D vision ls: teleOpWhileLoop: lsFront position 0
02-10 23:17:05.937  3038  3610 D trayAngle: com.qualcomm.robotcore.hardware.ServoImplEx@5669835tray83.46261596679688heading
02-10 23:17:05.959  3038  3610 D vision ls: teleOpWhileLoop: lsFront position 0
02-10 23:17:05.974  3038  3610 D trayAngle: com.qualcomm.robotcore.hardware.ServoImplEx@5669835tray83.46261596679688heading
02-10 23:17:05.988  3038  3610 D vision ls: teleOpWhileLoop: lsFront position 0
02-10 23:17:06.001  3038  3610 D trayAngle: com.qualcomm.robotcore.hardware.ServoImplEx@5669835tray83.46261596679688heading
02-10 23:17:06.025  3038  3610 D vision ls: teleOpWhileLoop: lsFront position 0
02-10 23:17:06.040  3038  3610 D trayAngle: com.qualcomm.robotcore.hardware.ServoImplEx@5669835tray83.46261596679688heading
02-10 23:17:06.052  3038  3610 D vision ls: teleOpWhileLoop: lsFront position 0
02-10 23:17:06.058  3038  3610 W BHI260IMU: getRobotOrientationAsQuaternion(): Failed to retrieve valid quaternion from IMU. Returning the identity quaternion.
02-10 23:17:06.058  3038  3610 D imu crash: getCurrentHeading: acquisition time is 0
02-10 23:17:06.165  3038  3610 W BHI260IMU: getRobotOrientationAsQuaternion(): Failed to retrieve valid quaternion from IMU. Returning the identity quaternion.
02-10 23:17:06.166  3038  3610 D imu crash: getCurrentHeading: acquisition time is 0
02-10 23:17:06.272  3038  3610 W BHI260IMU: getRobotOrientationAsQuaternion(): Failed to retrieve valid quaternion from IMU. Returning the identity quaternion.
02-10 23:17:06.272  3038  3610 D imu crash: getCurrentHeading: acquisition time is 0
02-10 23:17:06.379  3038  3610 W BHI260IMU: getRobotOrientationAsQuaternion(): Failed to retrieve valid quaternion from IMU. Returning the identity quaternion.
02-10 23:17:06.380  3038  3610 D imu crash: getCurrentHeading: acquisition time is 0
02-10 23:17:06.487  3038  3610 W BHI260IMU: getRobotOrientationAsQuaternion(): Failed to retrieve valid quaternion from IMU. Returning the identity quaternion.
02-10 23:17:06.488  3038  3610 D imu crash: getCurrentHeading: acquisition time is 0
02-10 23:17:06.595  3038  3610 W BHI260IMU: getRobotOrientationAsQuaternion(): Failed to retrieve valid quaternion from IMU. Returning the identity quaternion.
02-10 23:17:06.595  3038  3610 D imu crash: getCurrentHeading: acquisition time is 0
02-10 23:17:06.702  3038  3610 W BHI260IMU: getRobotOrientationAsQuaternion(): Failed to retrieve valid quaternion from IMU. Returning the identity quaternion.
02-10 23:17:06.702  3038  3610 D imu crash: getCurrentHeading: acquisition time is 0
02-10 23:17:06.808  3038  3610 W BHI260IMU: getRobotOrientationAsQuaternion(): Failed to retrieve valid quaternion from IMU. Returning the identity quaternion.
02-10 23:17:06.809  3038  3610 D imu crash: getCurrentHeading: acquisition time is 0
02-10 23:17:06.915  3038  3610 W BHI260IMU: getRobotOrientationAsQuaternion(): Failed to retrieve valid quaternion from IMU. Returning the identity quaternion.
02-10 23:17:06.916  3038  3610 D imu crash: getCurrentHeading: acquisition time is 0
02-10 23:17:07.024  3038  3610 W BHI260IMU: getRobotOrientationAsQuaternion(): Failed to retrieve valid quaternion from IMU. Returning the identity quaternion.
02-10 23:17:07.024  3038  3610 D imu crash: getCurrentHeading: acquisition time is 0
02-10 23:17:07.133  3038  3610 W BHI260IMU: getRobotOrientationAsQuaternion(): Failed to retrieve valid quaternion from IMU. Returning the identity quaternion.
02-10 23:17:07.133  3038  3610 D imu crash: getCurrentHeading: acquisition time is 0
02-10 23:17:07.240  3038  3610 W BHI260IMU: getRobotOrientationAsQuaternion(): Failed to retrieve valid quaternion from IMU. Returning the identity quaternion.
02-10 23:17:07.241  3038  3610 D imu crash: getCurrentHeading: acquisition time is 0
02-10 23:17:07.347  3038  3610 W BHI260IMU: getRobotOrientationAsQuaternion(): Failed to retrieve valid quaternion from IMU. Returning the identity quaternion.
02-10 23:17:07.348  3038  3610 D imu crash: getCurrentHeading: acquisition time is 0
02-10 23:17:07.454  3038  3610 W BHI260IMU: getRobotOrientationAsQuaternion(): Failed to retrieve valid quaternion from IMU. Returning the identity quaternion.
02-10 23:17:07.455  3038  3610 D imu crash: getCurrentHeading: acquisition time is 0
02-10 23:17:07.563  3038  3610 W BHI260IMU: getRobotOrientationAsQuaternion(): Failed to retrieve valid quaternion from IMU. Returning the identity quaternion.
02-10 23:17:07.563  3038  3610 D imu crash: getCurrentHeading: acquisition time is 0
02-10 23:17:07.670  3038  3610 W BHI260IMU: getRobotOrientationAsQuaternion(): Failed to retrieve valid quaternion from IMU. Returning the identity quaternion.
02-10 23:17:07.671  3038  3610 D imu crash: getCurrentHeading: acquisition time is 0
02-10 23:17:07.777  3038  3610 W BHI260IMU: getRobotOrientationAsQuaternion(): Failed to retrieve valid quaternion from IMU. Returning the identity quaternion.
02-10 23:17:07.778  3038  3610 D imu crash: getCurrentHeading: acquisition time is 0
02-10 23:17:07.801  3038  3133 V Robocol : received command: CMD_INIT_OP_MODE(16470) $Stop$Robot$
02-10 23:17:07.822  3038  3610 E LynxI2cDeviceSynch: placeholder: readTimestamped
02-10 23:17:07.824  3038  3610 W BHI260IMU: getRobotOrientationAsQuaternion(): Failed to retrieve valid quaternion from IMU. Returning the identity quaternion.
02-10 23:17:07.828  3038  3610 W BHI260IMU: getRobotOrientationAsQuaternion(): Failed to retrieve valid quaternion from IMU. Returning the identity quaternion.
02-10 23:17:07.828  3038  3610 D trayAngle: com.qualcomm.robotcore.hardware.ServoImplEx@5669835tray-0.0heading
02-10 23:17:07.830  3038  3610 D RobotCore: User runOpModeMethod exited
02-10 23:17:07.830  3038  3610 V RobotCore: thread: ...terminating 'OpModeThread'
02-10 23:17:07.836  3038  3165 I RobotCore: Attempting to switch to OpMode $Stop$Robot$
02-10 23:17:07.837  3038  3165 I RobotCore: ******************** STOP - OPMODE /storage/emulated/0/FIRST/matchlogs/Match-0-RedTeleOp.txt ********************
02-10 23:17:07.849  3038  3165 D HardwareMap: Clearing which device instances have been retrieved
02-10 23:17:07.849  3038  3613 I RobotCore: saving match logcat to /storage/emulated/0/FIRST/matchlogs/Match-0-RedTeleOp.txt
02-10 23:17:07.849  3038  3613 I RobotCore: logging command line: exec logcat -d -T '2-10 23:16:57.000' -f '/storage/emulated/0/FIRST/matchlogs/Match-0-RedTeleOp.txt' -n4 -v threadtime UsbRequestJNI:S UsbRequest:S art:W ThreadPool:W System:W ExtendedExtractor:W OMXClient:W MediaPlayer:W dalvikvm:W  *:V
02-10 23:17:07.853  3038  3615 V RobotCore: thread: 'OpModeThread' starting...
02-10 23:17:07.886  3038  3136 V Robocol : sending CMD_NOTIFY_INIT_OP_MODE(41556), attempt: 0
02-10 23:17:07.886  3038  3136 V Robocol : sending CMD_NOTIFY_RUN_OP_MODE(41557), attempt: 0
02-10 23:17:07.989  3038  3613 I RobotCore: Done running exec logcat -d -T '2-10 23:16:57.000' -f '/storage/emulated/0/FIRST/matchlogs/Match-0-RedTeleOp.txt' -n4 -v threadtime UsbRequestJNI:S UsbRequest:S art:W ThreadPool:W System:W ExtendedExtractor:W OMXClient:W MediaPlayer:W dalvikvm:W  *:V
02-10 23:17:07.989  3038  3613 I RobotCore: exiting match logcat for /storage/emulated/0/FIRST/matchlogs/Match-0-RedTeleOp.txt
02-10 23:17:08.280  3038  3133 V Robocol : received command: CMD_SET_MATCH_NUMBER(16492) 0
02-10 23:17:08.282  3038  3133 V Robocol : received command: CMD_INIT_OP_MODE(16493) RedTeleOp
02-10 23:17:08.318  3038  3615 V RobotCore: thread: ...terminating 'OpModeThread'
02-10 23:17:08.321  3038  3165 I RobotCore: Attempting to switch to OpMode RedTeleOp
02-10 23:17:08.327  3038  3165 I RobotCore: ******************** START - OPMODE RedTeleOp ********************
02-10 23:17:08.493  3038  3165 D HardwareMap: Clearing which device instances have been retrieved
02-10 23:17:08.499  3038  3617 V RobotCore: thread: 'OpModeThread' starting...
02-10 23:17:08.500  3038  3617 D AprilTagDetectorJNI: Creating 36h11 tag family
02-10 23:17:08.500  3038  3617 D AprilTagDetectorJNI: Initializing april tag detector
02-10 23:17:08.526  3038  3136 V Robocol : sending CMD_NOTIFY_INIT_OP_MODE(41588), attempt: 0
02-10 23:17:08.680  3038  3617 I I2C     : Automatically initializing I2C device BHI260IMU (BHI260 IMU on USB (embedded); module 173; bus 0; addr7=0x28)
02-10 23:17:08.682  3038  3617 V BHI260IMU: Suppressing I2C warnings while we check for a BHI260AP IMU
02-10 23:17:08.684  3038  3617 V BHI260IMU: Found BHI260AP IMU
02-10 23:17:08.698  3038  3617 D BHI260IMU: Firmware version: 20
02-10 23:17:08.714  3038  3617 V BHI260IMU: Suppressing I2C warnings while we check for a BHI260AP IMU
02-10 23:17:08.717  3038  3617 V BHI260IMU: Found BHI260AP IMU
02-10 23:17:08.730  3038  3617 D BHI260IMU: Firmware version: 20
02-10 23:17:08.760  3038  3133 V Robocol : received command: CMD_RUN_OP_MODE(16508) RedTeleOp
02-10 23:17:08.806  3038  3136 V Robocol : sending CMD_NOTIFY_RUN_OP_MODE(41596), attempt: 0
02-10 23:17:09.510  3038  3617 D vision ls: teleOpWhileLoop: lsFront position 0
02-10 23:17:09.527  3038  3617 D trayAngle: com.qualcomm.robotcore.hardware.ServoImplEx@5669835tray83.98060607910156heading
02-10 23:17:09.543  3038  3617 D vision ls: teleOpWhileLoop: lsFront position 0
02-10 23:17:09.558  3038  3617 D trayAngle: com.qualcomm.robotcore.hardware.ServoImplEx@5669835tray87.43437957763672heading
02-10 23:17:09.573  3038  3617 D vision ls: teleOpWhileLoop: lsFront position 0
02-10 23:17:09.584  3038  3617 D trayAngle: com.qualcomm.robotcore.hardware.ServoImplEx@5669835tray91.3322982788086heading
02-10 23:17:09.592  3038  3617 D vision ls: teleOpWhileLoop: lsFront position 0
02-10 23:17:09.604  3038  3617 D trayAngle: com.qualcomm.robotcore.hardware.ServoImplEx@5669835tray94.17918395996094heading
02-10 23:17:09.619  3038  3617 D vision ls: teleOpWhileLoop: lsFront position 0
02-10 23:17:09.633  3038  3617 D trayAngle: com.qualcomm.robotcore.hardware.ServoImplEx@5669835tray97.92655944824219heading
02-10 23:17:09.644  3038  3617 D vision ls: teleOpWhileLoop: lsFront position 0
02-10 23:17:09.656  3038  3617 D trayAngle: com.qualcomm.robotcore.hardware.ServoImplEx@5669835tray99.90800476074219heading
02-10 23:17:09.664  3038  3617 D vision ls: teleOpWhileLoop: lsFront position 0
02-10 23:17:09.675  3038  3617 D trayAngle: com.qualcomm.robotcore.hardware.ServoImplEx@5669835tray100.61300659179688heading
02-10 23:17:09.684  3038  3617 D vision ls: teleOpWhileLoop: lsFront position 0
02-10 23:17:09.696  3038  3617 D trayAngle: com.qualcomm.robotcore.hardware.ServoImplEx@5669835tray100.82304382324219heading
02-10 23:17:09.704  3038  3617 D vision ls: teleOpWhileLoop: lsFront position 0
02-10 23:17:09.715  3038  3617 D trayAngle: com.qualcomm.robotcore.hardware.ServoImplEx@5669835tray100.8031997680664heading
02-10 23:17:09.724  3038  3617 D vision ls: teleOpWhileLoop: lsFront position 0
02-10 23:17:09.736  3038  3617 D trayAngle: com.qualcomm.robotcore.hardware.ServoImplEx@5669835tray100.69347381591797heading
02-10 23:17:09.743  3038  3617 D vision ls: teleOpWhileLoop: lsFront position 0
02-10 23:17:09.756  3038  3617 D trayAngle: com.qualcomm.robotcore.hardware.ServoImplEx@5669835tray100.51797485351562heading
02-10 23:17:09.770  3038  3617 D vision ls: teleOpWhileLoop: lsFront position 0
02-10 23:17:09.783  3038  3617 D trayAngle: com.qualcomm.robotcore.hardware.ServoImplEx@5669835tray100.35830688476562heading
02-10 23:17:09.790  3038  3617 D vision ls: teleOpWhileLoop: lsFront position 0
02-10 23:17:09.802  3038  3617 D trayAngle: com.qualcomm.robotcore.hardware.ServoImplEx@5669835tray100.60799407958984heading
02-10 23:17:09.813  3038  3617 D vision ls: teleOpWhileLoop: lsFront position 0
02-10 23:17:09.825  3038  3617 D trayAngle: com.qualcomm.robotcore.hardware.ServoImplEx@5669835tray101.80978393554688heading
02-10 23:17:09.832  3038  3617 D vision ls: teleOpWhileLoop: lsFront position 0
02-10 23:17:09.844  3038  3617 D trayAngle: com.qualcomm.robotcore.hardware.ServoImplEx@5669835tray103.52078247070312heading
02-10 23:17:09.851  3038  3617 D vision ls: teleOpWhileLoop: lsFront position 0
02-10 23:17:09.863  3038  3617 D trayAngle: com.qualcomm.robotcore.hardware.ServoImplEx@5669835tray105.69877624511719heading
02-10 23:17:09.870  3038  3617 D vision ls: teleOpWhileLoop: lsFront position 0
02-10 23:17:09.882  3038  3617 D trayAngle: com.qualcomm.robotcore.hardware.ServoImplEx@5669835tray108.35240173339844heading
02-10 23:17:09.889  3038  3617 D vision ls: teleOpWhileLoop: lsFront position 0
02-10 23:17:09.900  3038  3617 D trayAngle: com.qualcomm.robotcore.hardware.ServoImplEx@5669835tray111.35535430908203heading
02-10 23:17:09.907  3038  3617 D vision ls: teleOpWhileLoop: lsFront position 0
02-10 23:17:09.917  3038  3617 D trayAngle: com.qualcomm.robotcore.hardware.ServoImplEx@5669835tray114.43531799316406heading
02-10 23:17:09.929  3038  3617 D vision ls: teleOpWhileLoop: lsFront position 0
02-10 23:17:09.940  3038  3617 D trayAngle: com.qualcomm.robotcore.hardware.ServoImplEx@5669835tray118.64923095703125heading
02-10 23:17:09.968  3038  3617 D vision ls: teleOpWhileLoop: lsFront position 0
02-10 23:17:09.980  3038  3617 D trayAngle: com.qualcomm.robotcore.hardware.ServoImplEx@5669835tray125.90031433105469heading
02-10 23:17:10.024  3038  3617 D vision ls: teleOpWhileLoop: lsFront position 0
02-10 23:17:10.037  3038  3617 D trayAngle: com.qualcomm.robotcore.hardware.ServoImplEx@5669835tray134.3751983642578heading
02-10 23:17:10.047  3038  3617 D vision ls: teleOpWhileLoop: lsFront position 0
02-10 23:17:10.059  3038  3617 D trayAngle: com.qualcomm.robotcore.hardware.ServoImplEx@5669835tray136.24075317382812heading
02-10 23:17:10.067  3038  3617 D vision ls: teleOpWhileLoop: lsFront position 0
02-10 23:17:10.077  3038  3617 D trayAngle: com.qualcomm.robotcore.hardware.ServoImplEx@5669835tray136.86474609375heading
02-10 23:17:10.085  3038  3617 D vision ls: teleOpWhileLoop: lsFront position 0
02-10 23:17:10.101  3038  3617 D trayAngle: com.qualcomm.robotcore.hardware.ServoImplEx@5669835tray137.0246124267578heading
02-10 23:17:10.108  3038  3617 D vision ls: teleOpWhileLoop: lsFront position 0
02-10 23:17:10.124  3038  3617 D trayAngle: com.qualcomm.robotcore.hardware.ServoImplEx@5669835tray136.98077392578125heading
02-10 23:17:10.131  3038  3617 D vision ls: teleOpWhileLoop: lsFront position 0
