02-10 23:16:25.227  3038  3588 D vision ls: teleOpWhileLoop: lsFront position 2695
02-10 23:16:25.241  3038  3588 D trayAngle: com.qualcomm.robotcore.hardware.ServoImplEx@5669835tray132.49130249023438heading
02-10 23:16:25.253  3038  3588 D vision ls: teleOpWhileLoop: lsFront position 2695
02-10 23:16:25.266  3038  3588 D trayAngle: com.qualcomm.robotcore.hardware.ServoImplEx@5669835tray132.49130249023438heading
02-10 23:16:25.277  3038  3588 D vision ls: teleOpWhileLoop: lsFront position 2695
02-10 23:16:25.289  3038  3588 D trayAngle: com.qualcomm.robotcore.hardware.ServoImplEx@5669835tray132.4914093017578heading
02-10 23:16:25.302  3038  3588 D vision ls: teleOpWhileLoop: lsFront position 2695
02-10 23:16:25.315  3038  3588 D trayAngle: com.qualcomm.robotcore.hardware.ServoImplEx@5669835tray132.4890594482422heading
02-10 23:16:25.344  3038  3588 D vision ls: teleOpWhileLoop: lsFront position 2695
02-10 23:16:25.364  3038  3588 D trayAngle: com.qualcomm.robotcore.hardware.ServoImplEx@5669835tray132.48887634277344heading
02-10 23:16:25.386  3038  3588 D vision ls: teleOpWhileLoop: lsFront position 2695
02-10 23:16:25.397  3038  3588 D trayAngle: com.qualcomm.robotcore.hardware.ServoImplEx@5669835tray132.49343872070312heading
02-10 23:16:25.407  3038  3588 D vision ls: teleOpWhileLoop: lsFront position 2695
02-10 23:16:25.417  3038  3588 D trayAngle: com.qualcomm.robotcore.hardware.ServoImplEx@5669835tray132.49365234375heading
02-10 23:16:25.432  3038  3588 D vision ls: teleOpWhileLoop: lsFront position 2695
02-10 23:16:25.443  3038  3588 D trayAngle: com.qualcomm.robotcore.hardware.ServoImplEx@5669835tray132.49366760253906heading
02-10 23:16:25.455  3038  3588 D vision ls: teleOpWhileLoop: lsFront position 2695
02-10 23:16:25.470  3038  3588 D trayAngle: com.qualcomm.robotcore.hardware.ServoImplEx@5669835tray132.48704528808594heading
02-10 23:16:25.482  3038  3588 D vision ls: teleOpWhileLoop: lsFront position 2695
02-10 23:16:25.493  3038  3588 D trayAngle: com.qualcomm.robotcore.hardware.ServoImplEx@5669835tray132.47584533691406heading
02-10 23:16:25.505  3038  3588 D vision ls: teleOpWhileLoop: lsFront position 2695
02-10 23:16:25.515  3038  3588 D trayAngle: com.qualcomm.robotcore.hardware.ServoImplEx@5669835tray132.4732666015625heading
02-10 23:16:25.526  3038  3588 D vision ls: teleOpWhileLoop: lsFront position 2695
02-10 23:16:25.537  3038  3588 D trayAngle: com.qualcomm.robotcore.hardware.ServoImplEx@5669835tray132.48231506347656heading
02-10 23:16:25.547  3038  3588 D vision ls: teleOpWhileLoop: lsFront position 2695
02-10 23:16:25.559  3038  3588 D trayAngle: com.qualcomm.robotcore.hardware.ServoImplEx@5669835tray132.4756622314453heading
02-10 23:16:25.570  3038  3588 D vision ls: teleOpWhileLoop: lsFront position 2695
02-10 23:16:25.583  3038  3588 D trayAngle: com.qualcomm.robotcore.hardware.ServoImplEx@5669835tray132.48239135742188heading
02-10 23:16:25.594  3038  3588 D vision ls: teleOpWhileLoop: lsFront position 2695
02-10 23:16:25.607  3038  3588 D trayAngle: com.qualcomm.robotcore.hardware.ServoImplEx@5669835tray132.48255920410156heading
02-10 23:16:25.617  3038  3588 D vision ls: teleOpWhileLoop: lsFront position 2695
02-10 23:16:25.630  3038  3588 D trayAngle: com.qualcomm.robotcore.hardware.ServoImplEx@5669835tray132.47808837890625heading
02-10 23:16:25.642  3038  3588 D vision ls: teleOpWhileLoop: lsFront position 2695
02-10 23:16:25.659  3038  3588 D trayAngle: com.qualcomm.robotcore.hardware.ServoImplEx@5669835tray132.47796630859375heading
02-10 23:16:25.673  3038  3588 D vision ls: teleOpWhileLoop: lsFront position 2695
02-10 23:16:25.686  3038  3588 D trayAngle: com.qualcomm.robotcore.hardware.ServoImplEx@5669835tray132.4713134765625heading
02-10 23:16:25.700  3038  3588 D vision ls: teleOpWhileLoop: lsFront position 2695
02-10 23:16:25.710  3038  3588 D trayAngle: com.qualcomm.robotcore.hardware.ServoImplEx@5669835tray132.4733123779297heading
02-10 23:16:25.722  3038  3588 D vision ls: teleOpWhileLoop: lsFront position 2695
02-10 23:16:25.734  3038  3588 D trayAngle: com.qualcomm.robotcore.hardware.ServoImplEx@5669835tray132.4713134765625heading
02-10 23:16:25.744  3038  3588 D vision ls: teleOpWhileLoop: lsFront position 2695
02-10 23:16:25.755  3038  3588 D trayAngle: com.qualcomm.robotcore.hardware.ServoImplEx@5669835tray132.47146606445312heading
02-10 23:16:25.764  3038  3588 D vision ls: teleOpWhileLoop: lsFront position 2695
02-10 23:16:25.776  3038  3588 D trayAngle: com.qualcomm.robotcore.hardware.ServoImplEx@5669835tray132.47149658203125heading
02-10 23:16:25.786  3038  3588 D vision ls: teleOpWhileLoop: lsFront position 2695
02-10 23:16:25.798  3038  3588 D trayAngle: com.qualcomm.robotcore.hardware.ServoImplEx@5669835tray132.46485900878906heading
02-10 23:16:25.808  3038  3588 D vision ls: teleOpWhileLoop: lsFront position 2695
02-10 23:16:25.820  3038  3588 D trayAngle: com.qualcomm.robotcore.hardware.ServoImplEx@5669835tray132.4668731689453heading
02-10 23:16:25.843  3038  3588 D vision ls: teleOpWhileLoop: lsFront position 2695
02-10 23:16:25.855  3038  3588 D trayAngle: com.qualcomm.robotcore.hardware.ServoImplEx@5669835tray132.46475219726562heading
02-10 23:16:25.865  3038  3588 D vision ls: teleOpWhileLoop: lsFront position 2695
02-10 23:16:25.876  3038  3588 D trayAngle: com.qualcomm.robotcore.hardware.ServoImplEx@5669835tray132.4668731689453heading
02-10 23:16:25.896  3038  3588 D vision ls: teleOpWhileLoop: lsFront position 2695
02-10 23:16:25.907  3038  3588 D trayAngle: com.qualcomm.robotcore.hardware.ServoImplEx@5669835tray132.46495056152344heading
02-10 23:16:25.918  3038  3588 D vision ls: teleOpWhileLoop: lsFront position 2695
02-10 23:16:25.930  3038  3588 D trayAngle: com.qualcomm.robotcore.hardware.ServoImplEx@5669835tray132.46246337890625heading
02-10 23:16:25.951  3038  3588 D vision ls: teleOpWhileLoop: lsFront position 2695
02-10 23:16:25.962  3038  3588 D trayAngle: com.qualcomm.robotcore.hardware.ServoImplEx@5669835tray132.4603729248047heading
02-10 23:16:25.976  3038  3588 D vision ls: teleOpWhileLoop: lsFront position 2695
02-10 23:16:25.988  3038  3588 D trayAngle: com.qualcomm.robotcore.hardware.ServoImplEx@5669835tray132.455810546875heading
02-10 23:16:25.999  3038  3588 D vision ls: teleOpWhileLoop: lsFront position 2695
02-10 23:16:26.012  3038  3588 D trayAngle: com.qualcomm.robotcore.hardware.ServoImplEx@5669835tray132.455810546875heading
02-10 23:16:26.023  3038  3588 D vision ls: teleOpWhileLoop: lsFront position 2695
02-10 23:16:26.035  3038  3588 D trayAngle: com.qualcomm.robotcore.hardware.ServoImplEx@5669835tray132.45587158203125heading
02-10 23:16:26.046  3038  3588 D vision ls: teleOpWhileLoop: lsFront position 2695
02-10 23:16:26.059  3038  3588 D trayAngle: com.qualcomm.robotcore.hardware.ServoImplEx@5669835tray132.453857421875heading
02-10 23:16:26.069  3038  3588 D vision ls: teleOpWhileLoop: lsFront position 2695
02-10 23:16:26.083  3038  3588 D trayAngle: com.qualcomm.robotcore.hardware.ServoImplEx@5669835tray132.453857421875heading
02-10 23:16:26.094  3038  3588 D vision ls: teleOpWhileLoop: lsFront position 2695
02-10 23:16:26.107  3038  3588 D trayAngle: com.qualcomm.robotcore.hardware.ServoImplEx@5669835tray132.45143127441406heading
02-10 23:16:26.118  3038  3588 D vision ls: teleOpWhileLoop: lsFront position 2695
02-10 23:16:26.131  3038  3588 D trayAngle: com.qualcomm.robotcore.hardware.ServoImplEx@5669835tray132.44932556152344heading
02-10 23:16:26.144  3038  3588 D vision ls: teleOpWhileLoop: lsFront position 2695
02-10 23:16:26.156  3038  3588 D trayAngle: com.qualcomm.robotcore.hardware.ServoImplEx@5669835tray132.45140075683594heading
02-10 23:16:26.167  3038  3588 D vision ls: teleOpWhileLoop: lsFront position 2695
02-10 23:16:26.179  3038  3588 D trayAngle: com.qualcomm.robotcore.hardware.ServoImplEx@5669835tray132.44691467285156heading
02-10 23:16:26.194  3038  3588 D vision ls: teleOpWhileLoop: lsFront position 2695
02-10 23:16:26.207  3038  3588 D trayAngle: com.qualcomm.robotcore.hardware.ServoImplEx@5669835tray132.44493103027344heading
02-10 23:16:26.224  3038  3588 D vision ls: teleOpWhileLoop: lsFront position 2695
02-10 23:16:26.238  3038  3588 D trayAngle: com.qualcomm.robotcore.hardware.ServoImplEx@5669835tray132.44039916992188heading
02-10 23:16:26.250  3038  3588 D vision ls: teleOpWhileLoop: lsFront position 2695
02-10 23:16:26.261  3038  3588 D trayAngle: com.qualcomm.robotcore.hardware.ServoImplEx@5669835tray132.44485473632812heading
02-10 23:16:26.271  3038  3588 D vision ls: teleOpWhileLoop: lsFront position 2695
02-10 23:16:26.283  3038  3588 D trayAngle: com.qualcomm.robotcore.hardware.ServoImplEx@5669835tray132.44485473632812heading
02-10 23:16:26.293  3038  3588 D vision ls: teleOpWhileLoop: lsFront position 2695
02-10 23:16:26.304  3038  3588 D trayAngle: com.qualcomm.robotcore.hardware.ServoImplEx@5669835tray132.4448699951172heading
02-10 23:16:26.315  3038  3588 D vision ls: teleOpWhileLoop: lsFront position 2695
02-10 23:16:26.325  3038  3588 D trayAngle: com.qualcomm.robotcore.hardware.ServoImplEx@5669835tray132.44952392578125heading
02-10 23:16:26.348  3038  3588 D vision ls: teleOpWhileLoop: lsFront position 2695
02-10 23:16:26.360  3038  3588 D trayAngle: com.qualcomm.robotcore.hardware.ServoImplEx@5669835tray132.44505310058594heading
02-10 23:16:26.371  3038  3588 D vision ls: teleOpWhileLoop: lsFront position 2695
02-10 23:16:26.382  3038  3588 D trayAngle: com.qualcomm.robotcore.hardware.ServoImplEx@5669835tray132.4384307861328heading
02-10 23:16:26.400  3038  3588 D vision ls: teleOpWhileLoop: lsFront position 2695
02-10 23:16:26.411  3038  3588 D trayAngle: com.qualcomm.robotcore.hardware.ServoImplEx@5669835tray132.42721557617188heading
02-10 23:16:26.424  3038  3588 D vision ls: teleOpWhileLoop: lsFront position 2695
02-10 23:16:26.441  3038  3588 D trayAngle: com.qualcomm.robotcore.hardware.ServoImplEx@5669835tray132.4291229248047heading
02-10 23:16:26.468  3038  3588 D vision ls: teleOpWhileLoop: lsFront position 2695
02-10 23:16:26.480  3038  3588 D trayAngle: com.qualcomm.robotcore.hardware.ServoImplEx@5669835tray132.4335479736328heading
02-10 23:16:26.490  3038  3588 D vision ls: teleOpWhileLoop: lsFront position 2695
02-10 23:16:26.500  3038  3588 D trayAngle: com.qualcomm.robotcore.hardware.ServoImplEx@5669835tray132.4337615966797heading
02-10 23:16:26.510  3038  3588 D vision ls: teleOpWhileLoop: lsFront position 2695
02-10 23:16:26.521  3038  3588 D trayAngle: com.qualcomm.robotcore.hardware.ServoImplEx@5669835tray132.43385314941406heading
02-10 23:16:26.530  3038  3588 D vision ls: teleOpWhileLoop: lsFront position 2695
02-10 23:16:26.541  3038  3588 D trayAngle: com.qualcomm.robotcore.hardware.ServoImplEx@5669835tray132.43385314941406heading
02-10 23:16:26.551  3038  3588 D vision ls: teleOpWhileLoop: lsFront position 2695
02-10 23:16:26.562  3038  3588 D trayAngle: com.qualcomm.robotcore.hardware.ServoImplEx@5669835tray132.42926025390625heading
02-10 23:16:26.577  3038  3588 D vision ls: teleOpWhileLoop: lsFront position 2695
02-10 23:16:26.587  3038  3588 D trayAngle: com.qualcomm.robotcore.hardware.ServoImplEx@5669835tray132.43162536621094heading
02-10 23:16:26.598  3038  3588 D vision ls: teleOpWhileLoop: lsFront position 2695
02-10 23:16:26.610  3038  3588 D trayAngle: com.qualcomm.robotcore.hardware.ServoImplEx@5669835tray132.4270477294922heading
02-10 23:16:26.634  3038  3588 D vision ls: teleOpWhileLoop: lsFront position 2695
02-10 23:16:26.647  3038  3588 D trayAngle: com.qualcomm.robotcore.hardware.ServoImplEx@5669835tray132.4291534423828heading
02-10 23:16:26.663  3038  3588 D vision ls: teleOpWhileLoop: lsFront position 2695
02-10 23:16:26.675  3038  3588 D trayAngle: com.qualcomm.robotcore.hardware.ServoImplEx@5669835tray132.42681884765625heading
02-10 23:16:26.687  3038  3588 D vision ls: teleOpWhileLoop: lsFront position 2695
02-10 23:16:26.699  3038  3588 D trayAngle: com.qualcomm.robotcore.hardware.ServoImplEx@5669835tray132.41595458984375heading
02-10 23:16:26.721  3038  3588 D vision ls: teleOpWhileLoop: lsFront position 2695
02-10 23:16:26.735  3038  3588 D trayAngle: com.qualcomm.robotcore.hardware.ServoImplEx@5669835tray132.40762329101562heading
02-10 23:16:26.750  3038  3588 D vision ls: teleOpWhileLoop: lsFront position 2695
02-10 23:16:26.764  3038  3588 D trayAngle: com.qualcomm.robotcore.hardware.ServoImplEx@5669835tray132.53677368164062heading
02-10 23:16:26.775  3038  3588 D vision ls: teleOpWhileLoop: lsFront position 2695
02-10 23:16:26.787  3038  3588 D trayAngle: com.qualcomm.robotcore.hardware.ServoImplEx@5669835tray132.62899780273438heading
02-10 23:16:26.799  3038  3588 D vision ls: teleOpWhileLoop: lsFront position 2695
02-10 23:16:26.811  3038  3588 D trayAngle: com.qualcomm.robotcore.hardware.ServoImplEx@5669835tray132.79620361328125heading
02-10 23:16:26.823  3038  3588 D vision ls: teleOpWhileLoop: lsFront position 2695
02-10 23:16:26.835  3038  3588 D trayAngle: com.qualcomm.robotcore.hardware.ServoImplEx@5669835tray132.97279357910156heading
02-10 23:16:26.860  3038  3588 D vision ls: teleOpWhileLoop: lsFront position 2695
02-10 23:16:26.874  3038  3588 D trayAngle: com.qualcomm.robotcore.hardware.ServoImplEx@5669835tray133.28555297851562heading
02-10 23:16:26.890  3038  3588 D vision ls: teleOpWhileLoop: lsFront position 2695
02-10 23:16:26.903  3038  3588 D trayAngle: com.qualcomm.robotcore.hardware.ServoImplEx@5669835tray133.5980682373047heading
02-10 23:16:26.923  3038  3588 D vision ls: teleOpWhileLoop: lsFront position 2695
02-10 23:16:26.936  3038  3588 D trayAngle: com.qualcomm.robotcore.hardware.ServoImplEx@5669835tray133.99900817871094heading
02-10 23:16:26.954  3038  3588 D vision ls: teleOpWhileLoop: lsFront position 2695
02-10 23:16:26.973  3038  3588 D trayAngle: com.qualcomm.robotcore.hardware.ServoImplEx@5669835tray134.49343872070312heading
02-10 23:16:26.998  3038  3588 D vision ls: teleOpWhileLoop: lsFront position 2695
02-10 23:16:27.011  3038  3588 D trayAngle: com.qualcomm.robotcore.hardware.ServoImplEx@5669835tray134.70790100097656heading
02-10 23:16:27.031  3038  3588 D vision ls: teleOpWhileLoop: lsFront position 2695
02-10 23:16:27.046  3038  3588 D trayAngle: com.qualcomm.robotcore.hardware.ServoImplEx@5669835tray134.86903381347656heading
02-10 23:16:27.057  3038  3588 D vision ls: teleOpWhileLoop: lsFront position 2695
02-10 23:16:27.069  3038  3588 D trayAngle: com.qualcomm.robotcore.hardware.ServoImplEx@5669835tray135.0443572998047heading
02-10 23:16:27.081  3038  3588 D vision ls: teleOpWhileLoop: lsFront position 2695
02-10 23:16:27.093  3038  3588 D trayAngle: com.qualcomm.robotcore.hardware.ServoImplEx@5669835tray135.25387573242188heading
02-10 23:16:27.104  3038  3588 D vision ls: teleOpWhileLoop: lsFront position 2695
02-10 23:16:27.117  3038  3588 D trayAngle: com.qualcomm.robotcore.hardware.ServoImplEx@5669835tray135.4561004638672heading
02-10 23:16:27.132  3038  3588 D vision ls: teleOpWhileLoop: lsFront position 2695
02-10 23:16:27.145  3038  3588 D trayAngle: com.qualcomm.robotcore.hardware.ServoImplEx@5669835tray135.6069793701172heading
02-10 23:16:27.159  3038  3588 D vision ls: teleOpWhileLoop: lsFront position 2695
02-10 23:16:27.172  3038  3588 D trayAngle: com.qualcomm.robotcore.hardware.ServoImplEx@5669835tray135.6447296142578heading
02-10 23:16:27.183  3038  3588 D vision ls: teleOpWhileLoop: lsFront position 2695
02-10 23:16:27.195  3038  3588 D trayAngle: com.qualcomm.robotcore.hardware.ServoImplEx@5669835tray135.6886749267578heading
02-10 23:16:27.207  3038  3588 D vision ls: teleOpWhileLoop: lsFront position 2695
02-10 23:16:27.221  3038  3588 D trayAngle: com.qualcomm.robotcore.hardware.ServoImplEx@5669835tray135.72557067871094heading
02-10 23:16:27.238  3038  3588 D vision ls: teleOpWhileLoop: lsFront position 2695
02-10 23:16:27.251  3038  3588 D trayAngle: com.qualcomm.robotcore.hardware.ServoImplEx@5669835tray135.6985321044922heading
02-10 23:16:27.267  3038  3588 D vision ls: teleOpWhileLoop: lsFront position 2695
02-10 23:16:27.280  3038  3588 D trayAngle: com.qualcomm.robotcore.hardware.ServoImplEx@5669835tray135.66758728027344heading
02-10 23:16:27.290  3038  3588 D vision ls: teleOpWhileLoop: lsFront position 2695
02-10 23:16:27.302  3038  3588 D trayAngle: com.qualcomm.robotcore.hardware.ServoImplEx@5669835tray135.65890502929688heading
02-10 23:16:27.313  3038  3588 D vision ls: teleOpWhileLoop: lsFront position 2695
02-10 23:16:27.325  3038  3588 D trayAngle: com.qualcomm.robotcore.hardware.ServoImplEx@5669835tray135.63702392578125heading
02-10 23:16:27.338  3038  3588 D vision ls: teleOpWhileLoop: lsFront position 2695
02-10 23:16:27.350  3038  3588 D trayAngle: com.qualcomm.robotcore.hardware.ServoImplEx@5669835tray135.61715698242188heading
02-10 23:16:27.377  3038  3588 D vision ls: teleOpWhileLoop: lsFront position 2695
02-10 23:16:27.388  3038  3588 D trayAngle: com.qualcomm.robotcore.hardware.ServoImplEx@5669835tray135.61044311523438heading
02-10 23:16:27.399  3038  3588 D vision ls: teleOpWhileLoop: lsFront position 2695
02-10 23:16:27.411  3038  3588 D trayAngle: com.qualcomm.robotcore.hardware.ServoImplEx@5669835tray135.60585021972656heading
02-10 23:16:27.430  3038  3588 D vision ls: teleOpWhileLoop: lsFront position 2695
02-10 23:16:27.441  3038  3588 D trayAngle: com.qualcomm.robotcore.hardware.ServoImplEx@5669835tray135.60572814941406heading
02-10 23:16:27.453  3038  3588 D vision ls: teleOpWhileLoop: lsFront position 2695
02-10 23:16:27.465  3038  3588 D trayAngle: com.qualcomm.robotcore.hardware.ServoImplEx@5669835tray135.61460876464844heading
02-10 23:16:27.475  3038  3588 D vision ls: teleOpWhileLoop: lsFront position 2695
02-10 23:16:27.487  3038  3588 D trayAngle: com.qualcomm.robotcore.hardware.ServoImplEx@5669835tray135.625732421875heading
02-10 23:16:27.507  3038  3588 D vision ls: teleOpWhileLoop: lsFront position 2695
02-10 23:16:27.518  3038  3588 D trayAngle: com.qualcomm.robotcore.hardware.ServoImplEx@5669835tray135.62803649902344heading
02-10 23:16:27.532  3038  3588 D vision ls: teleOpWhileLoop: lsFront position 2695
02-10 23:16:27.544  3038  3588 D trayAngle: com.qualcomm.robotcore.hardware.ServoImplEx@5669835tray135.62142944335938heading
02-10 23:16:27.554  3038  3588 D vision ls: teleOpWhileLoop: lsFront position 2695
02-10 23:16:27.565  3038  3588 D trayAngle: com.qualcomm.robotcore.hardware.ServoImplEx@5669835tray135.62142944335938heading
02-10 23:16:27.578  3038  3588 D vision ls: teleOpWhileLoop: lsFront position 2695
02-10 23:16:27.591  3038  3588 D trayAngle: com.qualcomm.robotcore.hardware.ServoImplEx@5669835tray135.61026000976562heading
02-10 23:16:27.608  3038  3588 D vision ls: teleOpWhileLoop: lsFront position 2695
02-10 23:16:27.622  3038  3588 D trayAngle: com.qualcomm.robotcore.hardware.ServoImplEx@5669835tray135.59909057617188heading
02-10 23:16:27.632  3038  3588 D vision ls: teleOpWhileLoop: lsFront position 2695
02-10 23:16:27.645  3038  3588 D trayAngle: com.qualcomm.robotcore.hardware.ServoImplEx@5669835tray135.6034393310547heading
02-10 23:16:27.656  3038  3588 D vision ls: teleOpWhileLoop: lsFront position 2695
02-10 23:16:27.668  3038  3588 D trayAngle: com.qualcomm.robotcore.hardware.ServoImplEx@5669835tray135.60568237304688heading
02-10 23:16:27.679  3038  3588 D vision ls: teleOpWhileLoop: lsFront position 2695
02-10 23:16:27.692  3038  3588 D trayAngle: com.qualcomm.robotcore.hardware.ServoImplEx@5669835tray135.59913635253906heading
02-10 23:16:27.703  3038  3588 D vision ls: teleOpWhileLoop: lsFront position 2695
02-10 23:16:27.715  3038  3588 D trayAngle: com.qualcomm.robotcore.hardware.ServoImplEx@5669835tray135.5991973876953heading
02-10 23:16:27.728  3038  3588 D vision ls: teleOpWhileLoop: lsFront position 2695
02-10 23:16:27.740  3038  3588 D trayAngle: com.qualcomm.robotcore.hardware.ServoImplEx@5669835tray135.60365295410156heading
02-10 23:16:27.756  3038  3588 D vision ls: teleOpWhileLoop: lsFront position 2695
02-10 23:16:27.768  3038  3588 D trayAngle: com.qualcomm.robotcore.hardware.ServoImplEx@5669835tray135.60372924804688heading
02-10 23:16:27.784  3038  3588 D vision ls: teleOpWhileLoop: lsFront position 2695
02-10 23:16:27.795  3038  3588 D trayAngle: com.qualcomm.robotcore.hardware.ServoImplEx@5669835tray135.5991973876953heading
02-10 23:16:27.805  3038  3588 D vision ls: teleOpWhileLoop: lsFront position 2695
02-10 23:16:27.816  3038  3588 D trayAngle: com.qualcomm.robotcore.hardware.ServoImplEx@5669835tray135.59913635253906heading
02-10 23:16:27.826  3038  3588 D vision ls: teleOpWhileLoop: lsFront position 2695
02-10 23:16:27.838  3038  3588 D trayAngle: com.qualcomm.robotcore.hardware.ServoImplEx@5669835tray135.59471130371094heading
02-10 23:16:27.851  3038  3588 D vision ls: teleOpWhileLoop: lsFront position 2695
02-10 23:16:27.862  3038  3588 D trayAngle: com.qualcomm.robotcore.hardware.ServoImplEx@5669835tray135.5903778076172heading
02-10 23:16:27.888  3038  3588 D vision ls: teleOpWhileLoop: lsFront position 2695
02-10 23:16:27.900  3038  3588 D trayAngle: com.qualcomm.robotcore.hardware.ServoImplEx@5669835tray135.5903778076172heading
02-10 23:16:27.911  3038  3588 D vision ls: teleOpWhileLoop: lsFront position 2695
02-10 23:16:27.923  3038  3588 D trayAngle: com.qualcomm.robotcore.hardware.ServoImplEx@5669835tray135.59255981445312heading
02-10 23:16:27.940  3038  3588 D vision ls: teleOpWhileLoop: lsFront position 2695
02-10 23:16:27.952  3038  3588 D trayAngle: com.qualcomm.robotcore.hardware.ServoImplEx@5669835tray135.58807373046875heading
02-10 23:16:27.965  3038  3588 D vision ls: teleOpWhileLoop: lsFront position 2695
02-10 23:16:27.976  3038  3588 D trayAngle: com.qualcomm.robotcore.hardware.ServoImplEx@5669835tray135.58815002441406heading
02-10 23:16:27.991  3038  3588 D vision ls: teleOpWhileLoop: lsFront position 2695
02-10 23:16:28.007  3038  3588 D trayAngle: com.qualcomm.robotcore.hardware.ServoImplEx@5669835tray135.57708740234375heading
02-10 23:16:28.024  3038  3588 D vision ls: teleOpWhileLoop: lsFront position 2695
02-10 23:16:28.036  3038  3588 D trayAngle: com.qualcomm.robotcore.hardware.ServoImplEx@5669835tray135.57925415039062heading
02-10 23:16:28.047  3038  3588 D vision ls: teleOpWhileLoop: lsFront position 2695
02-10 23:16:28.058  3038  3588 D trayAngle: com.qualcomm.robotcore.hardware.ServoImplEx@5669835tray135.5814971923828heading
02-10 23:16:28.069  3038  3588 D vision ls: teleOpWhileLoop: lsFront position 2695
02-10 23:16:28.080  3038  3588 D trayAngle: com.qualcomm.robotcore.hardware.ServoImplEx@5669835tray135.5770263671875heading
02-10 23:16:28.093  3038  3588 D vision ls: teleOpWhileLoop: lsFront position 2695
02-10 23:16:28.105  3038  3588 D trayAngle: com.qualcomm.robotcore.hardware.ServoImplEx@5669835tray135.5814208984375heading
02-10 23:16:28.116  3038  3588 D vision ls: teleOpWhileLoop: lsFront position 2695
02-10 23:16:28.127  3038  3588 D trayAngle: com.qualcomm.robotcore.hardware.ServoImplEx@5669835tray135.57919311523438heading
02-10 23:16:28.137  3038  3588 D vision ls: teleOpWhileLoop: lsFront position 2695
02-10 23:16:28.148  3038  3588 D trayAngle: com.qualcomm.robotcore.hardware.ServoImplEx@5669835tray135.57701110839844heading
02-10 23:16:28.158  3038  3588 D vision ls: teleOpWhileLoop: lsFront position 2695
02-10 23:16:28.170  3038  3588 D trayAngle: com.qualcomm.robotcore.hardware.ServoImplEx@5669835tray135.5704345703125heading
02-10 23:16:28.180  3038  3588 D vision ls: teleOpWhileLoop: lsFront position 2695
02-10 23:16:28.192  3038  3588 D trayAngle: com.qualcomm.robotcore.hardware.ServoImplEx@5669835tray135.57708740234375heading
02-10 23:16:28.203  3038  3588 D vision ls: teleOpWhileLoop: lsFront position 2695
02-10 23:16:28.215  3038  3588 D trayAngle: com.qualcomm.robotcore.hardware.ServoImplEx@5669835tray135.56825256347656heading
02-10 23:16:28.227  3038  3588 D vision ls: teleOpWhileLoop: lsFront position 2695
02-10 23:16:28.241  3038  3588 D trayAngle: com.qualcomm.robotcore.hardware.ServoImplEx@5669835tray135.57275390625heading
02-10 23:16:28.254  3038  3588 D vision ls: teleOpWhileLoop: lsFront position 2695
02-10 23:16:28.268  3038  3588 D trayAngle: com.qualcomm.robotcore.hardware.ServoImplEx@5669835tray135.5726776123047heading
02-10 23:16:28.281  3038  3588 D vision ls: teleOpWhileLoop: lsFront position 2695
02-10 23:16:28.291  3038  3588 D trayAngle: com.qualcomm.robotcore.hardware.ServoImplEx@5669835tray135.5704345703125heading
02-10 23:16:28.307  3038  3588 D vision ls: teleOpWhileLoop: lsFront position 2695
02-10 23:16:28.319  3038  3588 D trayAngle: com.qualcomm.robotcore.hardware.ServoImplEx@5669835tray135.56590270996094heading
02-10 23:16:28.329  3038  3588 D vision ls: teleOpWhileLoop: lsFront position 2695
02-10 23:16:28.341  3038  3588 D trayAngle: com.qualcomm.robotcore.hardware.ServoImplEx@5669835tray135.56590270996094heading
02-10 23:16:28.352  3038  3588 D vision ls: teleOpWhileLoop: lsFront position 2695
02-10 23:16:28.359  3038  3133 V Robocol : received command: CMD_INIT_OP_MODE(14473) $Stop$Robot$
02-10 23:16:28.366  3038  3588 D trayAngle: com.qualcomm.robotcore.hardware.ServoImplEx@5669835tray135.568115234375heading
02-10 23:16:28.381  3038  3588 E LynxI2cDeviceSynch: placeholder: readTimestamped
02-10 23:16:28.383  3038  3588 W BHI260IMU: getRobotOrientationAsQuaternion(): Failed to retrieve valid quaternion from IMU. Returning the identity quaternion.
02-10 23:16:28.386  3038  3588 D vision ls: teleOpWhileLoop: lsFront position 0
02-10 23:16:28.388  3038  3588 W BHI260IMU: getRobotOrientationAsQuaternion(): Failed to retrieve valid quaternion from IMU. Returning the identity quaternion.
02-10 23:16:28.391  3038  3588 W BHI260IMU: getRobotOrientationAsQuaternion(): Failed to retrieve valid quaternion from IMU. Returning the identity quaternion.
02-10 23:16:28.391  3038  3588 D trayAngle: com.qualcomm.robotcore.hardware.ServoImplEx@5669835tray-0.0heading
02-10 23:16:28.391  3038  3588 D RobotCore: User runOpModeMethod exited
02-10 23:16:28.393  3038  3588 V RobotCore: thread: ...terminating 'OpModeThread'
02-10 23:16:28.394  3038  3165 I RobotCore: Attempting to switch to OpMode $Stop$Robot$
02-10 23:16:28.394  3038  3165 I RobotCore: ******************** STOP - OPMODE /storage/emulated/0/FIRST/matchlogs/Match-0-RedTeleOp.txt ********************
02-10 23:16:28.402  3038  3165 D HardwareMap: Clearing which device instances have been retrieved
02-10 23:16:28.402  3038  3591 I RobotCore: saving match logcat to /storage/emulated/0/FIRST/matchlogs/Match-0-RedTeleOp.txt
02-10 23:16:28.402  3038  3591 I RobotCore: logging command line: exec logcat -d -T '2-10 23:15:42.000' -f '/storage/emulated/0/FIRST/matchlogs/Match-0-RedTeleOp.txt' -n4 -v threadtime UsbRequestJNI:S UsbRequest:S art:W ThreadPool:W System:W ExtendedExtractor:W OMXClient:W MediaPlayer:W dalvikvm:W  *:V
02-10 23:16:28.404  3038  3593 V RobotCore: thread: 'OpModeThread' starting...
02-10 23:16:28.407  3038  3136 V Robocol : sending CMD_NOTIFY_INIT_OP_MODE(39520), attempt: 0
02-10 23:16:28.446  3038  3136 V Robocol : sending CMD_NOTIFY_RUN_OP_MODE(39521), attempt: 0
02-10 23:16:28.696  3038  3591 I RobotCore: Done running exec logcat -d -T '2-10 23:15:42.000' -f '/storage/emulated/0/FIRST/matchlogs/Match-0-RedTeleOp.txt' -n4 -v threadtime UsbRequestJNI:S UsbRequest:S art:W ThreadPool:W System:W ExtendedExtractor:W OMXClient:W MediaPlayer:W dalvikvm:W  *:V
02-10 23:16:28.696  3038  3591 I RobotCore: exiting match logcat for /storage/emulated/0/FIRST/matchlogs/Match-0-RedTeleOp.txt
02-10 23:16:29.039  3038  3133 V Robocol : received command: CMD_SET_MATCH_NUMBER(14507) 0
02-10 23:16:29.041  3038  3133 V Robocol : received command: CMD_INIT_OP_MODE(14508) RedTeleOp
02-10 23:16:29.073  3038  3593 V RobotCore: thread: ...terminating 'OpModeThread'
02-10 23:16:29.077  3038  3165 I RobotCore: Attempting to switch to OpMode RedTeleOp
02-10 23:16:29.079  3038  3165 I RobotCore: ******************** START - OPMODE RedTeleOp ********************
02-10 23:16:29.250  3038  3165 D HardwareMap: Clearing which device instances have been retrieved
02-10 23:16:29.259  3038  3595 V RobotCore: thread: 'OpModeThread' starting...
02-10 23:16:29.262  3038  3595 D AprilTagDetectorJNI: Creating 36h11 tag family
02-10 23:16:29.262  3038  3595 D AprilTagDetectorJNI: Initializing april tag detector
02-10 23:16:29.286  3038  3136 V Robocol : sending CMD_NOTIFY_INIT_OP_MODE(39570), attempt: 0
02-10 23:16:29.429  3038  3595 I I2C     : Automatically initializing I2C device BHI260IMU (BHI260 IMU on USB (embedded); module 173; bus 0; addr7=0x28)
02-10 23:16:29.436  3038  3595 V BHI260IMU: Suppressing I2C warnings while we check for a BHI260AP IMU
02-10 23:16:29.441  3038  3595 V BHI260IMU: Found BHI260AP IMU
02-10 23:16:29.462  3038  3595 D BHI260IMU: Firmware version: 20
02-10 23:16:29.479  3038  3595 V BHI260IMU: Suppressing I2C warnings while we check for a BHI260AP IMU
02-10 23:16:29.482  3038  3595 V BHI260IMU: Found BHI260AP IMU
02-10 23:16:29.499  3038  3595 D BHI260IMU: Firmware version: 20
02-10 23:16:29.719  3038  3133 V Robocol : received command: CMD_RUN_OP_MODE(14542) RedTeleOp
02-10 23:16:29.766  3038  3136 V Robocol : sending CMD_NOTIFY_RUN_OP_MODE(39592), attempt: 0
02-10 23:16:30.250  3038  3595 D vision ls: teleOpWhileLoop: lsFront position -43
02-10 23:16:30.267  3038  3595 D trayAngle: com.qualcomm.robotcore.hardware.ServoImplEx@5669835tray135.49606323242188heading
02-10 23:16:30.275  3038  3595 D vision ls: teleOpWhileLoop: lsFront position -45
02-10 23:16:30.292  3038  3595 D trayAngle: com.qualcomm.robotcore.hardware.ServoImplEx@5669835tray135.4850616455078heading
02-10 23:16:30.300  3038  3595 D vision ls: teleOpWhileLoop: lsFront position -48
02-10 23:16:30.314  3038  3595 D trayAngle: com.qualcomm.robotcore.hardware.ServoImplEx@5669835tray135.48043823242188heading
02-10 23:16:30.321  3038  3595 D vision ls: teleOpWhileLoop: lsFront position -49
02-10 23:16:30.335  3038  3595 D trayAngle: com.qualcomm.robotcore.hardware.ServoImplEx@5669835tray135.4803466796875heading
02-10 23:16:30.342  3038  3595 D vision ls: teleOpWhileLoop: lsFront position -50
02-10 23:16:30.356  3038  3595 D trayAngle: com.qualcomm.robotcore.hardware.ServoImplEx@5669835tray135.4847412109375heading
02-10 23:16:30.363  3038  3595 D vision ls: teleOpWhileLoop: lsFront position -50
02-10 23:16:30.377  3038  3595 D trayAngle: com.qualcomm.robotcore.hardware.ServoImplEx@5669835tray135.49127197265625heading
02-10 23:16:30.384  3038  3595 D vision ls: teleOpWhileLoop: lsFront position -50
02-10 23:16:30.395  3038  3595 D trayAngle: com.qualcomm.robotcore.hardware.ServoImplEx@5669835tray135.50021362304688heading
02-10 23:16:30.403  3038  3595 D vision ls: teleOpWhileLoop: lsFront position -50
02-10 23:16:30.413  3038  3595 D trayAngle: com.qualcomm.robotcore.hardware.ServoImplEx@5669835tray135.50233459472656heading
02-10 23:16:30.420  3038  3595 D vision ls: teleOpWhileLoop: lsFront position -50
02-10 23:16:30.434  3038  3595 D trayAngle: com.qualcomm.robotcore.hardware.ServoImplEx@5669835tray135.49566650390625heading
02-10 23:16:30.441  3038  3595 D vision ls: teleOpWhileLoop: lsFront position -50
02-10 23:16:30.455  3038  3595 D trayAngle: com.qualcomm.robotcore.hardware.ServoImplEx@5669835tray135.48016357421875heading
02-10 23:16:30.462  3038  3595 D vision ls: teleOpWhileLoop: lsFront position -50
02-10 23:16:30.474  3038  3595 D trayAngle: com.qualcomm.robotcore.hardware.ServoImplEx@5669835tray135.47344970703125heading
02-10 23:16:30.482  3038  3595 D vision ls: teleOpWhileLoop: lsFront position -50
02-10 23:16:30.496  3038  3595 D trayAngle: com.qualcomm.robotcore.hardware.ServoImplEx@5669835tray135.4734649658203heading
02-10 23:16:30.517  3038  3595 D vision ls: teleOpWhileLoop: lsFront position -50
02-10 23:16:30.529  3038  3595 D trayAngle: com.qualcomm.robotcore.hardware.ServoImplEx@5669835tray135.48458862304688heading
02-10 23:16:30.542  3038  3595 D vision ls: teleOpWhileLoop: lsFront position -50
02-10 23:16:30.556  3038  3595 D trayAngle: com.qualcomm.robotcore.hardware.ServoImplEx@5669835tray135.38601684570312heading
02-10 23:16:30.571  3038  3595 D vision ls: teleOpWhileLoop: lsFront position -50
02-10 23:16:30.581  3038  3595 D trayAngle: com.qualcomm.robotcore.hardware.ServoImplEx@5669835tray134.29373168945312heading
02-10 23:16:30.588  3038  3595 D vision ls: teleOpWhileLoop: lsFront position -50
02-10 23:16:30.600  3038  3595 D trayAngle: com.qualcomm.robotcore.hardware.ServoImplEx@5669835tray132.92640686035156heading
02-10 23:16:30.613  3038  3595 D vision ls: teleOpWhileLoop: lsFront position -50
02-10 23:16:30.626  3038  3595 D trayAngle: com.qualcomm.robotcore.hardware.ServoImplEx@5669835tray130.33279418945312heading
02-10 23:16:30.634  3038  3595 D vision ls: teleOpWhileLoop: lsFront position -50
02-10 23:16:30.647  3038  3595 D trayAngle: com.qualcomm.robotcore.hardware.ServoImplEx@5669835tray127.65827178955078heading
02-10 23:16:30.654  3038  3595 D vision ls: teleOpWhileLoop: lsFront position -50
02-10 23:16:30.665  3038  3595 D trayAngle: com.qualcomm.robotcore.hardware.ServoImplEx@5669835tray124.59518432617188heading
02-10 23:16:30.672  3038  3595 D vision ls: teleOpWhileLoop: lsFront position -50
02-10 23:16:30.687  3038  3595 D trayAngle: com.qualcomm.robotcore.hardware.ServoImplEx@5669835tray121.0341796875heading
02-10 23:16:30.711  3038  3595 D vision ls: teleOpWhileLoop: lsFront position -50
02-10 23:16:30.724  3038  3595 D trayAngle: com.qualcomm.robotcore.hardware.ServoImplEx@5669835tray114.1184310913086heading
02-10 23:16:30.744  3038  3595 D vision ls: teleOpWhileLoop: lsFront position -50
02-10 23:16:30.759  3038  3595 D trayAngle: com.qualcomm.robotcore.hardware.ServoImplEx@5669835tray107.12488555908203heading
02-10 23:16:30.777  3038  3595 D vision ls: teleOpWhileLoop: lsFront position -50
02-10 23:16:30.789  3038  3595 D trayAngle: com.qualcomm.robotcore.hardware.ServoImplEx@5669835tray100.33182525634766heading
02-10 23:16:30.796  3038  3595 D vision ls: teleOpWhileLoop: lsFront position -50
02-10 23:16:30.807  3038  3595 D trayAngle: com.qualcomm.robotcore.hardware.ServoImplEx@5669835tray96.87326049804688heading
02-10 23:16:30.815  3038  3595 D vision ls: teleOpWhileLoop: lsFront position -50
02-10 23:16:30.827  3038  3595 D trayAngle: com.qualcomm.robotcore.hardware.ServoImplEx@5669835tray92.54171752929688heading
02-10 23:16:30.834  3038  3595 D vision ls: teleOpWhileLoop: lsFront position -50
02-10 23:16:30.846  3038  3595 D trayAngle: com.qualcomm.robotcore.hardware.ServoImplEx@5669835tray88.41470336914062heading
02-10 23:16:30.853  3038  3595 D vision ls: teleOpWhileLoop: lsFront position -50
02-10 23:16:30.866  3038  3595 D trayAngle: com.qualcomm.robotcore.hardware.ServoImplEx@5669835tray83.97225952148438heading
02-10 23:16:30.874  3038  3595 D vision ls: teleOpWhileLoop: lsFront position -50
02-10 23:16:30.887  3038  3595 D trayAngle: com.qualcomm.robotcore.hardware.ServoImplEx@5669835tray79.19401550292969heading
02-10 23:16:30.895  3038  3595 D vision ls: teleOpWhileLoop: lsFront position -50
02-10 23:16:30.908  3038  3595 D trayAngle: com.qualcomm.robotcore.hardware.ServoImplEx@5669835tray74.38313293457031heading
02-10 23:16:30.915  3038  3595 D vision ls: teleOpWhileLoop: lsFront position -50
02-10 23:16:30.927  3038  3595 D trayAngle: com.qualcomm.robotcore.hardware.ServoImplEx@5669835tray70.12295532226562heading
02-10 23:16:30.934  3038  3595 D vision ls: teleOpWhileLoop: lsFront position -50
02-10 23:16:30.947  3038  3595 D trayAngle: com.qualcomm.robotcore.hardware.ServoImplEx@5669835tray65.25285339355469heading
02-10 23:16:30.954  3038  3595 D vision ls: teleOpWhileLoop: lsFront position -50
02-10 23:16:30.966  3038  3595 D trayAngle: com.qualcomm.robotcore.hardware.ServoImplEx@5669835tray60.90919494628906heading
02-10 23:16:30.973  3038  3595 D vision ls: teleOpWhileLoop: lsFront position -50
02-10 23:16:30.985  3038  3595 D trayAngle: com.qualcomm.robotcore.hardware.ServoImplEx@5669835tray56.570003509521484heading
02-10 23:16:30.993  3038  3595 D vision ls: teleOpWhileLoop: lsFront position -50
02-10 23:16:31.008  3038  3595 D trayAngle: com.qualcomm.robotcore.hardware.ServoImplEx@5669835tray51.09257507324219heading
02-10 23:16:31.016  3038  3595 D vision ls: teleOpWhileLoop: lsFront position -50
02-10 23:16:31.030  3038  3595 D trayAngle: com.qualcomm.robotcore.hardware.ServoImplEx@5669835tray46.22386169433594heading
02-10 23:16:31.038  3038  3595 D vision ls: teleOpWhileLoop: lsFront position -50
02-10 23:16:31.052  3038  3595 D trayAngle: com.qualcomm.robotcore.hardware.ServoImplEx@5669835tray41.33595657348633heading
02-10 23:16:31.060  3038  3595 D vision ls: teleOpWhileLoop: lsFront position -50
02-10 23:16:31.075  3038  3595 D trayAngle: com.qualcomm.robotcore.hardware.ServoImplEx@5669835tray35.81733322143555heading
02-10 23:16:31.083  3038  3595 D vision ls: teleOpWhileLoop: lsFront position -50
02-10 23:16:31.096  3038  3595 D trayAngle: com.qualcomm.robotcore.hardware.ServoImplEx@5669835tray30.858383178710938heading
02-10 23:16:31.103  3038  3595 D vision ls: teleOpWhileLoop: lsFront position -50
02-10 23:16:31.120  3038  3595 D trayAngle: com.qualcomm.robotcore.hardware.ServoImplEx@5669835tray25.897172927856445heading
02-10 23:16:31.128  3038  3595 D vision ls: teleOpWhileLoop: lsFront position -50
02-10 23:16:31.142  3038  3595 D trayAngle: com.qualcomm.robotcore.hardware.ServoImplEx@5669835tray20.06106948852539heading
02-10 23:16:31.149  3038  3595 D vision ls: teleOpWhileLoop: lsFront position -50
02-10 23:16:31.163  3038  3595 D trayAngle: com.qualcomm.robotcore.hardware.ServoImplEx@5669835tray15.38321304321289heading
02-10 23:16:31.183  3038  3595 D vision ls: teleOpWhileLoop: lsFront position -50
02-10 23:16:31.195  3038  3595 D trayAngle: com.qualcomm.robotcore.hardware.ServoImplEx@5669835tray7.5311408042907715heading
02-10 23:16:31.222  3038  3595 D vision ls: teleOpWhileLoop: lsFront position -50
02-10 23:16:31.235  3038  3595 D trayAngle: com.qualcomm.robotcore.hardware.ServoImplEx@5669835tray-1.6074230670928955heading
02-10 23:16:31.261  3038  3595 D vision ls: teleOpWhileLoop: lsFront position -50
02-10 23:16:31.276  3038  3595 D trayAngle: com.qualcomm.robotcore.hardware.ServoImplEx@5669835tray-9.636495590209961heading
02-10 23:16:31.298  3038  3595 D vision ls: teleOpWhileLoop: lsFront position -50
02-10 23:16:31.311  3038  3595 D trayAngle: com.qualcomm.robotcore.hardware.ServoImplEx@5669835tray-14.405247688293457heading
02-10 23:16:31.318  3038  3595 D vision ls: teleOpWhileLoop: lsFront position -50
02-10 23:16:31.331  3038  3595 D trayAngle: com.qualcomm.robotcore.hardware.ServoImplEx@5669835tray-15.783659934997559heading
02-10 23:16:31.339  3038  3595 D vision ls: teleOpWhileLoop: lsFront position -50
02-10 23:16:31.351  3038  3595 D trayAngle: com.qualcomm.robotcore.hardware.ServoImplEx@5669835tray-16.595312118530273heading
02-10 23:16:31.360  3038  3595 D vision ls: teleOpWhileLoop: lsFront position -50
02-10 23:16:31.374  3038  3595 D trayAngle: com.qualcomm.robotcore.hardware.ServoImplEx@5669835tray-16.802759170532227heading
02-10 23:16:31.387  3038  3595 D vision ls: teleOpWhileLoop: lsFront position -50
02-10 23:16:31.406  3038  3595 D trayAngle: com.qualcomm.robotcore.hardware.ServoImplEx@5669835tray-16.661462783813477heading
02-10 23:16:31.420  3038  3595 D vision ls: teleOpWhileLoop: lsFront position -50
02-10 23:16:31.432  3038  3595 D trayAngle: com.qualcomm.robotcore.hardware.ServoImplEx@5669835tray-16.427873611450195heading
02-10 23:16:31.440  3038  3595 D vision ls: teleOpWhileLoop: lsFront position -50
02-10 23:16:31.452  3038  3595 D trayAngle: com.qualcomm.robotcore.hardware.ServoImplEx@5669835tray-16.915266036987305heading
02-10 23:16:31.463  3038  3595 D vision ls: teleOpWhileLoop: lsFront position -50
02-10 23:16:31.475  3038  3595 D trayAngle: com.qualcomm.robotcore.hardware.ServoImplEx@5669835tray-18.192466735839844heading
02-10 23:16:31.483  3038  3595 D vision ls: teleOpWhileLoop: lsFront position -50
02-10 23:16:31.495  3038  3595 D trayAngle: com.qualcomm.robotcore.hardware.ServoImplEx@5669835tray-19.819828033447266heading
02-10 23:16:31.508  3038  3595 D vision ls: teleOpWhileLoop: lsFront position -50
02-10 23:16:31.520  3038  3595 D trayAngle: com.qualcomm.robotcore.hardware.ServoImplEx@5669835tray-22.517290115356445heading
02-10 23:16:31.527  3038  3595 D vision ls: teleOpWhileLoop: lsFront position -50
02-10 23:16:31.540  3038  3595 D trayAngle: com.qualcomm.robotcore.hardware.ServoImplEx@5669835tray-25.26508140563965heading
02-10 23:16:31.545  3038  3047 D AprilTagDetectorJNI: Freeing april tag JNI context object
02-10 23:16:31.545  3038  3047 D AprilTagDetectorJNI: Freeing april tag detector
02-10 23:16:31.545  3038  3047 D AprilTagDetectorJNI: Freeing tag family tag36h11
02-10 23:16:31.545  3038  3047 D AprilTagDetectorJNI: Freed april tag JNI context object
02-10 23:16:31.548  3038  3595 D vision ls: teleOpWhileLoop: lsFront position -50
02-10 23:16:31.561  3038  3595 D trayAngle: com.qualcomm.robotcore.hardware.ServoImplEx@5669835tray-28.63097381591797heading
02-10 23:16:31.567  3038  3595 D vision ls: teleOpWhileLoop: lsFront position -50
02-10 23:16:31.578  3038  3595 D trayAngle: com.qualcomm.robotcore.hardware.ServoImplEx@5669835tray-31.916109085083008heading
02-10 23:16:31.584  3038  3595 D vision ls: teleOpWhileLoop: lsFront position -50
02-10 23:16:31.595  3038  3595 D trayAngle: com.qualcomm.robotcore.hardware.ServoImplEx@5669835tray-35.14466857910156heading
02-10 23:16:31.607  3038  3595 D vision ls: teleOpWhileLoop: lsFront position -50
02-10 23:16:31.626  3038  3595 D trayAngle: com.qualcomm.robotcore.hardware.ServoImplEx@5669835tray-41.19308090209961heading
02-10 23:16:31.633  3038  3595 D vision ls: teleOpWhileLoop: lsFront position -50
02-10 23:16:31.644  3038  3595 D trayAngle: com.qualcomm.robotcore.hardware.ServoImplEx@5669835tray-44.48170471191406heading
02-10 23:16:31.655  3038  3595 D vision ls: teleOpWhileLoop: lsFront position -50
02-10 23:16:31.665  3038  3595 D trayAngle: com.qualcomm.robotcore.hardware.ServoImplEx@5669835tray-48.52640914916992heading
02-10 23:16:31.672  3038  3595 D vision ls: teleOpWhileLoop: lsFront position -50
02-10 23:16:31.683  3038  3595 D trayAngle: com.qualcomm.robotcore.hardware.ServoImplEx@5669835tray-51.53858184814453heading
02-10 23:16:31.703  3038  3595 D vision ls: teleOpWhileLoop: lsFront position -50
02-10 23:16:31.713  3038  3595 D trayAngle: com.qualcomm.robotcore.hardware.ServoImplEx@5669835tray-56.320289611816406heading
02-10 23:16:31.734  3038  3595 D vision ls: teleOpWhileLoop: lsFront position -50
02-10 23:16:31.747  3038  3595 D trayAngle: com.qualcomm.robotcore.hardware.ServoImplEx@5669835tray-59.91108703613281heading
02-10 23:16:31.769  3038  3595 D vision ls: teleOpWhileLoop: lsFront position -50
02-10 23:16:31.780  3038  3595 D trayAngle: com.qualcomm.robotcore.hardware.ServoImplEx@5669835tray-61.45711898803711heading
02-10 23:16:31.793  3038  3595 D vision ls: teleOpWhileLoop: lsFront position -50
02-10 23:16:31.807  3038  3595 D trayAngle: com.qualcomm.robotcore.hardware.ServoImplEx@5669835tray-61.74334716796875heading
02-10 23:16:31.822  3038  3595 D vision ls: teleOpWhileLoop: lsFront position -50
02-10 23:16:31.833  3038  3595 D trayAngle: com.qualcomm.robotcore.hardware.ServoImplEx@5669835tray-61.574851989746094heading
02-10 23:16:31.843  3038  3595 D vision ls: teleOpWhileLoop: lsFront position -50
02-10 23:16:31.855  3038  3595 D trayAngle: com.qualcomm.robotcore.hardware.ServoImplEx@5669835tray-61.25898742675781heading
02-10 23:16:31.864  3038  3595 D vision ls: teleOpWhileLoop: lsFront position -50
02-10 23:16:31.875  3038  3595 D trayAngle: com.qualcomm.robotcore.hardware.ServoImplEx@5669835tray-61.088409423828125heading
02-10 23:16:31.884  3038  3595 D vision ls: teleOpWhileLoop: lsFront position -50
02-10 23:16:31.895  3038  3595 D trayAngle: com.qualcomm.robotcore.hardware.ServoImplEx@5669835tray-60.963016510009766heading
02-10 23:16:31.903  3038  3595 D vision ls: teleOpWhileLoop: lsFront position -50
02-10 23:16:31.914  3038  3595 D trayAngle: com.qualcomm.robotcore.hardware.ServoImplEx@5669835tray-60.92784118652344heading
02-10 23:16:31.923  3038  3595 D vision ls: teleOpWhileLoop: lsFront position -50
02-10 23:16:31.934  3038  3595 D trayAngle: com.qualcomm.robotcore.hardware.ServoImplEx@5669835tray-60.91294479370117heading
02-10 23:16:31.942  3038  3595 D vision ls: teleOpWhileLoop: lsFront position -51
02-10 23:16:31.953  3038  3595 D trayAngle: com.qualcomm.robotcore.hardware.ServoImplEx@5669835tray-60.93769073486328heading
02-10 23:16:31.963  3038  3595 D vision ls: teleOpWhileLoop: lsFront position -52
02-10 23:16:31.974  3038  3595 D trayAngle: com.qualcomm.robotcore.hardware.ServoImplEx@5669835tray-60.97343826293945heading
02-10 23:16:31.982  3038  3595 D vision ls: teleOpWhileLoop: lsFront position -53
02-10 23:16:31.992  3038  3595 D trayAngle: com.qualcomm.robotcore.hardware.ServoImplEx@5669835tray-60.979591369628906heading
02-10 23:16:32.002  3038  3595 D vision ls: teleOpWhileLoop: lsFront position -53
02-10 23:16:32.013  3038  3595 D trayAngle: com.qualcomm.robotcore.hardware.ServoImplEx@5669835tray-60.99019241333008heading
02-10 23:16:32.022  3038  3595 D vision ls: teleOpWhileLoop: lsFront position -53
02-10 23:16:32.033  3038  3595 D trayAngle: com.qualcomm.robotcore.hardware.ServoImplEx@5669835tray-60.97291946411133heading
02-10 23:16:32.042  3038  3595 D vision ls: teleOpWhileLoop: lsFront position -54
02-10 23:16:32.053  3038  3595 D trayAngle: com.qualcomm.robotcore.hardware.ServoImplEx@5669835tray-60.962066650390625heading
02-10 23:16:32.062  3038  3595 D vision ls: teleOpWhileLoop: lsFront position -55
02-10 23:16:32.074  3038  3595 D trayAngle: com.qualcomm.robotcore.hardware.ServoImplEx@5669835tray-60.96848678588867heading
02-10 23:16:32.085  3038  3595 D vision ls: teleOpWhileLoop: lsFront position -56
02-10 23:16:32.096  3038  3595 D trayAngle: com.qualcomm.robotcore.hardware.ServoImplEx@5669835tray-60.974647521972656heading
02-10 23:16:32.105  3038  3595 D vision ls: teleOpWhileLoop: lsFront position -56
02-10 23:16:32.116  3038  3595 D trayAngle: com.qualcomm.robotcore.hardware.ServoImplEx@5669835tray-60.983943939208984heading
02-10 23:16:32.125  3038  3595 D vision ls: teleOpWhileLoop: lsFront position -57
02-10 23:16:32.137  3038  3595 D trayAngle: com.qualcomm.robotcore.hardware.ServoImplEx@5669835tray-60.978851318359375heading
02-10 23:16:32.145  3038  3595 D vision ls: teleOpWhileLoop: lsFront position -59
02-10 23:16:32.156  3038  3595 D trayAngle: com.qualcomm.robotcore.hardware.ServoImplEx@5669835tray-60.97809982299805heading
02-10 23:16:32.164  3038  3595 D vision ls: teleOpWhileLoop: lsFront position -60
02-10 23:16:32.174  3038  3595 D trayAngle: com.qualcomm.robotcore.hardware.ServoImplEx@5669835tray-60.98741912841797heading
02-10 23:16:32.183  3038  3595 D vision ls: teleOpWhileLoop: lsFront position -61
02-10 23:16:32.193  3038  3595 D trayAngle: com.qualcomm.robotcore.hardware.ServoImplEx@5669835tray-60.98269271850586heading
02-10 23:16:32.203  3038  3595 D vision ls: teleOpWhileLoop: lsFront position -63
02-10 23:16:32.215  3038  3595 D trayAngle: com.qualcomm.robotcore.hardware.ServoImplEx@5669835tray-60.98874282836914heading
02-10 23:16:32.224  3038  3595 D vision ls: teleOpWhileLoop: lsFront position -64
02-10 23:16:32.235  3038  3595 D trayAngle: com.qualcomm.robotcore.hardware.ServoImplEx@5669835tray-60.98236083984375heading
02-10 23:16:32.255  3038  3595 D vision ls: teleOpWhileLoop: lsFront position -65
02-10 23:16:32.268  3038  3595 D trayAngle: com.qualcomm.robotcore.hardware.ServoImplEx@5669835tray-60.97079086303711heading
02-10 23:16:32.285  3038  3595 D vision ls: teleOpWhileLoop: lsFront position -65
02-10 23:16:32.299  3038  3595 D trayAngle: com.qualcomm.robotcore.hardware.ServoImplEx@5669835tray-60.96547317504883heading
02-10 23:16:32.329  3038  3595 D vision ls: teleOpWhileLoop: lsFront position -67
02-10 23:16:32.342  3038  3595 D trayAngle: com.qualcomm.robotcore.hardware.ServoImplEx@5669835tray-60.9760856628418heading
02-10 23:16:32.355  3038  3595 D vision ls: teleOpWhileLoop: lsFront position -67
02-10 23:16:32.369  3038  3595 D trayAngle: com.qualcomm.robotcore.hardware.ServoImplEx@5669835tray-60.9710807800293heading
02-10 23:16:32.376  3038  3595 D vision ls: teleOpWhileLoop: lsFront position -67
02-10 23:16:32.387  3038  3595 D trayAngle: com.qualcomm.robotcore.hardware.ServoImplEx@5669835tray-60.97541809082031heading
02-10 23:16:32.394  3038  3595 D vision ls: teleOpWhileLoop: lsFront position -68
02-10 23:16:32.406  3038  3595 D trayAngle: com.qualcomm.robotcore.hardware.ServoImplEx@5669835tray-60.97663879394531heading
02-10 23:16:32.416  3038  3595 D vision ls: teleOpWhileLoop: lsFront position -69
02-10 23:16:32.428  3038  3595 D trayAngle: com.qualcomm.robotcore.hardware.ServoImplEx@5669835tray-60.97978973388672heading
02-10 23:16:32.439  3038  3595 D vision ls: teleOpWhileLoop: lsFront position -70
02-10 23:16:32.450  3038  3595 D trayAngle: com.qualcomm.robotcore.hardware.ServoImplEx@5669835tray-60.97492218017578heading
02-10 23:16:32.459  3038  3595 D vision ls: teleOpWhileLoop: lsFront position -70
02-10 23:16:32.471  3038  3595 D trayAngle: com.qualcomm.robotcore.hardware.ServoImplEx@5669835tray-60.96841812133789heading
02-10 23:16:32.480  3038  3595 D vision ls: teleOpWhileLoop: lsFront position -71
02-10 23:16:32.492  3038  3595 D trayAngle: com.qualcomm.robotcore.hardware.ServoImplEx@5669835tray-60.974334716796875heading
02-10 23:16:32.500  3038  3595 D vision ls: teleOpWhileLoop: lsFront position -73
02-10 23:16:32.511  3038  3595 D trayAngle: com.qualcomm.robotcore.hardware.ServoImplEx@5669835tray-60.98358917236328heading
02-10 23:16:32.522  3038  3595 D vision ls: teleOpWhileLoop: lsFront position -73
